../Core/Src/main.c:80:5:main	8	static
../Core/Src/main.c:206:6:SystemClock_Config	160	static
../Core/Src/main.c:254:13:MX_ADC1_Init	48	static
../Core/Src/main.c:347:13:MX_ADC2_Init	32	static
../Core/Src/main.c:414:13:MX_I2C2_Init	8	static
../Core/Src/main.c:462:13:MX_SPI2_Init	8	static
../Core/Src/main.c:501:13:MX_USART2_UART_Init	8	static
../Core/Src/main.c:536:13:MX_GPIO_Init	48	static
../Core/Src/main.c:609:6:voltage_messung	24	static
../Core/Src/main.c:656:6:screen_validate	16	static
../Core/Src/main.c:691:6:send_msg	16	static
../Core/Src/main.c:701:6:Error_Handler	4	static,ignoring_inline_asm
