../Core/Src/main.c:79:5:main	8	static
../Core/Src/main.c:203:6:SystemClock_Config	160	static
../Core/Src/main.c:251:13:MX_ADC2_Init	32	static
../Core/Src/main.c:354:13:MX_I2C2_Init	8	static
../Core/Src/main.c:402:13:MX_SPI2_Init	8	static
../Core/Src/main.c:441:13:MX_USART2_UART_Init	8	static
../Core/Src/main.c:476:13:MX_GPIO_Init	48	static
../Core/Src/main.c:549:6:voltage_messung	24	static
../Core/Src/main.c:594:6:screen_validate	16	static
../Core/Src/main.c:629:6:send_msg	16	static
../Core/Src/main.c:639:6:Error_Handler	4	static,ignoring_inline_asm
