../Drivers/CMSIS/Include/core_cm4.h:1939:34:__NVIC_SystemReset	1
../Core/Src/main.c:105:5:main	5
../Core/Src/main.c:257:6:SystemClock_Config	4
../Core/Src/main.c:304:13:MX_ADC1_Init	6
../Core/Src/main.c:388:13:MX_ADC2_Init	3
../Core/Src/main.c:445:13:MX_SPI2_Init	2
../Core/Src/main.c:484:13:MX_USART2_UART_Init	2
../Core/Src/main.c:517:13:MX_DMA_Init	1
../Core/Src/main.c:535:13:MX_GPIO_Init	1
../Core/Src/main.c:600:6:screen_validate	6
../Core/Src/main.c:635:6:voltage_messung	8
../Core/Src/main.c:699:6:send_msg	1
../Core/Src/main.c:708:6:Error_Handler	1
