10:49:30 **** Incremental Build of configuration Debug for project 2025_02_18_Fast_Display ****
make -j12 all 
arm-none-eabi-gcc "../Core/Src/lcd.c" -mcpu=cortex-m4 -std=gnu11 -g3 -DDEBUG -DUSE_HAL_DRIVER -DSTM32F303xE -c -I../Core/Inc -I../Drivers/STM32F3xx_HAL_Driver/Inc -I../Drivers/STM32F3xx_HAL_Driver/Inc/Legacy -I../Drivers/CMSIS/Device/ST/STM32F3xx/Include -I../Drivers/CMSIS/Include -O0 -ffunction-sections -fdata-sections -Wall -fstack-usage -fcyclomatic-complexity -MMD -MP -MF"Core/Src/lcd.d" -MT"Core/Src/lcd.o" --specs=nano.specs -mfpu=fpv4-sp-d16 -mfloat-abi=hard -mthumb -o "Core/Src/lcd.o"
arm-none-eabi-gcc -o "2025_02_18_Fast_Display.elf" @"objects.list"   -mcpu=cortex-m4 -T"C:\Users\raj\Project\Project\Test\Display\2025_02_18_Fast_Display\STM32F303RETX_FLASH.ld" --specs=nosys.specs -Wl,-Map="2025_02_18_Fast_Display.map" -Wl,--gc-sections -static --specs=nano.specs -mfpu=fpv4-sp-d16 -mfloat-abi=hard -mthumb -Wl,--start-group -lc -lm -Wl,--end-group
Finished building target: 2025_02_18_Fast_Display.elf
 
arm-none-eabi-size  2025_02_18_Fast_Display.elf 
arm-none-eabi-objdump -h -S 2025_02_18_Fast_Display.elf  > "2025_02_18_Fast_Display.list"
   text	   data	    bss	    dec	    hex	filename
  15364	     92	   2036	  17492	   4454	2025_02_18_Fast_Display.elf
Finished building: default.size.stdout
 
Finished building: 2025_02_18_Fast_Display.list
 

10:49:30 Build Finished. 0 errors, 0 warnings. (took 803ms)

