15:12:21 **** Incremental Build of configuration Debug for project display ****
make -j12 all 
arm-none-eabi-gcc "../Core/Src/main.c" -mcpu=cortex-m4 -std=gnu11 -g3 -DDEBUG -DUSE_HAL_DRIVER -DSTM32F303xE -c -I../Core/Inc -I../Drivers/STM32F3xx_HAL_Driver/Inc -I../Drivers/STM32F3xx_HAL_Driver/Inc/Legacy -I../Drivers/CMSIS/Device/ST/STM32F3xx/Include -I../Drivers/CMSIS/Include -O0 -ffunction-sections -fdata-sections -Wall -fstack-usage -fcyclomatic-complexity -MMD -MP -MF"Core/Src/main.d" -MT"Core/Src/main.o" --specs=nano.specs -mfpu=fpv4-sp-d16 -mfloat-abi=hard -mthumb -o "Core/Src/main.o"
arm-none-eabi-gcc -o "display.elf" @"objects.list"   -mcpu=cortex-m4 -T"C:\Users\raj\Project\Project\Test\Display\display\STM32F303RETX_FLASH.ld" --specs=nosys.specs -Wl,-Map="display.map" -Wl,--gc-sections -static --specs=nano.specs -mfpu=fpv4-sp-d16 -mfloat-abi=hard -mthumb -Wl,--start-group -lc -lm -Wl,--end-group
Finished building target: display.elf
 
arm-none-eabi-size  display.elf 
arm-none-eabi-objdump -h -S display.elf  > "display.list"
   text	   data	    bss	    dec	    hex	filename
  12300	     12	   1708	  14020	   36c4	display.elf
Finished building: default.size.stdout
 
Finished building: display.list
 
15:12:24 **** Incremental Build of configuration Debug for project display ****
make -j12 all 
arm-none-eabi-size  display.elf 
   text	   data	    bss	    dec	    hex	filename
  12300	     12	   1708	  14020	   36c4	display.elf
Finished building: default.size.stdout
 
15:13:00 **** Incremental Build of configuration Debug for project display ****
make -j12 all 
arm-none-eabi-gcc "../Core/Src/main.c" -mcpu=cortex-m4 -std=gnu11 -g3 -DDEBUG -DUSE_HAL_DRIVER -DSTM32F303xE -c -I../Core/Inc -I../Drivers/STM32F3xx_HAL_Driver/Inc -I../Drivers/STM32F3xx_HAL_Driver/Inc/Legacy -I../Drivers/CMSIS/Device/ST/STM32F3xx/Include -I../Drivers/CMSIS/Include -O0 -ffunction-sections -fdata-sections -Wall -fstack-usage -fcyclomatic-complexity -MMD -MP -MF"Core/Src/main.d" -MT"Core/Src/main.o" --specs=nano.specs -mfpu=fpv4-sp-d16 -mfloat-abi=hard -mthumb -o "Core/Src/main.o"
arm-none-eabi-gcc -o "display.elf" @"objects.list"   -mcpu=cortex-m4 -T"C:\Users\raj\Project\Project\Test\Display\display\STM32F303RETX_FLASH.ld" --specs=nosys.specs -Wl,-Map="display.map" -Wl,--gc-sections -static --specs=nano.specs -mfpu=fpv4-sp-d16 -mfloat-abi=hard -mthumb -Wl,--start-group -lc -lm -Wl,--end-group
Finished building target: display.elf
 
arm-none-eabi-size  display.elf 
arm-none-eabi-objdump -h -S display.elf  > "display.list"
   text	   data	    bss	    dec	    hex	filename
  12300	     12	   1708	  14020	   36c4	display.elf
Finished building: default.size.stdout
 
Finished building: display.list
 
15:13:40 **** Incremental Build of configuration Debug for project display ****
make -j12 all 
arm-none-eabi-gcc "../Core/Src/main.c" -mcpu=cortex-m4 -std=gnu11 -g3 -DDEBUG -DUSE_HAL_DRIVER -DSTM32F303xE -c -I../Core/Inc -I../Drivers/STM32F3xx_HAL_Driver/Inc -I../Drivers/STM32F3xx_HAL_Driver/Inc/Legacy -I../Drivers/CMSIS/Device/ST/STM32F3xx/Include -I../Drivers/CMSIS/Include -O0 -ffunction-sections -fdata-sections -Wall -fstack-usage -fcyclomatic-complexity -MMD -MP -MF"Core/Src/main.d" -MT"Core/Src/main.o" --specs=nano.specs -mfpu=fpv4-sp-d16 -mfloat-abi=hard -mthumb -o "Core/Src/main.o"
arm-none-eabi-gcc -o "display.elf" @"objects.list"   -mcpu=cortex-m4 -T"C:\Users\raj\Project\Project\Test\Display\display\STM32F303RETX_FLASH.ld" --specs=nosys.specs -Wl,-Map="display.map" -Wl,--gc-sections -static --specs=nano.specs -mfpu=fpv4-sp-d16 -mfloat-abi=hard -mthumb -Wl,--start-group -lc -lm -Wl,--end-group
Finished building target: display.elf
 
arm-none-eabi-size  display.elf 
arm-none-eabi-objdump -h -S display.elf  > "display.list"
   text	   data	    bss	    dec	    hex	filename
  12300	     12	   1708	  14020	   36c4	display.elf
Finished building: default.size.stdout
 
Finished building: display.list
 
15:14:03 **** Incremental Build of configuration Debug for project display ****
make -j12 all 
arm-none-eabi-size  display.elf 
   text	   data	    bss	    dec	    hex	filename
  12300	     12	   1708	  14020	   36c4	display.elf
Finished building: default.size.stdout
 
15:14:34 **** Incremental Build of configuration Debug for project display ****
make -j12 all 
arm-none-eabi-gcc "../Core/Src/main.c" -mcpu=cortex-m4 -std=gnu11 -g3 -DDEBUG -DUSE_HAL_DRIVER -DSTM32F303xE -c -I../Core/Inc -I../Drivers/STM32F3xx_HAL_Driver/Inc -I../Drivers/STM32F3xx_HAL_Driver/Inc/Legacy -I../Drivers/CMSIS/Device/ST/STM32F3xx/Include -I../Drivers/CMSIS/Include -O0 -ffunction-sections -fdata-sections -Wall -fstack-usage -fcyclomatic-complexity -MMD -MP -MF"Core/Src/main.d" -MT"Core/Src/main.o" --specs=nano.specs -mfpu=fpv4-sp-d16 -mfloat-abi=hard -mthumb -o "Core/Src/main.o"
arm-none-eabi-gcc -o "display.elf" @"objects.list"   -mcpu=cortex-m4 -T"C:\Users\raj\Project\Project\Test\Display\display\STM32F303RETX_FLASH.ld" --specs=nosys.specs -Wl,-Map="display.map" -Wl,--gc-sections -static --specs=nano.specs -mfpu=fpv4-sp-d16 -mfloat-abi=hard -mthumb -Wl,--start-group -lc -lm -Wl,--end-group
Finished building target: display.elf
 
arm-none-eabi-size  display.elf 
arm-none-eabi-objdump -h -S display.elf  > "display.list"
   text	   data	    bss	    dec	    hex	filename
  12300	     12	   1708	  14020	   36c4	display.elf
Finished building: default.size.stdout
 
Finished building: display.list
 
15:14:57 **** Incremental Build of configuration Debug for project display ****
make -j12 all 
arm-none-eabi-size  display.elf 
   text	   data	    bss	    dec	    hex	filename
  12300	     12	   1708	  14020	   36c4	display.elf
Finished building: default.size.stdout
 
15:15:27 **** Incremental Build of configuration Debug for project display ****
make -j12 all 
arm-none-eabi-gcc "../Core/Src/main.c" -mcpu=cortex-m4 -std=gnu11 -g3 -DDEBUG -DUSE_HAL_DRIVER -DSTM32F303xE -c -I../Core/Inc -I../Drivers/STM32F3xx_HAL_Driver/Inc -I../Drivers/STM32F3xx_HAL_Driver/Inc/Legacy -I../Drivers/CMSIS/Device/ST/STM32F3xx/Include -I../Drivers/CMSIS/Include -O0 -ffunction-sections -fdata-sections -Wall -fstack-usage -fcyclomatic-complexity -MMD -MP -MF"Core/Src/main.d" -MT"Core/Src/main.o" --specs=nano.specs -mfpu=fpv4-sp-d16 -mfloat-abi=hard -mthumb -o "Core/Src/main.o"
arm-none-eabi-gcc -o "display.elf" @"objects.list"   -mcpu=cortex-m4 -T"C:\Users\raj\Project\Project\Test\Display\display\STM32F303RETX_FLASH.ld" --specs=nosys.specs -Wl,-Map="display.map" -Wl,--gc-sections -static --specs=nano.specs -mfpu=fpv4-sp-d16 -mfloat-abi=hard -mthumb -Wl,--start-group -lc -lm -Wl,--end-group
Finished building target: display.elf
 
arm-none-eabi-size  display.elf 
arm-none-eabi-objdump -h -S display.elf  > "display.list"
   text	   data	    bss	    dec	    hex	filename
  12312	     12	   1708	  14032	   36d0	display.elf
Finished building: default.size.stdout
 
Finished building: display.list
 
15:16:19 **** Incremental Build of configuration Debug for project display ****
make -j12 all 
arm-none-eabi-gcc "../Core/Src/main.c" -mcpu=cortex-m4 -std=gnu11 -g3 -DDEBUG -DUSE_HAL_DRIVER -DSTM32F303xE -c -I../Core/Inc -I../Drivers/STM32F3xx_HAL_Driver/Inc -I../Drivers/STM32F3xx_HAL_Driver/Inc/Legacy -I../Drivers/CMSIS/Device/ST/STM32F3xx/Include -I../Drivers/CMSIS/Include -O0 -ffunction-sections -fdata-sections -Wall -fstack-usage -fcyclomatic-complexity -MMD -MP -MF"Core/Src/main.d" -MT"Core/Src/main.o" --specs=nano.specs -mfpu=fpv4-sp-d16 -mfloat-abi=hard -mthumb -o "Core/Src/main.o"
arm-none-eabi-gcc -o "display.elf" @"objects.list"   -mcpu=cortex-m4 -T"C:\Users\raj\Project\Project\Test\Display\display\STM32F303RETX_FLASH.ld" --specs=nosys.specs -Wl,-Map="display.map" -Wl,--gc-sections -static --specs=nano.specs -mfpu=fpv4-sp-d16 -mfloat-abi=hard -mthumb -Wl,--start-group -lc -lm -Wl,--end-group
Finished building target: display.elf
 
arm-none-eabi-size  display.elf 
arm-none-eabi-objdump -h -S display.elf  > "display.list"
   text	   data	    bss	    dec	    hex	filename
  12312	     12	   1708	  14032	   36d0	display.elf
Finished building: default.size.stdout
 
Finished building: display.list
 
15:22:24 **** Incremental Build of configuration Debug for project display ****
make -j12 all 
arm-none-eabi-gcc "../Core/Src/main.c" -mcpu=cortex-m4 -std=gnu11 -g3 -DDEBUG -DUSE_HAL_DRIVER -DSTM32F303xE -c -I../Core/Inc -I../Drivers/STM32F3xx_HAL_Driver/Inc -I../Drivers/STM32F3xx_HAL_Driver/Inc/Legacy -I../Drivers/CMSIS/Device/ST/STM32F3xx/Include -I../Drivers/CMSIS/Include -O0 -ffunction-sections -fdata-sections -Wall -fstack-usage -fcyclomatic-complexity -MMD -MP -MF"Core/Src/main.d" -MT"Core/Src/main.o" --specs=nano.specs -mfpu=fpv4-sp-d16 -mfloat-abi=hard -mthumb -o "Core/Src/main.o"
arm-none-eabi-gcc -o "display.elf" @"objects.list"   -mcpu=cortex-m4 -T"C:\Users\raj\Project\Project\Test\Display\display\STM32F303RETX_FLASH.ld" --specs=nosys.specs -Wl,-Map="display.map" -Wl,--gc-sections -static --specs=nano.specs -mfpu=fpv4-sp-d16 -mfloat-abi=hard -mthumb -Wl,--start-group -lc -lm -Wl,--end-group
Finished building target: display.elf
 
arm-none-eabi-size  display.elf 
arm-none-eabi-objdump -h -S display.elf  > "display.list"
   text	   data	    bss	    dec	    hex	filename
  12312	     12	   1708	  14032	   36d0	display.elf
Finished building: default.size.stdout
 
Finished building: display.list
 
15:23:17 **** Incremental Build of configuration Debug for project display ****
make -j12 all 
arm-none-eabi-gcc "../Core/Src/main.c" -mcpu=cortex-m4 -std=gnu11 -g3 -DDEBUG -DUSE_HAL_DRIVER -DSTM32F303xE -c -I../Core/Inc -I../Drivers/STM32F3xx_HAL_Driver/Inc -I../Drivers/STM32F3xx_HAL_Driver/Inc/Legacy -I../Drivers/CMSIS/Device/ST/STM32F3xx/Include -I../Drivers/CMSIS/Include -O0 -ffunction-sections -fdata-sections -Wall -fstack-usage -fcyclomatic-complexity -MMD -MP -MF"Core/Src/main.d" -MT"Core/Src/main.o" --specs=nano.specs -mfpu=fpv4-sp-d16 -mfloat-abi=hard -mthumb -o "Core/Src/main.o"
arm-none-eabi-gcc -o "display.elf" @"objects.list"   -mcpu=cortex-m4 -T"C:\Users\raj\Project\Project\Test\Display\display\STM32F303RETX_FLASH.ld" --specs=nosys.specs -Wl,-Map="display.map" -Wl,--gc-sections -static --specs=nano.specs -mfpu=fpv4-sp-d16 -mfloat-abi=hard -mthumb -Wl,--start-group -lc -lm -Wl,--end-group
Finished building target: display.elf
 
arm-none-eabi-size  display.elf 
arm-none-eabi-objdump -h -S display.elf  > "display.list"
   text	   data	    bss	    dec	    hex	filename
  12360	     12	   1708	  14080	   3700	display.elf
Finished building: default.size.stdout
 
Finished building: display.list
 
15:24:05 **** Incremental Build of configuration Debug for project display ****
make -j12 all 
arm-none-eabi-gcc "../Core/Src/main.c" -mcpu=cortex-m4 -std=gnu11 -g3 -DDEBUG -DUSE_HAL_DRIVER -DSTM32F303xE -c -I../Core/Inc -I../Drivers/STM32F3xx_HAL_Driver/Inc -I../Drivers/STM32F3xx_HAL_Driver/Inc/Legacy -I../Drivers/CMSIS/Device/ST/STM32F3xx/Include -I../Drivers/CMSIS/Include -O0 -ffunction-sections -fdata-sections -Wall -fstack-usage -fcyclomatic-complexity -MMD -MP -MF"Core/Src/main.d" -MT"Core/Src/main.o" --specs=nano.specs -mfpu=fpv4-sp-d16 -mfloat-abi=hard -mthumb -o "Core/Src/main.o"
arm-none-eabi-gcc -o "display.elf" @"objects.list"   -mcpu=cortex-m4 -T"C:\Users\raj\Project\Project\Test\Display\display\STM32F303RETX_FLASH.ld" --specs=nosys.specs -Wl,-Map="display.map" -Wl,--gc-sections -static --specs=nano.specs -mfpu=fpv4-sp-d16 -mfloat-abi=hard -mthumb -Wl,--start-group -lc -lm -Wl,--end-group
Finished building target: display.elf
 
arm-none-eabi-size  display.elf 
arm-none-eabi-objdump -h -S display.elf  > "display.list"
   text	   data	    bss	    dec	    hex	filename
  12312	     12	   1708	  14032	   36d0	display.elf
Finished building: default.size.stdout
 
Finished building: display.list
 
15:24:24 **** Incremental Build of configuration Debug for project display ****
make -j12 all 
arm-none-eabi-gcc "../Core/Src/main.c" -mcpu=cortex-m4 -std=gnu11 -g3 -DDEBUG -DUSE_HAL_DRIVER -DSTM32F303xE -c -I../Core/Inc -I../Drivers/STM32F3xx_HAL_Driver/Inc -I../Drivers/STM32F3xx_HAL_Driver/Inc/Legacy -I../Drivers/CMSIS/Device/ST/STM32F3xx/Include -I../Drivers/CMSIS/Include -O0 -ffunction-sections -fdata-sections -Wall -fstack-usage -fcyclomatic-complexity -MMD -MP -MF"Core/Src/main.d" -MT"Core/Src/main.o" --specs=nano.specs -mfpu=fpv4-sp-d16 -mfloat-abi=hard -mthumb -o "Core/Src/main.o"
arm-none-eabi-gcc -o "display.elf" @"objects.list"   -mcpu=cortex-m4 -T"C:\Users\raj\Project\Project\Test\Display\display\STM32F303RETX_FLASH.ld" --specs=nosys.specs -Wl,-Map="display.map" -Wl,--gc-sections -static --specs=nano.specs -mfpu=fpv4-sp-d16 -mfloat-abi=hard -mthumb -Wl,--start-group -lc -lm -Wl,--end-group
Finished building target: display.elf
 
arm-none-eabi-size  display.elf 
arm-none-eabi-objdump -h -S display.elf  > "display.list"
   text	   data	    bss	    dec	    hex	filename
  12312	     12	   1708	  14032	   36d0	display.elf
Finished building: default.size.stdout
 
Finished building: display.list
 
15:24:56 **** Incremental Build of configuration Debug for project display ****
make -j12 all 
arm-none-eabi-gcc "../Core/Src/main.c" -mcpu=cortex-m4 -std=gnu11 -g3 -DDEBUG -DUSE_HAL_DRIVER -DSTM32F303xE -c -I../Core/Inc -I../Drivers/STM32F3xx_HAL_Driver/Inc -I../Drivers/STM32F3xx_HAL_Driver/Inc/Legacy -I../Drivers/CMSIS/Device/ST/STM32F3xx/Include -I../Drivers/CMSIS/Include -O0 -ffunction-sections -fdata-sections -Wall -fstack-usage -fcyclomatic-complexity -MMD -MP -MF"Core/Src/main.d" -MT"Core/Src/main.o" --specs=nano.specs -mfpu=fpv4-sp-d16 -mfloat-abi=hard -mthumb -o "Core/Src/main.o"
arm-none-eabi-gcc -o "display.elf" @"objects.list"   -mcpu=cortex-m4 -T"C:\Users\raj\Project\Project\Test\Display\display\STM32F303RETX_FLASH.ld" --specs=nosys.specs -Wl,-Map="display.map" -Wl,--gc-sections -static --specs=nano.specs -mfpu=fpv4-sp-d16 -mfloat-abi=hard -mthumb -Wl,--start-group -lc -lm -Wl,--end-group
Finished building target: display.elf
 
arm-none-eabi-size  display.elf 
arm-none-eabi-objdump -h -S display.elf  > "display.list"
   text	   data	    bss	    dec	    hex	filename
  12312	     12	   1708	  14032	   36d0	display.elf
Finished building: default.size.stdout
 
Finished building: display.list
 
15:25:26 **** Incremental Build of configuration Debug for project display ****
make -j12 all 
arm-none-eabi-gcc "../Core/Src/main.c" -mcpu=cortex-m4 -std=gnu11 -g3 -DDEBUG -DUSE_HAL_DRIVER -DSTM32F303xE -c -I../Core/Inc -I../Drivers/STM32F3xx_HAL_Driver/Inc -I../Drivers/STM32F3xx_HAL_Driver/Inc/Legacy -I../Drivers/CMSIS/Device/ST/STM32F3xx/Include -I../Drivers/CMSIS/Include -O0 -ffunction-sections -fdata-sections -Wall -fstack-usage -fcyclomatic-complexity -MMD -MP -MF"Core/Src/main.d" -MT"Core/Src/main.o" --specs=nano.specs -mfpu=fpv4-sp-d16 -mfloat-abi=hard -mthumb -o "Core/Src/main.o"
arm-none-eabi-gcc -o "display.elf" @"objects.list"   -mcpu=cortex-m4 -T"C:\Users\raj\Project\Project\Test\Display\display\STM32F303RETX_FLASH.ld" --specs=nosys.specs -Wl,-Map="display.map" -Wl,--gc-sections -static --specs=nano.specs -mfpu=fpv4-sp-d16 -mfloat-abi=hard -mthumb -Wl,--start-group -lc -lm -Wl,--end-group
Finished building target: display.elf
 
arm-none-eabi-size  display.elf 
arm-none-eabi-objdump -h -S display.elf  > "display.list"
   text	   data	    bss	    dec	    hex	filename
  12312	     12	   1708	  14032	   36d0	display.elf
Finished building: default.size.stdout
 
Finished building: display.list
 
15:26:06 **** Incremental Build of configuration Debug for project display ****
make -j12 all 
arm-none-eabi-gcc "../Core/Src/main.c" -mcpu=cortex-m4 -std=gnu11 -g3 -DDEBUG -DUSE_HAL_DRIVER -DSTM32F303xE -c -I../Core/Inc -I../Drivers/STM32F3xx_HAL_Driver/Inc -I../Drivers/STM32F3xx_HAL_Driver/Inc/Legacy -I../Drivers/CMSIS/Device/ST/STM32F3xx/Include -I../Drivers/CMSIS/Include -O0 -ffunction-sections -fdata-sections -Wall -fstack-usage -fcyclomatic-complexity -MMD -MP -MF"Core/Src/main.d" -MT"Core/Src/main.o" --specs=nano.specs -mfpu=fpv4-sp-d16 -mfloat-abi=hard -mthumb -o "Core/Src/main.o"
arm-none-eabi-gcc -o "display.elf" @"objects.list"   -mcpu=cortex-m4 -T"C:\Users\raj\Project\Project\Test\Display\display\STM32F303RETX_FLASH.ld" --specs=nosys.specs -Wl,-Map="display.map" -Wl,--gc-sections -static --specs=nano.specs -mfpu=fpv4-sp-d16 -mfloat-abi=hard -mthumb -Wl,--start-group -lc -lm -Wl,--end-group
Finished building target: display.elf
 
arm-none-eabi-size  display.elf 
arm-none-eabi-objdump -h -S display.elf  > "display.list"
   text	   data	    bss	    dec	    hex	filename
  12312	     12	   1708	  14032	   36d0	display.elf
Finished building: default.size.stdout
 
Finished building: display.list
 
15:26:32 **** Incremental Build of configuration Debug for project display ****
make -j12 all 
arm-none-eabi-gcc "../Core/Src/main.c" -mcpu=cortex-m4 -std=gnu11 -g3 -DDEBUG -DUSE_HAL_DRIVER -DSTM32F303xE -c -I../Core/Inc -I../Drivers/STM32F3xx_HAL_Driver/Inc -I../Drivers/STM32F3xx_HAL_Driver/Inc/Legacy -I../Drivers/CMSIS/Device/ST/STM32F3xx/Include -I../Drivers/CMSIS/Include -O0 -ffunction-sections -fdata-sections -Wall -fstack-usage -fcyclomatic-complexity -MMD -MP -MF"Core/Src/main.d" -MT"Core/Src/main.o" --specs=nano.specs -mfpu=fpv4-sp-d16 -mfloat-abi=hard -mthumb -o "Core/Src/main.o"
arm-none-eabi-gcc -o "display.elf" @"objects.list"   -mcpu=cortex-m4 -T"C:\Users\raj\Project\Project\Test\Display\display\STM32F303RETX_FLASH.ld" --specs=nosys.specs -Wl,-Map="display.map" -Wl,--gc-sections -static --specs=nano.specs -mfpu=fpv4-sp-d16 -mfloat-abi=hard -mthumb -Wl,--start-group -lc -lm -Wl,--end-group
Finished building target: display.elf
 
arm-none-eabi-size  display.elf 
arm-none-eabi-objdump -h -S display.elf  > "display.list"
   text	   data	    bss	    dec	    hex	filename
  12312	     12	   1708	  14032	   36d0	display.elf
Finished building: default.size.stdout
 
Finished building: display.list
 
15:27:16 **** Incremental Build of configuration Debug for project display ****
make -j12 all 
arm-none-eabi-gcc "../Core/Src/main.c" -mcpu=cortex-m4 -std=gnu11 -g3 -DDEBUG -DUSE_HAL_DRIVER -DSTM32F303xE -c -I../Core/Inc -I../Drivers/STM32F3xx_HAL_Driver/Inc -I../Drivers/STM32F3xx_HAL_Driver/Inc/Legacy -I../Drivers/CMSIS/Device/ST/STM32F3xx/Include -I../Drivers/CMSIS/Include -O0 -ffunction-sections -fdata-sections -Wall -fstack-usage -fcyclomatic-complexity -MMD -MP -MF"Core/Src/main.d" -MT"Core/Src/main.o" --specs=nano.specs -mfpu=fpv4-sp-d16 -mfloat-abi=hard -mthumb -o "Core/Src/main.o"
arm-none-eabi-gcc -o "display.elf" @"objects.list"   -mcpu=cortex-m4 -T"C:\Users\raj\Project\Project\Test\Display\display\STM32F303RETX_FLASH.ld" --specs=nosys.specs -Wl,-Map="display.map" -Wl,--gc-sections -static --specs=nano.specs -mfpu=fpv4-sp-d16 -mfloat-abi=hard -mthumb -Wl,--start-group -lc -lm -Wl,--end-group
Finished building target: display.elf
 
arm-none-eabi-size  display.elf 
arm-none-eabi-objdump -h -S display.elf  > "display.list"
   text	   data	    bss	    dec	    hex	filename
  12312	     12	   1708	  14032	   36d0	display.elf
Finished building: default.size.stdout
 
Finished building: display.list
 
15:50:31 **** Incremental Build of configuration Debug for project display ****
make -j12 all 
arm-none-eabi-size  display.elf 
   text	   data	    bss	    dec	    hex	filename
  12312	     12	   1708	  14032	   36d0	display.elf
Finished building: default.size.stdout
 
15:50:58 **** Incremental Build of configuration Debug for project display ****
make -j12 all 
arm-none-eabi-size  display.elf 
   text	   data	    bss	    dec	    hex	filename
  12312	     12	   1708	  14032	   36d0	display.elf
Finished building: default.size.stdout
 
16:01:32 **** Incremental Build of configuration Debug for project display ****
make -j12 all 
arm-none-eabi-gcc "../Core/Src/main.c" -mcpu=cortex-m4 -std=gnu11 -g3 -DDEBUG -DUSE_HAL_DRIVER -DSTM32F303xE -c -I../Core/Inc -I../Drivers/STM32F3xx_HAL_Driver/Inc -I../Drivers/STM32F3xx_HAL_Driver/Inc/Legacy -I../Drivers/CMSIS/Device/ST/STM32F3xx/Include -I../Drivers/CMSIS/Include -O0 -ffunction-sections -fdata-sections -Wall -fstack-usage -fcyclomatic-complexity -MMD -MP -MF"Core/Src/main.d" -MT"Core/Src/main.o" --specs=nano.specs -mfpu=fpv4-sp-d16 -mfloat-abi=hard -mthumb -o "Core/Src/main.o"
arm-none-eabi-gcc -o "display.elf" @"objects.list"   -mcpu=cortex-m4 -T"C:\Users\raj\Project\Project\Test\Display\display\STM32F303RETX_FLASH.ld" --specs=nosys.specs -Wl,-Map="display.map" -Wl,--gc-sections -static --specs=nano.specs -mfpu=fpv4-sp-d16 -mfloat-abi=hard -mthumb -Wl,--start-group -lc -lm -Wl,--end-group
Finished building target: display.elf
 
arm-none-eabi-size  display.elf 
arm-none-eabi-objdump -h -S display.elf  > "display.list"
   text	   data	    bss	    dec	    hex	filename
  12344	     12	   1708	  14064	   36f0	display.elf
Finished building: default.size.stdout
 
Finished building: display.list
 
16:02:06 **** Incremental Build of configuration Debug for project display ****
make -j12 all 
arm-none-eabi-gcc "../Core/Src/main.c" -mcpu=cortex-m4 -std=gnu11 -g3 -DDEBUG -DUSE_HAL_DRIVER -DSTM32F303xE -c -I../Core/Inc -I../Drivers/STM32F3xx_HAL_Driver/Inc -I../Drivers/STM32F3xx_HAL_Driver/Inc/Legacy -I../Drivers/CMSIS/Device/ST/STM32F3xx/Include -I../Drivers/CMSIS/Include -O0 -ffunction-sections -fdata-sections -Wall -fstack-usage -fcyclomatic-complexity -MMD -MP -MF"Core/Src/main.d" -MT"Core/Src/main.o" --specs=nano.specs -mfpu=fpv4-sp-d16 -mfloat-abi=hard -mthumb -o "Core/Src/main.o"
arm-none-eabi-gcc -o "display.elf" @"objects.list"   -mcpu=cortex-m4 -T"C:\Users\raj\Project\Project\Test\Display\display\STM32F303RETX_FLASH.ld" --specs=nosys.specs -Wl,-Map="display.map" -Wl,--gc-sections -static --specs=nano.specs -mfpu=fpv4-sp-d16 -mfloat-abi=hard -mthumb -Wl,--start-group -lc -lm -Wl,--end-group
Finished building target: display.elf
 
arm-none-eabi-size  display.elf 
arm-none-eabi-objdump -h -S display.elf  > "display.list"
   text	   data	    bss	    dec	    hex	filename
  12304	     12	   1708	  14024	   36c8	display.elf
Finished building: default.size.stdout
 
Finished building: display.list
 
16:02:20 **** Incremental Build of configuration Debug for project display ****
make -j12 all 
arm-none-eabi-gcc "../Core/Src/main.c" -mcpu=cortex-m4 -std=gnu11 -g3 -DDEBUG -DUSE_HAL_DRIVER -DSTM32F303xE -c -I../Core/Inc -I../Drivers/STM32F3xx_HAL_Driver/Inc -I../Drivers/STM32F3xx_HAL_Driver/Inc/Legacy -I../Drivers/CMSIS/Device/ST/STM32F3xx/Include -I../Drivers/CMSIS/Include -O0 -ffunction-sections -fdata-sections -Wall -fstack-usage -fcyclomatic-complexity -MMD -MP -MF"Core/Src/main.d" -MT"Core/Src/main.o" --specs=nano.specs -mfpu=fpv4-sp-d16 -mfloat-abi=hard -mthumb -o "Core/Src/main.o"
arm-none-eabi-gcc -o "display.elf" @"objects.list"   -mcpu=cortex-m4 -T"C:\Users\raj\Project\Project\Test\Display\display\STM32F303RETX_FLASH.ld" --specs=nosys.specs -Wl,-Map="display.map" -Wl,--gc-sections -static --specs=nano.specs -mfpu=fpv4-sp-d16 -mfloat-abi=hard -mthumb -Wl,--start-group -lc -lm -Wl,--end-group
Finished building target: display.elf
 
arm-none-eabi-size  display.elf 
arm-none-eabi-objdump -h -S display.elf  > "display.list"
   text	   data	    bss	    dec	    hex	filename
  12296	     12	   1708	  14016	   36c0	display.elf
Finished building: default.size.stdout
 
Finished building: display.list
 
16:04:03 **** Incremental Build of configuration Debug for project display ****
make -j12 all 
arm-none-eabi-size  display.elf 
   text	   data	    bss	    dec	    hex	filename
  12296	     12	   1708	  14016	   36c0	display.elf
Finished building: default.size.stdout
 
16:11:35 **** Incremental Build of configuration Debug for project display ****
make -j12 all 
arm-none-eabi-size  display.elf 
   text	   data	    bss	    dec	    hex	filename
  12296	     12	   1708	  14016	   36c0	display.elf
Finished building: default.size.stdout
 
16:12:49 **** Incremental Build of configuration Debug for project display ****
make -j12 all 
arm-none-eabi-gcc "../Core/Src/main.c" -mcpu=cortex-m4 -std=gnu11 -g3 -DDEBUG -DUSE_HAL_DRIVER -DSTM32F303xE -c -I../Core/Inc -I../Drivers/STM32F3xx_HAL_Driver/Inc -I../Drivers/STM32F3xx_HAL_Driver/Inc/Legacy -I../Drivers/CMSIS/Device/ST/STM32F3xx/Include -I../Drivers/CMSIS/Include -O0 -ffunction-sections -fdata-sections -Wall -fstack-usage -fcyclomatic-complexity -MMD -MP -MF"Core/Src/main.d" -MT"Core/Src/main.o" --specs=nano.specs -mfpu=fpv4-sp-d16 -mfloat-abi=hard -mthumb -o "Core/Src/main.o"
arm-none-eabi-gcc -o "display.elf" @"objects.list"   -mcpu=cortex-m4 -T"C:\Users\raj\Project\Project\Test\Display\display\STM32F303RETX_FLASH.ld" --specs=nosys.specs -Wl,-Map="display.map" -Wl,--gc-sections -static --specs=nano.specs -mfpu=fpv4-sp-d16 -mfloat-abi=hard -mthumb -Wl,--start-group -lc -lm -Wl,--end-group
Finished building target: display.elf
 
arm-none-eabi-size  display.elf 
arm-none-eabi-objdump -h -S display.elf  > "display.list"
   text	   data	    bss	    dec	    hex	filename
  12304	     12	   1708	  14024	   36c8	display.elf
Finished building: default.size.stdout
 
Finished building: display.list
 
16:14:20 **** Incremental Build of configuration Debug for project display ****
make -j12 all 
arm-none-eabi-gcc "../Core/Src/main.c" -mcpu=cortex-m4 -std=gnu11 -g3 -DDEBUG -DUSE_HAL_DRIVER -DSTM32F303xE -c -I../Core/Inc -I../Drivers/STM32F3xx_HAL_Driver/Inc -I../Drivers/STM32F3xx_HAL_Driver/Inc/Legacy -I../Drivers/CMSIS/Device/ST/STM32F3xx/Include -I../Drivers/CMSIS/Include -O0 -ffunction-sections -fdata-sections -Wall -fstack-usage -fcyclomatic-complexity -MMD -MP -MF"Core/Src/main.d" -MT"Core/Src/main.o" --specs=nano.specs -mfpu=fpv4-sp-d16 -mfloat-abi=hard -mthumb -o "Core/Src/main.o"
arm-none-eabi-gcc -o "display.elf" @"objects.list"   -mcpu=cortex-m4 -T"C:\Users\raj\Project\Project\Test\Display\display\STM32F303RETX_FLASH.ld" --specs=nosys.specs -Wl,-Map="display.map" -Wl,--gc-sections -static --specs=nano.specs -mfpu=fpv4-sp-d16 -mfloat-abi=hard -mthumb -Wl,--start-group -lc -lm -Wl,--end-group
Finished building target: display.elf
 
arm-none-eabi-size  display.elf 
arm-none-eabi-objdump -h -S display.elf  > "display.list"
   text	   data	    bss	    dec	    hex	filename
  12296	     12	   1708	  14016	   36c0	display.elf
Finished building: default.size.stdout
 
Finished building: display.list
 
16:14:57 **** Incremental Build of configuration Debug for project display ****
make -j12 all 
arm-none-eabi-gcc "../Core/Src/main.c" -mcpu=cortex-m4 -std=gnu11 -g3 -DDEBUG -DUSE_HAL_DRIVER -DSTM32F303xE -c -I../Core/Inc -I../Drivers/STM32F3xx_HAL_Driver/Inc -I../Drivers/STM32F3xx_HAL_Driver/Inc/Legacy -I../Drivers/CMSIS/Device/ST/STM32F3xx/Include -I../Drivers/CMSIS/Include -O0 -ffunction-sections -fdata-sections -Wall -fstack-usage -fcyclomatic-complexity -MMD -MP -MF"Core/Src/main.d" -MT"Core/Src/main.o" --specs=nano.specs -mfpu=fpv4-sp-d16 -mfloat-abi=hard -mthumb -o "Core/Src/main.o"
arm-none-eabi-gcc -o "display.elf" @"objects.list"   -mcpu=cortex-m4 -T"C:\Users\raj\Project\Project\Test\Display\display\STM32F303RETX_FLASH.ld" --specs=nosys.specs -Wl,-Map="display.map" -Wl,--gc-sections -static --specs=nano.specs -mfpu=fpv4-sp-d16 -mfloat-abi=hard -mthumb -Wl,--start-group -lc -lm -Wl,--end-group
Finished building target: display.elf
 
arm-none-eabi-size  display.elf 
arm-none-eabi-objdump -h -S display.elf  > "display.list"
   text	   data	    bss	    dec	    hex	filename
  12300	     12	   1708	  14020	   36c4	display.elf
Finished building: default.size.stdout
 
Finished building: display.list
 
16:15:56 **** Incremental Build of configuration Debug for project display ****
make -j12 all 
arm-none-eabi-gcc "../Core/Src/main.c" -mcpu=cortex-m4 -std=gnu11 -g3 -DDEBUG -DUSE_HAL_DRIVER -DSTM32F303xE -c -I../Core/Inc -I../Drivers/STM32F3xx_HAL_Driver/Inc -I../Drivers/STM32F3xx_HAL_Driver/Inc/Legacy -I../Drivers/CMSIS/Device/ST/STM32F3xx/Include -I../Drivers/CMSIS/Include -O0 -ffunction-sections -fdata-sections -Wall -fstack-usage -fcyclomatic-complexity -MMD -MP -MF"Core/Src/main.d" -MT"Core/Src/main.o" --specs=nano.specs -mfpu=fpv4-sp-d16 -mfloat-abi=hard -mthumb -o "Core/Src/main.o"
arm-none-eabi-gcc -o "display.elf" @"objects.list"   -mcpu=cortex-m4 -T"C:\Users\raj\Project\Project\Test\Display\display\STM32F303RETX_FLASH.ld" --specs=nosys.specs -Wl,-Map="display.map" -Wl,--gc-sections -static --specs=nano.specs -mfpu=fpv4-sp-d16 -mfloat-abi=hard -mthumb -Wl,--start-group -lc -lm -Wl,--end-group
Finished building target: display.elf
 
arm-none-eabi-size  display.elf 
arm-none-eabi-objdump -h -S display.elf  > "display.list"
   text	   data	    bss	    dec	    hex	filename
  12296	     12	   1708	  14016	   36c0	display.elf
Finished building: default.size.stdout
 
Finished building: display.list
 
16:16:12 **** Incremental Build of configuration Debug for project display ****
make -j12 all 
arm-none-eabi-size  display.elf 
   text	   data	    bss	    dec	    hex	filename
  12296	     12	   1708	  14016	   36c0	display.elf
Finished building: default.size.stdout
 
08:56:04 **** Incremental Build of configuration Debug for project display ****
make -j12 all 
arm-none-eabi-gcc "../Core/Src/main.c" -mcpu=cortex-m4 -std=gnu11 -g3 -DDEBUG -DUSE_HAL_DRIVER -DSTM32F303xE -c -I../Core/Inc -I../Drivers/STM32F3xx_HAL_Driver/Inc -I../Drivers/STM32F3xx_HAL_Driver/Inc/Legacy -I../Drivers/CMSIS/Device/ST/STM32F3xx/Include -I../Drivers/CMSIS/Include -O0 -ffunction-sections -fdata-sections -Wall -fstack-usage -fcyclomatic-complexity -MMD -MP -MF"Core/Src/main.d" -MT"Core/Src/main.o" --specs=nano.specs -mfpu=fpv4-sp-d16 -mfloat-abi=hard -mthumb -o "Core/Src/main.o"
arm-none-eabi-gcc -o "display.elf" @"objects.list"   -mcpu=cortex-m4 -T"C:\Users\raj\Project\Project\Test\Display\display\STM32F303RETX_FLASH.ld" --specs=nosys.specs -Wl,-Map="display.map" -Wl,--gc-sections -static --specs=nano.specs -mfpu=fpv4-sp-d16 -mfloat-abi=hard -mthumb -Wl,--start-group -lc -lm -Wl,--end-group
Finished building target: display.elf
 
arm-none-eabi-size  display.elf 
arm-none-eabi-objdump -h -S display.elf  > "display.list"
   text	   data	    bss	    dec	    hex	filename
  12316	     12	   1708	  14036	   36d4	display.elf
Finished building: default.size.stdout
 
Finished building: display.list
 
09:02:35 **** Incremental Build of configuration Debug for project display ****
make -j12 all 
arm-none-eabi-gcc "../Core/Src/main.c" -mcpu=cortex-m4 -std=gnu11 -g3 -DDEBUG -DUSE_HAL_DRIVER -DSTM32F303xE -c -I../Core/Inc -I../Drivers/STM32F3xx_HAL_Driver/Inc -I../Drivers/STM32F3xx_HAL_Driver/Inc/Legacy -I../Drivers/CMSIS/Device/ST/STM32F3xx/Include -I../Drivers/CMSIS/Include -O0 -ffunction-sections -fdata-sections -Wall -fstack-usage -fcyclomatic-complexity -MMD -MP -MF"Core/Src/main.d" -MT"Core/Src/main.o" --specs=nano.specs -mfpu=fpv4-sp-d16 -mfloat-abi=hard -mthumb -o "Core/Src/main.o"
arm-none-eabi-gcc -o "display.elf" @"objects.list"   -mcpu=cortex-m4 -T"C:\Users\raj\Project\Project\Test\Display\display\STM32F303RETX_FLASH.ld" --specs=nosys.specs -Wl,-Map="display.map" -Wl,--gc-sections -static --specs=nano.specs -mfpu=fpv4-sp-d16 -mfloat-abi=hard -mthumb -Wl,--start-group -lc -lm -Wl,--end-group
Finished building target: display.elf
 
arm-none-eabi-size  display.elf 
arm-none-eabi-objdump -h -S display.elf  > "display.list"
   text	   data	    bss	    dec	    hex	filename
  12304	     12	   1708	  14024	   36c8	display.elf
Finished building: default.size.stdout
 
Finished building: display.list
 
09:03:15 **** Incremental Build of configuration Debug for project display ****
make -j12 all 
arm-none-eabi-gcc "../Core/Src/main.c" -mcpu=cortex-m4 -std=gnu11 -g3 -DDEBUG -DUSE_HAL_DRIVER -DSTM32F303xE -c -I../Core/Inc -I../Drivers/STM32F3xx_HAL_Driver/Inc -I../Drivers/STM32F3xx_HAL_Driver/Inc/Legacy -I../Drivers/CMSIS/Device/ST/STM32F3xx/Include -I../Drivers/CMSIS/Include -O0 -ffunction-sections -fdata-sections -Wall -fstack-usage -fcyclomatic-complexity -MMD -MP -MF"Core/Src/main.d" -MT"Core/Src/main.o" --specs=nano.specs -mfpu=fpv4-sp-d16 -mfloat-abi=hard -mthumb -o "Core/Src/main.o"
arm-none-eabi-gcc -o "display.elf" @"objects.list"   -mcpu=cortex-m4 -T"C:\Users\raj\Project\Project\Test\Display\display\STM32F303RETX_FLASH.ld" --specs=nosys.specs -Wl,-Map="display.map" -Wl,--gc-sections -static --specs=nano.specs -mfpu=fpv4-sp-d16 -mfloat-abi=hard -mthumb -Wl,--start-group -lc -lm -Wl,--end-group
Finished building target: display.elf
 
arm-none-eabi-size  display.elf 
arm-none-eabi-objdump -h -S display.elf  > "display.list"
   text	   data	    bss	    dec	    hex	filename
  12316	     12	   1708	  14036	   36d4	display.elf
Finished building: default.size.stdout
 
Finished building: display.list
 
09:15:19 **** Incremental Build of configuration Debug for project display ****
make -j12 all 
arm-none-eabi-gcc "../Core/Src/main.c" -mcpu=cortex-m4 -std=gnu11 -g3 -DDEBUG -DUSE_HAL_DRIVER -DSTM32F303xE -c -I../Core/Inc -I../Drivers/STM32F3xx_HAL_Driver/Inc -I../Drivers/STM32F3xx_HAL_Driver/Inc/Legacy -I../Drivers/CMSIS/Device/ST/STM32F3xx/Include -I../Drivers/CMSIS/Include -O0 -ffunction-sections -fdata-sections -Wall -fstack-usage -fcyclomatic-complexity -MMD -MP -MF"Core/Src/main.d" -MT"Core/Src/main.o" --specs=nano.specs -mfpu=fpv4-sp-d16 -mfloat-abi=hard -mthumb -o "Core/Src/main.o"
arm-none-eabi-gcc -o "display.elf" @"objects.list"   -mcpu=cortex-m4 -T"C:\Users\raj\Project\Project\Test\Display\display\STM32F303RETX_FLASH.ld" --specs=nosys.specs -Wl,-Map="display.map" -Wl,--gc-sections -static --specs=nano.specs -mfpu=fpv4-sp-d16 -mfloat-abi=hard -mthumb -Wl,--start-group -lc -lm -Wl,--end-group
Finished building target: display.elf
 
arm-none-eabi-size  display.elf 
arm-none-eabi-objdump -h -S display.elf  > "display.list"
   text	   data	    bss	    dec	    hex	filename
  12332	     12	   1708	  14052	   36e4	display.elf
Finished building: default.size.stdout
 
Finished building: display.list
 
09:17:13 **** Incremental Build of configuration Debug for project display ****
make -j12 all 
arm-none-eabi-gcc "../Core/Src/main.c" -mcpu=cortex-m4 -std=gnu11 -g3 -DDEBUG -DUSE_HAL_DRIVER -DSTM32F303xE -c -I../Core/Inc -I../Drivers/STM32F3xx_HAL_Driver/Inc -I../Drivers/STM32F3xx_HAL_Driver/Inc/Legacy -I../Drivers/CMSIS/Device/ST/STM32F3xx/Include -I../Drivers/CMSIS/Include -O0 -ffunction-sections -fdata-sections -Wall -fstack-usage -fcyclomatic-complexity -MMD -MP -MF"Core/Src/main.d" -MT"Core/Src/main.o" --specs=nano.specs -mfpu=fpv4-sp-d16 -mfloat-abi=hard -mthumb -o "Core/Src/main.o"
arm-none-eabi-gcc -o "display.elf" @"objects.list"   -mcpu=cortex-m4 -T"C:\Users\raj\Project\Project\Test\Display\display\STM32F303RETX_FLASH.ld" --specs=nosys.specs -Wl,-Map="display.map" -Wl,--gc-sections -static --specs=nano.specs -mfpu=fpv4-sp-d16 -mfloat-abi=hard -mthumb -Wl,--start-group -lc -lm -Wl,--end-group
Finished building target: display.elf
 
arm-none-eabi-size  display.elf 
arm-none-eabi-objdump -h -S display.elf  > "display.list"
   text	   data	    bss	    dec	    hex	filename
  12332	     12	   1708	  14052	   36e4	display.elf
Finished building: default.size.stdout
 
Finished building: display.list
 
09:24:10 **** Incremental Build of configuration Debug for project display ****
make -j12 all 
arm-none-eabi-gcc "../Core/Src/main.c" -mcpu=cortex-m4 -std=gnu11 -g3 -DDEBUG -DUSE_HAL_DRIVER -DSTM32F303xE -c -I../Core/Inc -I../Drivers/STM32F3xx_HAL_Driver/Inc -I../Drivers/STM32F3xx_HAL_Driver/Inc/Legacy -I../Drivers/CMSIS/Device/ST/STM32F3xx/Include -I../Drivers/CMSIS/Include -O0 -ffunction-sections -fdata-sections -Wall -fstack-usage -fcyclomatic-complexity -MMD -MP -MF"Core/Src/main.d" -MT"Core/Src/main.o" --specs=nano.specs -mfpu=fpv4-sp-d16 -mfloat-abi=hard -mthumb -o "Core/Src/main.o"
arm-none-eabi-gcc -o "display.elf" @"objects.list"   -mcpu=cortex-m4 -T"C:\Users\raj\Project\Project\Test\Display\display\STM32F303RETX_FLASH.ld" --specs=nosys.specs -Wl,-Map="display.map" -Wl,--gc-sections -static --specs=nano.specs -mfpu=fpv4-sp-d16 -mfloat-abi=hard -mthumb -Wl,--start-group -lc -lm -Wl,--end-group
Finished building target: display.elf
 
arm-none-eabi-size  display.elf 
arm-none-eabi-objdump -h -S display.elf  > "display.list"
   text	   data	    bss	    dec	    hex	filename
  12332	     12	   1708	  14052	   36e4	display.elf
Finished building: default.size.stdout
 
Finished building: display.list
 
09:24:32 **** Incremental Build of configuration Debug for project display ****
make -j12 all 
arm-none-eabi-gcc "../Core/Src/main.c" -mcpu=cortex-m4 -std=gnu11 -g3 -DDEBUG -DUSE_HAL_DRIVER -DSTM32F303xE -c -I../Core/Inc -I../Drivers/STM32F3xx_HAL_Driver/Inc -I../Drivers/STM32F3xx_HAL_Driver/Inc/Legacy -I../Drivers/CMSIS/Device/ST/STM32F3xx/Include -I../Drivers/CMSIS/Include -O0 -ffunction-sections -fdata-sections -Wall -fstack-usage -fcyclomatic-complexity -MMD -MP -MF"Core/Src/main.d" -MT"Core/Src/main.o" --specs=nano.specs -mfpu=fpv4-sp-d16 -mfloat-abi=hard -mthumb -o "Core/Src/main.o"
arm-none-eabi-gcc -o "display.elf" @"objects.list"   -mcpu=cortex-m4 -T"C:\Users\raj\Project\Project\Test\Display\display\STM32F303RETX_FLASH.ld" --specs=nosys.specs -Wl,-Map="display.map" -Wl,--gc-sections -static --specs=nano.specs -mfpu=fpv4-sp-d16 -mfloat-abi=hard -mthumb -Wl,--start-group -lc -lm -Wl,--end-group
Finished building target: display.elf
 
arm-none-eabi-size  display.elf 
arm-none-eabi-objdump -h -S display.elf  > "display.list"
   text	   data	    bss	    dec	    hex	filename
  12332	     12	   1708	  14052	   36e4	display.elf
Finished building: default.size.stdout
 
Finished building: display.list
 
09:30:52 **** Incremental Build of configuration Debug for project display ****
make -j12 all 
arm-none-eabi-gcc "../Core/Src/main.c" -mcpu=cortex-m4 -std=gnu11 -g3 -DDEBUG -DUSE_HAL_DRIVER -DSTM32F303xE -c -I../Core/Inc -I../Drivers/STM32F3xx_HAL_Driver/Inc -I../Drivers/STM32F3xx_HAL_Driver/Inc/Legacy -I../Drivers/CMSIS/Device/ST/STM32F3xx/Include -I../Drivers/CMSIS/Include -O0 -ffunction-sections -fdata-sections -Wall -fstack-usage -fcyclomatic-complexity -MMD -MP -MF"Core/Src/main.d" -MT"Core/Src/main.o" --specs=nano.specs -mfpu=fpv4-sp-d16 -mfloat-abi=hard -mthumb -o "Core/Src/main.o"
arm-none-eabi-gcc -o "display.elf" @"objects.list"   -mcpu=cortex-m4 -T"C:\Users\raj\Project\Project\Test\Display\display\STM32F303RETX_FLASH.ld" --specs=nosys.specs -Wl,-Map="display.map" -Wl,--gc-sections -static --specs=nano.specs -mfpu=fpv4-sp-d16 -mfloat-abi=hard -mthumb -Wl,--start-group -lc -lm -Wl,--end-group
Finished building target: display.elf
 
arm-none-eabi-size  display.elf 
arm-none-eabi-objdump -h -S display.elf  > "display.list"
   text	   data	    bss	    dec	    hex	filename
  12332	     12	   1708	  14052	   36e4	display.elf
Finished building: default.size.stdout
 
Finished building: display.list
 
09:38:39 **** Incremental Build of configuration Debug for project display ****
make -j12 all 
arm-none-eabi-gcc "../Core/Src/main.c" -mcpu=cortex-m4 -std=gnu11 -g3 -DDEBUG -DUSE_HAL_DRIVER -DSTM32F303xE -c -I../Core/Inc -I../Drivers/STM32F3xx_HAL_Driver/Inc -I../Drivers/STM32F3xx_HAL_Driver/Inc/Legacy -I../Drivers/CMSIS/Device/ST/STM32F3xx/Include -I../Drivers/CMSIS/Include -O0 -ffunction-sections -fdata-sections -Wall -fstack-usage -fcyclomatic-complexity -MMD -MP -MF"Core/Src/main.d" -MT"Core/Src/main.o" --specs=nano.specs -mfpu=fpv4-sp-d16 -mfloat-abi=hard -mthumb -o "Core/Src/main.o"
arm-none-eabi-gcc -o "display.elf" @"objects.list"   -mcpu=cortex-m4 -T"C:\Users\raj\Project\Project\Test\Display\display\STM32F303RETX_FLASH.ld" --specs=nosys.specs -Wl,-Map="display.map" -Wl,--gc-sections -static --specs=nano.specs -mfpu=fpv4-sp-d16 -mfloat-abi=hard -mthumb -Wl,--start-group -lc -lm -Wl,--end-group
Finished building target: display.elf
 
arm-none-eabi-size  display.elf 
arm-none-eabi-objdump -h -S display.elf  > "display.list"
   text	   data	    bss	    dec	    hex	filename
  12332	     12	   1708	  14052	   36e4	display.elf
Finished building: default.size.stdout
 
Finished building: display.list
 
09:42:29 **** Incremental Build of configuration Debug for project display ****
make -j12 all 
arm-none-eabi-gcc "../Core/Src/main.c" -mcpu=cortex-m4 -std=gnu11 -g3 -DDEBUG -DUSE_HAL_DRIVER -DSTM32F303xE -c -I../Core/Inc -I../Drivers/STM32F3xx_HAL_Driver/Inc -I../Drivers/STM32F3xx_HAL_Driver/Inc/Legacy -I../Drivers/CMSIS/Device/ST/STM32F3xx/Include -I../Drivers/CMSIS/Include -O0 -ffunction-sections -fdata-sections -Wall -fstack-usage -fcyclomatic-complexity -MMD -MP -MF"Core/Src/main.d" -MT"Core/Src/main.o" --specs=nano.specs -mfpu=fpv4-sp-d16 -mfloat-abi=hard -mthumb -o "Core/Src/main.o"
arm-none-eabi-gcc -o "display.elf" @"objects.list"   -mcpu=cortex-m4 -T"C:\Users\raj\Project\Project\Test\Display\display\STM32F303RETX_FLASH.ld" --specs=nosys.specs -Wl,-Map="display.map" -Wl,--gc-sections -static --specs=nano.specs -mfpu=fpv4-sp-d16 -mfloat-abi=hard -mthumb -Wl,--start-group -lc -lm -Wl,--end-group
Finished building target: display.elf
 
arm-none-eabi-size  display.elf 
arm-none-eabi-objdump -h -S display.elf  > "display.list"
   text	   data	    bss	    dec	    hex	filename
  12332	     12	   1708	  14052	   36e4	display.elf
Finished building: default.size.stdout
 
Finished building: display.list
 
09:43:27 **** Incremental Build of configuration Debug for project display ****
make -j12 all 
arm-none-eabi-gcc "../Core/Src/main.c" -mcpu=cortex-m4 -std=gnu11 -g3 -DDEBUG -DUSE_HAL_DRIVER -DSTM32F303xE -c -I../Core/Inc -I../Drivers/STM32F3xx_HAL_Driver/Inc -I../Drivers/STM32F3xx_HAL_Driver/Inc/Legacy -I../Drivers/CMSIS/Device/ST/STM32F3xx/Include -I../Drivers/CMSIS/Include -O0 -ffunction-sections -fdata-sections -Wall -fstack-usage -fcyclomatic-complexity -MMD -MP -MF"Core/Src/main.d" -MT"Core/Src/main.o" --specs=nano.specs -mfpu=fpv4-sp-d16 -mfloat-abi=hard -mthumb -o "Core/Src/main.o"
arm-none-eabi-gcc -o "display.elf" @"objects.list"   -mcpu=cortex-m4 -T"C:\Users\raj\Project\Project\Test\Display\display\STM32F303RETX_FLASH.ld" --specs=nosys.specs -Wl,-Map="display.map" -Wl,--gc-sections -static --specs=nano.specs -mfpu=fpv4-sp-d16 -mfloat-abi=hard -mthumb -Wl,--start-group -lc -lm -Wl,--end-group
Finished building target: display.elf
 
arm-none-eabi-size  display.elf 
arm-none-eabi-objdump -h -S display.elf  > "display.list"
   text	   data	    bss	    dec	    hex	filename
  12348	     12	   1708	  14068	   36f4	display.elf
Finished building: default.size.stdout
 
Finished building: display.list
 
09:44:57 **** Incremental Build of configuration Debug for project display ****
make -j12 all 
arm-none-eabi-gcc "../Core/Src/main.c" -mcpu=cortex-m4 -std=gnu11 -g3 -DDEBUG -DUSE_HAL_DRIVER -DSTM32F303xE -c -I../Core/Inc -I../Drivers/STM32F3xx_HAL_Driver/Inc -I../Drivers/STM32F3xx_HAL_Driver/Inc/Legacy -I../Drivers/CMSIS/Device/ST/STM32F3xx/Include -I../Drivers/CMSIS/Include -O0 -ffunction-sections -fdata-sections -Wall -fstack-usage -fcyclomatic-complexity -MMD -MP -MF"Core/Src/main.d" -MT"Core/Src/main.o" --specs=nano.specs -mfpu=fpv4-sp-d16 -mfloat-abi=hard -mthumb -o "Core/Src/main.o"
arm-none-eabi-gcc -o "display.elf" @"objects.list"   -mcpu=cortex-m4 -T"C:\Users\raj\Project\Project\Test\Display\display\STM32F303RETX_FLASH.ld" --specs=nosys.specs -Wl,-Map="display.map" -Wl,--gc-sections -static --specs=nano.specs -mfpu=fpv4-sp-d16 -mfloat-abi=hard -mthumb -Wl,--start-group -lc -lm -Wl,--end-group
Finished building target: display.elf
 
arm-none-eabi-size  display.elf 
arm-none-eabi-objdump -h -S display.elf  > "display.list"
   text	   data	    bss	    dec	    hex	filename
  12348	     12	   1708	  14068	   36f4	display.elf
Finished building: default.size.stdout
 
Finished building: display.list
 
09:45:40 **** Incremental Build of configuration Debug for project display ****
make -j12 all 
arm-none-eabi-size  display.elf 
   text	   data	    bss	    dec	    hex	filename
  12348	     12	   1708	  14068	   36f4	display.elf
Finished building: default.size.stdout
 
09:48:20 **** Incremental Build of configuration Debug for project display ****
make -j12 all 
arm-none-eabi-gcc "../Core/Src/main.c" -mcpu=cortex-m4 -std=gnu11 -g3 -DDEBUG -DUSE_HAL_DRIVER -DSTM32F303xE -c -I../Core/Inc -I../Drivers/STM32F3xx_HAL_Driver/Inc -I../Drivers/STM32F3xx_HAL_Driver/Inc/Legacy -I../Drivers/CMSIS/Device/ST/STM32F3xx/Include -I../Drivers/CMSIS/Include -O0 -ffunction-sections -fdata-sections -Wall -fstack-usage -fcyclomatic-complexity -MMD -MP -MF"Core/Src/main.d" -MT"Core/Src/main.o" --specs=nano.specs -mfpu=fpv4-sp-d16 -mfloat-abi=hard -mthumb -o "Core/Src/main.o"
arm-none-eabi-gcc -o "display.elf" @"objects.list"   -mcpu=cortex-m4 -T"C:\Users\raj\Project\Project\Test\Display\display\STM32F303RETX_FLASH.ld" --specs=nosys.specs -Wl,-Map="display.map" -Wl,--gc-sections -static --specs=nano.specs -mfpu=fpv4-sp-d16 -mfloat-abi=hard -mthumb -Wl,--start-group -lc -lm -Wl,--end-group
Finished building target: display.elf
 
arm-none-eabi-size  display.elf 
arm-none-eabi-objdump -h -S display.elf  > "display.list"
   text	   data	    bss	    dec	    hex	filename
  12332	     12	   1708	  14052	   36e4	display.elf
Finished building: default.size.stdout
 
Finished building: display.list
 
09:49:53 **** Incremental Build of configuration Debug for project display ****
make -j12 all 
arm-none-eabi-size  display.elf 
   text	   data	    bss	    dec	    hex	filename
  12332	     12	   1708	  14052	   36e4	display.elf
Finished building: default.size.stdout
 
09:57:35 **** Incremental Build of configuration Debug for project display ****
make -j12 all 
arm-none-eabi-gcc "../Core/Src/main.c" -mcpu=cortex-m4 -std=gnu11 -g3 -DDEBUG -DUSE_HAL_DRIVER -DSTM32F303xE -c -I../Core/Inc -I../Drivers/STM32F3xx_HAL_Driver/Inc -I../Drivers/STM32F3xx_HAL_Driver/Inc/Legacy -I../Drivers/CMSIS/Device/ST/STM32F3xx/Include -I../Drivers/CMSIS/Include -O0 -ffunction-sections -fdata-sections -Wall -fstack-usage -fcyclomatic-complexity -MMD -MP -MF"Core/Src/main.d" -MT"Core/Src/main.o" --specs=nano.specs -mfpu=fpv4-sp-d16 -mfloat-abi=hard -mthumb -o "Core/Src/main.o"
arm-none-eabi-gcc -o "display.elf" @"objects.list"   -mcpu=cortex-m4 -T"C:\Users\raj\Project\Project\Test\Display\display\STM32F303RETX_FLASH.ld" --specs=nosys.specs -Wl,-Map="display.map" -Wl,--gc-sections -static --specs=nano.specs -mfpu=fpv4-sp-d16 -mfloat-abi=hard -mthumb -Wl,--start-group -lc -lm -Wl,--end-group
Finished building target: display.elf
 
arm-none-eabi-size  display.elf 
arm-none-eabi-objdump -h -S display.elf  > "display.list"
   text	   data	    bss	    dec	    hex	filename
  12344	     12	   1708	  14064	   36f0	display.elf
Finished building: default.size.stdout
 
Finished building: display.list
 
09:58:14 **** Incremental Build of configuration Debug for project display ****
make -j12 all 
arm-none-eabi-gcc "../Core/Src/main.c" -mcpu=cortex-m4 -std=gnu11 -g3 -DDEBUG -DUSE_HAL_DRIVER -DSTM32F303xE -c -I../Core/Inc -I../Drivers/STM32F3xx_HAL_Driver/Inc -I../Drivers/STM32F3xx_HAL_Driver/Inc/Legacy -I../Drivers/CMSIS/Device/ST/STM32F3xx/Include -I../Drivers/CMSIS/Include -O0 -ffunction-sections -fdata-sections -Wall -fstack-usage -fcyclomatic-complexity -MMD -MP -MF"Core/Src/main.d" -MT"Core/Src/main.o" --specs=nano.specs -mfpu=fpv4-sp-d16 -mfloat-abi=hard -mthumb -o "Core/Src/main.o"
arm-none-eabi-gcc -o "display.elf" @"objects.list"   -mcpu=cortex-m4 -T"C:\Users\raj\Project\Project\Test\Display\display\STM32F303RETX_FLASH.ld" --specs=nosys.specs -Wl,-Map="display.map" -Wl,--gc-sections -static --specs=nano.specs -mfpu=fpv4-sp-d16 -mfloat-abi=hard -mthumb -Wl,--start-group -lc -lm -Wl,--end-group
Finished building target: display.elf
 
arm-none-eabi-size  display.elf 
arm-none-eabi-objdump -h -S display.elf  > "display.list"
   text	   data	    bss	    dec	    hex	filename
  12116	     12	   1708	  13836	   360c	display.elf
Finished building: default.size.stdout
 
Finished building: display.list
 
09:59:17 **** Incremental Build of configuration Debug for project display ****
make -j12 all 
arm-none-eabi-size  display.elf 
   text	   data	    bss	    dec	    hex	filename
  12116	     12	   1708	  13836	   360c	display.elf
Finished building: default.size.stdout
 
09:59:40 **** Incremental Build of configuration Debug for project display ****
make -j12 all 
arm-none-eabi-size  display.elf 
   text	   data	    bss	    dec	    hex	filename
  12116	     12	   1708	  13836	   360c	display.elf
Finished building: default.size.stdout
 
10:00:24 **** Incremental Build of configuration Debug for project display ****
make -j12 all 
arm-none-eabi-gcc "../Core/Src/main.c" -mcpu=cortex-m4 -std=gnu11 -g3 -DDEBUG -DUSE_HAL_DRIVER -DSTM32F303xE -c -I../Core/Inc -I../Drivers/STM32F3xx_HAL_Driver/Inc -I../Drivers/STM32F3xx_HAL_Driver/Inc/Legacy -I../Drivers/CMSIS/Device/ST/STM32F3xx/Include -I../Drivers/CMSIS/Include -O0 -ffunction-sections -fdata-sections -Wall -fstack-usage -fcyclomatic-complexity -MMD -MP -MF"Core/Src/main.d" -MT"Core/Src/main.o" --specs=nano.specs -mfpu=fpv4-sp-d16 -mfloat-abi=hard -mthumb -o "Core/Src/main.o"
arm-none-eabi-gcc -o "display.elf" @"objects.list"   -mcpu=cortex-m4 -T"C:\Users\raj\Project\Project\Test\Display\display\STM32F303RETX_FLASH.ld" --specs=nosys.specs -Wl,-Map="display.map" -Wl,--gc-sections -static --specs=nano.specs -mfpu=fpv4-sp-d16 -mfloat-abi=hard -mthumb -Wl,--start-group -lc -lm -Wl,--end-group
Finished building target: display.elf
 
arm-none-eabi-size  display.elf 
arm-none-eabi-objdump -h -S display.elf  > "display.list"
   text	   data	    bss	    dec	    hex	filename
  12104	     12	   1708	  13824	   3600	display.elf
Finished building: default.size.stdout
 
Finished building: display.list
 
10:02:49 **** Incremental Build of configuration Debug for project display ****
make -j12 all 
arm-none-eabi-gcc "../Core/Src/main.c" -mcpu=cortex-m4 -std=gnu11 -g3 -DDEBUG -DUSE_HAL_DRIVER -DSTM32F303xE -c -I../Core/Inc -I../Drivers/STM32F3xx_HAL_Driver/Inc -I../Drivers/STM32F3xx_HAL_Driver/Inc/Legacy -I../Drivers/CMSIS/Device/ST/STM32F3xx/Include -I../Drivers/CMSIS/Include -O0 -ffunction-sections -fdata-sections -Wall -fstack-usage -fcyclomatic-complexity -MMD -MP -MF"Core/Src/main.d" -MT"Core/Src/main.o" --specs=nano.specs -mfpu=fpv4-sp-d16 -mfloat-abi=hard -mthumb -o "Core/Src/main.o"
arm-none-eabi-gcc -o "display.elf" @"objects.list"   -mcpu=cortex-m4 -T"C:\Users\raj\Project\Project\Test\Display\display\STM32F303RETX_FLASH.ld" --specs=nosys.specs -Wl,-Map="display.map" -Wl,--gc-sections -static --specs=nano.specs -mfpu=fpv4-sp-d16 -mfloat-abi=hard -mthumb -Wl,--start-group -lc -lm -Wl,--end-group
Finished building target: display.elf
 
arm-none-eabi-size  display.elf 
arm-none-eabi-objdump -h -S display.elf  > "display.list"
   text	   data	    bss	    dec	    hex	filename
  12104	     12	   1708	  13824	   3600	display.elf
Finished building: default.size.stdout
 
Finished building: display.list
 
10:03:16 **** Incremental Build of configuration Debug for project display ****
make -j12 all 
arm-none-eabi-gcc "../Core/Src/main.c" -mcpu=cortex-m4 -std=gnu11 -g3 -DDEBUG -DUSE_HAL_DRIVER -DSTM32F303xE -c -I../Core/Inc -I../Drivers/STM32F3xx_HAL_Driver/Inc -I../Drivers/STM32F3xx_HAL_Driver/Inc/Legacy -I../Drivers/CMSIS/Device/ST/STM32F3xx/Include -I../Drivers/CMSIS/Include -O0 -ffunction-sections -fdata-sections -Wall -fstack-usage -fcyclomatic-complexity -MMD -MP -MF"Core/Src/main.d" -MT"Core/Src/main.o" --specs=nano.specs -mfpu=fpv4-sp-d16 -mfloat-abi=hard -mthumb -o "Core/Src/main.o"
arm-none-eabi-gcc -o "display.elf" @"objects.list"   -mcpu=cortex-m4 -T"C:\Users\raj\Project\Project\Test\Display\display\STM32F303RETX_FLASH.ld" --specs=nosys.specs -Wl,-Map="display.map" -Wl,--gc-sections -static --specs=nano.specs -mfpu=fpv4-sp-d16 -mfloat-abi=hard -mthumb -Wl,--start-group -lc -lm -Wl,--end-group
Finished building target: display.elf
 
arm-none-eabi-size  display.elf 
arm-none-eabi-objdump -h -S display.elf  > "display.list"
   text	   data	    bss	    dec	    hex	filename
  12284	     12	   1708	  14004	   36b4	display.elf
Finished building: default.size.stdout
 
Finished building: display.list
 
10:04:17 **** Incremental Build of configuration Debug for project display ****
make -j12 all 
arm-none-eabi-gcc "../Core/Src/main.c" -mcpu=cortex-m4 -std=gnu11 -g3 -DDEBUG -DUSE_HAL_DRIVER -DSTM32F303xE -c -I../Core/Inc -I../Drivers/STM32F3xx_HAL_Driver/Inc -I../Drivers/STM32F3xx_HAL_Driver/Inc/Legacy -I../Drivers/CMSIS/Device/ST/STM32F3xx/Include -I../Drivers/CMSIS/Include -O0 -ffunction-sections -fdata-sections -Wall -fstack-usage -fcyclomatic-complexity -MMD -MP -MF"Core/Src/main.d" -MT"Core/Src/main.o" --specs=nano.specs -mfpu=fpv4-sp-d16 -mfloat-abi=hard -mthumb -o "Core/Src/main.o"
arm-none-eabi-gcc -o "display.elf" @"objects.list"   -mcpu=cortex-m4 -T"C:\Users\raj\Project\Project\Test\Display\display\STM32F303RETX_FLASH.ld" --specs=nosys.specs -Wl,-Map="display.map" -Wl,--gc-sections -static --specs=nano.specs -mfpu=fpv4-sp-d16 -mfloat-abi=hard -mthumb -Wl,--start-group -lc -lm -Wl,--end-group
Finished building target: display.elf
 
arm-none-eabi-size  display.elf 
arm-none-eabi-objdump -h -S display.elf  > "display.list"
   text	   data	    bss	    dec	    hex	filename
  12284	     12	   1708	  14004	   36b4	display.elf
Finished building: default.size.stdout
 
Finished building: display.list
 
10:18:41 **** Incremental Build of configuration Debug for project display ****
make -j12 all 
arm-none-eabi-gcc "../Core/Src/main.c" -mcpu=cortex-m4 -std=gnu11 -g3 -DDEBUG -DUSE_HAL_DRIVER -DSTM32F303xE -c -I../Core/Inc -I../Drivers/STM32F3xx_HAL_Driver/Inc -I../Drivers/STM32F3xx_HAL_Driver/Inc/Legacy -I../Drivers/CMSIS/Device/ST/STM32F3xx/Include -I../Drivers/CMSIS/Include -O0 -ffunction-sections -fdata-sections -Wall -fstack-usage -fcyclomatic-complexity -MMD -MP -MF"Core/Src/main.d" -MT"Core/Src/main.o" --specs=nano.specs -mfpu=fpv4-sp-d16 -mfloat-abi=hard -mthumb -o "Core/Src/main.o"
arm-none-eabi-gcc -o "display.elf" @"objects.list"   -mcpu=cortex-m4 -T"C:\Users\raj\Project\Project\Test\Display\display\STM32F303RETX_FLASH.ld" --specs=nosys.specs -Wl,-Map="display.map" -Wl,--gc-sections -static --specs=nano.specs -mfpu=fpv4-sp-d16 -mfloat-abi=hard -mthumb -Wl,--start-group -lc -lm -Wl,--end-group
Finished building target: display.elf
 
arm-none-eabi-size  display.elf 
arm-none-eabi-objdump -h -S display.elf  > "display.list"
   text	   data	    bss	    dec	    hex	filename
  12252	     12	   1708	  13972	   3694	display.elf
Finished building: default.size.stdout
 
Finished building: display.list
 
10:19:18 **** Incremental Build of configuration Debug for project display ****
make -j12 all 
arm-none-eabi-gcc "../Core/Src/main.c" -mcpu=cortex-m4 -std=gnu11 -g3 -DDEBUG -DUSE_HAL_DRIVER -DSTM32F303xE -c -I../Core/Inc -I../Drivers/STM32F3xx_HAL_Driver/Inc -I../Drivers/STM32F3xx_HAL_Driver/Inc/Legacy -I../Drivers/CMSIS/Device/ST/STM32F3xx/Include -I../Drivers/CMSIS/Include -O0 -ffunction-sections -fdata-sections -Wall -fstack-usage -fcyclomatic-complexity -MMD -MP -MF"Core/Src/main.d" -MT"Core/Src/main.o" --specs=nano.specs -mfpu=fpv4-sp-d16 -mfloat-abi=hard -mthumb -o "Core/Src/main.o"
arm-none-eabi-gcc -o "display.elf" @"objects.list"   -mcpu=cortex-m4 -T"C:\Users\raj\Project\Project\Test\Display\display\STM32F303RETX_FLASH.ld" --specs=nosys.specs -Wl,-Map="display.map" -Wl,--gc-sections -static --specs=nano.specs -mfpu=fpv4-sp-d16 -mfloat-abi=hard -mthumb -Wl,--start-group -lc -lm -Wl,--end-group
Finished building target: display.elf
 
arm-none-eabi-size  display.elf 
arm-none-eabi-objdump -h -S display.elf  > "display.list"
   text	   data	    bss	    dec	    hex	filename
  12252	     12	   1708	  13972	   3694	display.elf
Finished building: default.size.stdout
 
Finished building: display.list
 
10:19:53 **** Incremental Build of configuration Debug for project display ****
make -j12 all 
arm-none-eabi-gcc "../Core/Src/main.c" -mcpu=cortex-m4 -std=gnu11 -g3 -DDEBUG -DUSE_HAL_DRIVER -DSTM32F303xE -c -I../Core/Inc -I../Drivers/STM32F3xx_HAL_Driver/Inc -I../Drivers/STM32F3xx_HAL_Driver/Inc/Legacy -I../Drivers/CMSIS/Device/ST/STM32F3xx/Include -I../Drivers/CMSIS/Include -O0 -ffunction-sections -fdata-sections -Wall -fstack-usage -fcyclomatic-complexity -MMD -MP -MF"Core/Src/main.d" -MT"Core/Src/main.o" --specs=nano.specs -mfpu=fpv4-sp-d16 -mfloat-abi=hard -mthumb -o "Core/Src/main.o"
arm-none-eabi-gcc -o "display.elf" @"objects.list"   -mcpu=cortex-m4 -T"C:\Users\raj\Project\Project\Test\Display\display\STM32F303RETX_FLASH.ld" --specs=nosys.specs -Wl,-Map="display.map" -Wl,--gc-sections -static --specs=nano.specs -mfpu=fpv4-sp-d16 -mfloat-abi=hard -mthumb -Wl,--start-group -lc -lm -Wl,--end-group
Finished building target: display.elf
 
arm-none-eabi-size  display.elf 
arm-none-eabi-objdump -h -S display.elf  > "display.list"
   text	   data	    bss	    dec	    hex	filename
  12252	     12	   1708	  13972	   3694	display.elf
Finished building: default.size.stdout
 
Finished building: display.list
 
10:29:26 **** Incremental Build of configuration Debug for project display ****
make -j12 all 
arm-none-eabi-gcc "../Core/Src/main.c" -mcpu=cortex-m4 -std=gnu11 -g3 -DDEBUG -DUSE_HAL_DRIVER -DSTM32F303xE -c -I../Core/Inc -I../Drivers/STM32F3xx_HAL_Driver/Inc -I../Drivers/STM32F3xx_HAL_Driver/Inc/Legacy -I../Drivers/CMSIS/Device/ST/STM32F3xx/Include -I../Drivers/CMSIS/Include -O0 -ffunction-sections -fdata-sections -Wall -fstack-usage -fcyclomatic-complexity -MMD -MP -MF"Core/Src/main.d" -MT"Core/Src/main.o" --specs=nano.specs -mfpu=fpv4-sp-d16 -mfloat-abi=hard -mthumb -o "Core/Src/main.o"
arm-none-eabi-gcc -o "display.elf" @"objects.list"   -mcpu=cortex-m4 -T"C:\Users\raj\Project\Project\Test\Display\display\STM32F303RETX_FLASH.ld" --specs=nosys.specs -Wl,-Map="display.map" -Wl,--gc-sections -static --specs=nano.specs -mfpu=fpv4-sp-d16 -mfloat-abi=hard -mthumb -Wl,--start-group -lc -lm -Wl,--end-group
Finished building target: display.elf
 
arm-none-eabi-size  display.elf 
arm-none-eabi-objdump -h -S display.elf  > "display.list"
   text	   data	    bss	    dec	    hex	filename
  12252	     12	   1708	  13972	   3694	display.elf
Finished building: default.size.stdout
 
Finished building: display.list
 
10:58:11 **** Incremental Build of configuration Debug for project display ****
make -j12 all 
arm-none-eabi-gcc "../Core/Src/main.c" -mcpu=cortex-m4 -std=gnu11 -g3 -DDEBUG -DUSE_HAL_DRIVER -DSTM32F303xE -c -I../Core/Inc -I../Drivers/STM32F3xx_HAL_Driver/Inc -I../Drivers/STM32F3xx_HAL_Driver/Inc/Legacy -I../Drivers/CMSIS/Device/ST/STM32F3xx/Include -I../Drivers/CMSIS/Include -O0 -ffunction-sections -fdata-sections -Wall -fstack-usage -fcyclomatic-complexity -MMD -MP -MF"Core/Src/main.d" -MT"Core/Src/main.o" --specs=nano.specs -mfpu=fpv4-sp-d16 -mfloat-abi=hard -mthumb -o "Core/Src/main.o"
arm-none-eabi-gcc -o "display.elf" @"objects.list"   -mcpu=cortex-m4 -T"C:\Users\raj\Project\Project\Test\Display\display\STM32F303RETX_FLASH.ld" --specs=nosys.specs -Wl,-Map="display.map" -Wl,--gc-sections -static --specs=nano.specs -mfpu=fpv4-sp-d16 -mfloat-abi=hard -mthumb -Wl,--start-group -lc -lm -Wl,--end-group
Finished building target: display.elf
 
arm-none-eabi-size  display.elf 
arm-none-eabi-objdump -h -S display.elf  > "display.list"
   text	   data	    bss	    dec	    hex	filename
  12252	     12	   1708	  13972	   3694	display.elf
Finished building: default.size.stdout
 
Finished building: display.list
 
10:58:55 **** Incremental Build of configuration Debug for project display ****
make -j12 all 
arm-none-eabi-gcc "../Core/Src/main.c" -mcpu=cortex-m4 -std=gnu11 -g3 -DDEBUG -DUSE_HAL_DRIVER -DSTM32F303xE -c -I../Core/Inc -I../Drivers/STM32F3xx_HAL_Driver/Inc -I../Drivers/STM32F3xx_HAL_Driver/Inc/Legacy -I../Drivers/CMSIS/Device/ST/STM32F3xx/Include -I../Drivers/CMSIS/Include -O0 -ffunction-sections -fdata-sections -Wall -fstack-usage -fcyclomatic-complexity -MMD -MP -MF"Core/Src/main.d" -MT"Core/Src/main.o" --specs=nano.specs -mfpu=fpv4-sp-d16 -mfloat-abi=hard -mthumb -o "Core/Src/main.o"
arm-none-eabi-gcc -o "display.elf" @"objects.list"   -mcpu=cortex-m4 -T"C:\Users\raj\Project\Project\Test\Display\display\STM32F303RETX_FLASH.ld" --specs=nosys.specs -Wl,-Map="display.map" -Wl,--gc-sections -static --specs=nano.specs -mfpu=fpv4-sp-d16 -mfloat-abi=hard -mthumb -Wl,--start-group -lc -lm -Wl,--end-group
Finished building target: display.elf
 
arm-none-eabi-size  display.elf 
arm-none-eabi-objdump -h -S display.elf  > "display.list"
   text	   data	    bss	    dec	    hex	filename
  12292	     12	   1708	  14012	   36bc	display.elf
Finished building: default.size.stdout
 
Finished building: display.list
 
11:00:25 **** Incremental Build of configuration Debug for project display ****
make -j12 all 
arm-none-eabi-gcc "../Core/Src/main.c" -mcpu=cortex-m4 -std=gnu11 -g3 -DDEBUG -DUSE_HAL_DRIVER -DSTM32F303xE -c -I../Core/Inc -I../Drivers/STM32F3xx_HAL_Driver/Inc -I../Drivers/STM32F3xx_HAL_Driver/Inc/Legacy -I../Drivers/CMSIS/Device/ST/STM32F3xx/Include -I../Drivers/CMSIS/Include -O0 -ffunction-sections -fdata-sections -Wall -fstack-usage -fcyclomatic-complexity -MMD -MP -MF"Core/Src/main.d" -MT"Core/Src/main.o" --specs=nano.specs -mfpu=fpv4-sp-d16 -mfloat-abi=hard -mthumb -o "Core/Src/main.o"
arm-none-eabi-gcc -o "display.elf" @"objects.list"   -mcpu=cortex-m4 -T"C:\Users\raj\Project\Project\Test\Display\display\STM32F303RETX_FLASH.ld" --specs=nosys.specs -Wl,-Map="display.map" -Wl,--gc-sections -static --specs=nano.specs -mfpu=fpv4-sp-d16 -mfloat-abi=hard -mthumb -Wl,--start-group -lc -lm -Wl,--end-group
Finished building target: display.elf
 
arm-none-eabi-size  display.elf 
arm-none-eabi-objdump -h -S display.elf  > "display.list"
   text	   data	    bss	    dec	    hex	filename
  12316	     12	   1708	  14036	   36d4	display.elf
Finished building: default.size.stdout
 
Finished building: display.list
 
11:12:12 **** Incremental Build of configuration Debug for project display ****
make -j12 all 
arm-none-eabi-gcc "../Core/Src/main.c" -mcpu=cortex-m4 -std=gnu11 -g3 -DDEBUG -DUSE_HAL_DRIVER -DSTM32F303xE -c -I../Core/Inc -I../Drivers/STM32F3xx_HAL_Driver/Inc -I../Drivers/STM32F3xx_HAL_Driver/Inc/Legacy -I../Drivers/CMSIS/Device/ST/STM32F3xx/Include -I../Drivers/CMSIS/Include -O0 -ffunction-sections -fdata-sections -Wall -fstack-usage -fcyclomatic-complexity -MMD -MP -MF"Core/Src/main.d" -MT"Core/Src/main.o" --specs=nano.specs -mfpu=fpv4-sp-d16 -mfloat-abi=hard -mthumb -o "Core/Src/main.o"
arm-none-eabi-gcc -o "display.elf" @"objects.list"   -mcpu=cortex-m4 -T"C:\Users\raj\Project\Project\Test\Display\display\STM32F303RETX_FLASH.ld" --specs=nosys.specs -Wl,-Map="display.map" -Wl,--gc-sections -static --specs=nano.specs -mfpu=fpv4-sp-d16 -mfloat-abi=hard -mthumb -Wl,--start-group -lc -lm -Wl,--end-group
Finished building target: display.elf
 
arm-none-eabi-size  display.elf 
arm-none-eabi-objdump -h -S display.elf  > "display.list"
   text	   data	    bss	    dec	    hex	filename
  12316	     12	   1708	  14036	   36d4	display.elf
Finished building: default.size.stdout
 
Finished building: display.list
 
11:12:56 **** Incremental Build of configuration Debug for project display ****
make -j12 all 
arm-none-eabi-gcc "../Core/Src/main.c" -mcpu=cortex-m4 -std=gnu11 -g3 -DDEBUG -DUSE_HAL_DRIVER -DSTM32F303xE -c -I../Core/Inc -I../Drivers/STM32F3xx_HAL_Driver/Inc -I../Drivers/STM32F3xx_HAL_Driver/Inc/Legacy -I../Drivers/CMSIS/Device/ST/STM32F3xx/Include -I../Drivers/CMSIS/Include -O0 -ffunction-sections -fdata-sections -Wall -fstack-usage -fcyclomatic-complexity -MMD -MP -MF"Core/Src/main.d" -MT"Core/Src/main.o" --specs=nano.specs -mfpu=fpv4-sp-d16 -mfloat-abi=hard -mthumb -o "Core/Src/main.o"
arm-none-eabi-gcc -o "display.elf" @"objects.list"   -mcpu=cortex-m4 -T"C:\Users\raj\Project\Project\Test\Display\display\STM32F303RETX_FLASH.ld" --specs=nosys.specs -Wl,-Map="display.map" -Wl,--gc-sections -static --specs=nano.specs -mfpu=fpv4-sp-d16 -mfloat-abi=hard -mthumb -Wl,--start-group -lc -lm -Wl,--end-group
Finished building target: display.elf
 
arm-none-eabi-size  display.elf 
arm-none-eabi-objdump -h -S display.elf  > "display.list"
   text	   data	    bss	    dec	    hex	filename
  12316	     12	   1708	  14036	   36d4	display.elf
Finished building: default.size.stdout
 
Finished building: display.list
 
11:13:41 **** Incremental Build of configuration Debug for project display ****
make -j12 all 
arm-none-eabi-gcc "../Core/Src/main.c" -mcpu=cortex-m4 -std=gnu11 -g3 -DDEBUG -DUSE_HAL_DRIVER -DSTM32F303xE -c -I../Core/Inc -I../Drivers/STM32F3xx_HAL_Driver/Inc -I../Drivers/STM32F3xx_HAL_Driver/Inc/Legacy -I../Drivers/CMSIS/Device/ST/STM32F3xx/Include -I../Drivers/CMSIS/Include -O0 -ffunction-sections -fdata-sections -Wall -fstack-usage -fcyclomatic-complexity -MMD -MP -MF"Core/Src/main.d" -MT"Core/Src/main.o" --specs=nano.specs -mfpu=fpv4-sp-d16 -mfloat-abi=hard -mthumb -o "Core/Src/main.o"
arm-none-eabi-gcc -o "display.elf" @"objects.list"   -mcpu=cortex-m4 -T"C:\Users\raj\Project\Project\Test\Display\display\STM32F303RETX_FLASH.ld" --specs=nosys.specs -Wl,-Map="display.map" -Wl,--gc-sections -static --specs=nano.specs -mfpu=fpv4-sp-d16 -mfloat-abi=hard -mthumb -Wl,--start-group -lc -lm -Wl,--end-group
Finished building target: display.elf
 
arm-none-eabi-size  display.elf 
arm-none-eabi-objdump -h -S display.elf  > "display.list"
   text	   data	    bss	    dec	    hex	filename
  12316	     12	   1708	  14036	   36d4	display.elf
Finished building: default.size.stdout
 
Finished building: display.list
 
11:14:19 **** Incremental Build of configuration Debug for project display ****
make -j12 all 
arm-none-eabi-gcc "../Core/Src/main.c" -mcpu=cortex-m4 -std=gnu11 -g3 -DDEBUG -DUSE_HAL_DRIVER -DSTM32F303xE -c -I../Core/Inc -I../Drivers/STM32F3xx_HAL_Driver/Inc -I../Drivers/STM32F3xx_HAL_Driver/Inc/Legacy -I../Drivers/CMSIS/Device/ST/STM32F3xx/Include -I../Drivers/CMSIS/Include -O0 -ffunction-sections -fdata-sections -Wall -fstack-usage -fcyclomatic-complexity -MMD -MP -MF"Core/Src/main.d" -MT"Core/Src/main.o" --specs=nano.specs -mfpu=fpv4-sp-d16 -mfloat-abi=hard -mthumb -o "Core/Src/main.o"
arm-none-eabi-gcc -o "display.elf" @"objects.list"   -mcpu=cortex-m4 -T"C:\Users\raj\Project\Project\Test\Display\display\STM32F303RETX_FLASH.ld" --specs=nosys.specs -Wl,-Map="display.map" -Wl,--gc-sections -static --specs=nano.specs -mfpu=fpv4-sp-d16 -mfloat-abi=hard -mthumb -Wl,--start-group -lc -lm -Wl,--end-group
Finished building target: display.elf
 
arm-none-eabi-size  display.elf 
arm-none-eabi-objdump -h -S display.elf  > "display.list"
   text	   data	    bss	    dec	    hex	filename
  12316	     12	   1708	  14036	   36d4	display.elf
Finished building: default.size.stdout
 
Finished building: display.list
 
11:18:11 **** Incremental Build of configuration Debug for project display ****
make -j12 all 
arm-none-eabi-gcc "../Core/Src/main.c" -mcpu=cortex-m4 -std=gnu11 -g3 -DDEBUG -DUSE_HAL_DRIVER -DSTM32F303xE -c -I../Core/Inc -I../Drivers/STM32F3xx_HAL_Driver/Inc -I../Drivers/STM32F3xx_HAL_Driver/Inc/Legacy -I../Drivers/CMSIS/Device/ST/STM32F3xx/Include -I../Drivers/CMSIS/Include -O0 -ffunction-sections -fdata-sections -Wall -fstack-usage -fcyclomatic-complexity -MMD -MP -MF"Core/Src/main.d" -MT"Core/Src/main.o" --specs=nano.specs -mfpu=fpv4-sp-d16 -mfloat-abi=hard -mthumb -o "Core/Src/main.o"
arm-none-eabi-gcc -o "display.elf" @"objects.list"   -mcpu=cortex-m4 -T"C:\Users\raj\Project\Project\Test\Display\display\STM32F303RETX_FLASH.ld" --specs=nosys.specs -Wl,-Map="display.map" -Wl,--gc-sections -static --specs=nano.specs -mfpu=fpv4-sp-d16 -mfloat-abi=hard -mthumb -Wl,--start-group -lc -lm -Wl,--end-group
Finished building target: display.elf
 
arm-none-eabi-size  display.elf 
arm-none-eabi-objdump -h -S display.elf  > "display.list"
   text	   data	    bss	    dec	    hex	filename
  12304	     12	   1708	  14024	   36c8	display.elf
Finished building: default.size.stdout
 
Finished building: display.list
 
11:18:40 **** Incremental Build of configuration Debug for project display ****
make -j12 all 
arm-none-eabi-size  display.elf 
   text	   data	    bss	    dec	    hex	filename
  12304	     12	   1708	  14024	   36c8	display.elf
Finished building: default.size.stdout
 
11:19:30 **** Incremental Build of configuration Debug for project display ****
make -j12 all 
arm-none-eabi-size  display.elf 
   text	   data	    bss	    dec	    hex	filename
  12304	     12	   1708	  14024	   36c8	display.elf
Finished building: default.size.stdout
 
11:37:19 **** Incremental Build of configuration Debug for project display ****
make -j12 all 
arm-none-eabi-gcc "../Core/Src/main.c" -mcpu=cortex-m4 -std=gnu11 -g3 -DDEBUG -DUSE_HAL_DRIVER -DSTM32F303xE -c -I../Core/Inc -I../Drivers/STM32F3xx_HAL_Driver/Inc -I../Drivers/STM32F3xx_HAL_Driver/Inc/Legacy -I../Drivers/CMSIS/Device/ST/STM32F3xx/Include -I../Drivers/CMSIS/Include -O0 -ffunction-sections -fdata-sections -Wall -fstack-usage -fcyclomatic-complexity -MMD -MP -MF"Core/Src/main.d" -MT"Core/Src/main.o" --specs=nano.specs -mfpu=fpv4-sp-d16 -mfloat-abi=hard -mthumb -o "Core/Src/main.o"
arm-none-eabi-gcc -o "display.elf" @"objects.list"   -mcpu=cortex-m4 -T"C:\Users\raj\Project\Project\Test\Display\display\STM32F303RETX_FLASH.ld" --specs=nosys.specs -Wl,-Map="display.map" -Wl,--gc-sections -static --specs=nano.specs -mfpu=fpv4-sp-d16 -mfloat-abi=hard -mthumb -Wl,--start-group -lc -lm -Wl,--end-group
Finished building target: display.elf
 
arm-none-eabi-size  display.elf 
arm-none-eabi-objdump -h -S display.elf  > "display.list"
   text	   data	    bss	    dec	    hex	filename
  12316	     12	   1708	  14036	   36d4	display.elf
Finished building: default.size.stdout
 
Finished building: display.list
 
