12:19:51 **** Incremental Build of configuration Debug for project disp ****
make -j12 all 
arm-none-eabi-gcc "../Core/Src/main.c" -mcpu=cortex-m0plus -std=gnu11 -g3 -DDEBUG -DUSE_HAL_DRIVER -DSTM32L073xx -c -I../Core/Inc -I../Drivers/STM32L0xx_HAL_Driver/Inc -I../Drivers/STM32L0xx_HAL_Driver/Inc/Legacy -I../Drivers/CMSIS/Device/ST/STM32L0xx/Include -I../Drivers/CMSIS/Include -O0 -ffunction-sections -fdata-sections -Wall -fstack-usage -fcyclomatic-complexity -MMD -MP -MF"Core/Src/main.d" -MT"Core/Src/main.o" --specs=nano.specs -mfloat-abi=soft -mthumb -o "Core/Src/main.o"
arm-none-eabi-gcc -o "disp.elf" @"objects.list"   -mcpu=cortex-m0plus -T"C:\Users\raj\Project\Project\Test\Display\disp\STM32L073RZTX_FLASH.ld" --specs=nosys.specs -Wl,-Map="disp.map" -Wl,--gc-sections -static --specs=nano.specs -mfloat-abi=soft -mthumb -Wl,--start-group -lc -lm -Wl,--end-group
Finished building target: disp.elf
 
arm-none-eabi-size  disp.elf 
arm-none-eabi-objdump -h -S disp.elf  > "disp.list"
   text	   data	    bss	    dec	    hex	filename
  10956	     12	   1708	  12676	   3184	disp.elf
Finished building: default.size.stdout
 
Finished building: disp.list
 
13:33:26 **** Incremental Build of configuration Debug for project disp ****
make -j12 all 
arm-none-eabi-gcc "../Core/Src/main.c" -mcpu=cortex-m0plus -std=gnu11 -g3 -DDEBUG -DUSE_HAL_DRIVER -DSTM32L073xx -c -I../Core/Inc -I../Drivers/STM32L0xx_HAL_Driver/Inc -I../Drivers/STM32L0xx_HAL_Driver/Inc/Legacy -I../Drivers/CMSIS/Device/ST/STM32L0xx/Include -I../Drivers/CMSIS/Include -O0 -ffunction-sections -fdata-sections -Wall -fstack-usage -fcyclomatic-complexity -MMD -MP -MF"Core/Src/main.d" -MT"Core/Src/main.o" --specs=nano.specs -mfloat-abi=soft -mthumb -o "Core/Src/main.o"
arm-none-eabi-gcc -o "disp.elf" @"objects.list"   -mcpu=cortex-m0plus -T"C:\Users\raj\Project\Project\Test\Display\disp\STM32L073RZTX_FLASH.ld" --specs=nosys.specs -Wl,-Map="disp.map" -Wl,--gc-sections -static --specs=nano.specs -mfloat-abi=soft -mthumb -Wl,--start-group -lc -lm -Wl,--end-group
Finished building target: disp.elf
 
arm-none-eabi-size  disp.elf 
arm-none-eabi-objdump -h -S disp.elf  > "disp.list"
   text	   data	    bss	    dec	    hex	filename
  11080	     12	   1708	  12800	   3200	disp.elf
Finished building: default.size.stdout
 
Finished building: disp.list
 
13:33:45 **** Incremental Build of configuration Debug for project disp ****
make -j12 all 
arm-none-eabi-size  disp.elf 
   text	   data	    bss	    dec	    hex	filename
  11080	     12	   1708	  12800	   3200	disp.elf
Finished building: default.size.stdout
 
13:34:16 **** Incremental Build of configuration Debug for project disp ****
make -j12 all 
arm-none-eabi-size  disp.elf 
   text	   data	    bss	    dec	    hex	filename
  11080	     12	   1708	  12800	   3200	disp.elf
Finished building: default.size.stdout
 
13:34:28 **** Incremental Build of configuration Debug for project disp ****
make -j12 all 
arm-none-eabi-size  disp.elf 
   text	   data	    bss	    dec	    hex	filename
  11080	     12	   1708	  12800	   3200	disp.elf
Finished building: default.size.stdout
 
13:34:40 **** Incremental Build of configuration Debug for project disp ****
make -j12 all 
arm-none-eabi-size  disp.elf 
   text	   data	    bss	    dec	    hex	filename
  11080	     12	   1708	  12800	   3200	disp.elf
Finished building: default.size.stdout
 
13:35:43 **** Incremental Build of configuration Debug for project disp ****
make -j12 all 
arm-none-eabi-size  disp.elf 
   text	   data	    bss	    dec	    hex	filename
  11080	     12	   1708	  12800	   3200	disp.elf
Finished building: default.size.stdout
 
13:36:42 **** Incremental Build of configuration Debug for project disp ****
make -j12 all 
arm-none-eabi-size  disp.elf 
   text	   data	    bss	    dec	    hex	filename
  11080	     12	   1708	  12800	   3200	disp.elf
Finished building: default.size.stdout
 
13:36:48 **** Incremental Build of configuration Debug for project disp ****
make -j12 all 
arm-none-eabi-size  disp.elf 
   text	   data	    bss	    dec	    hex	filename
  11080	     12	   1708	  12800	   3200	disp.elf
Finished building: default.size.stdout
 
13:37:04 **** Incremental Build of configuration Debug for project disp ****
make -j12 all 
arm-none-eabi-size  disp.elf 
   text	   data	    bss	    dec	    hex	filename
  11080	     12	   1708	  12800	   3200	disp.elf
Finished building: default.size.stdout
 
