13:50:47 **** Incremental Build of configuration Debug for project ADC_V0.0 ****
make -j12 all 
arm-none-eabi-gcc "../Core/Src/main.c" -mcpu=cortex-m4 -std=gnu11 -g3 -DDEBUG -DUSE_HAL_DRIVER -DSTM32F303xE -c -I../Core/Inc -I../Drivers/STM32F3xx_HAL_Driver/Inc -I../Drivers/STM32F3xx_HAL_Driver/Inc/Legacy -I../Drivers/CMSIS/Device/ST/STM32F3xx/Include -I../Drivers/CMSIS/Include -O0 -ffunction-sections -fdata-sections -Wall -fstack-usage -fcyclomatic-complexity -MMD -MP -MF"Core/Src/main.d" -MT"Core/Src/main.o" --specs=nano.specs -mfpu=fpv4-sp-d16 -mfloat-abi=hard -mthumb -o "Core/Src/main.o"
arm-none-eabi-gcc -o "ADC_V0.0.elf" @"objects.list"   -mcpu=cortex-m4 -T"C:\Users\raj\Project\Project\Test\Spanungen_Messung\ADC_V0.0\STM32F303RETX_FLASH.ld" --specs=nosys.specs -Wl,-Map="ADC_V0.0.map" -Wl,--gc-sections -static --specs=nano.specs -mfpu=fpv4-sp-d16 -mfloat-abi=hard -mthumb -Wl,--start-group -lc -lm -Wl,--end-group
Finished building target: ADC_V0.0.elf
 
arm-none-eabi-size  ADC_V0.0.elf 
arm-none-eabi-objdump -h -S ADC_V0.0.elf  > "ADC_V0.0.list"
   text	   data	    bss	    dec	    hex	filename
  19624	     92	   2140	  21856	   5560	ADC_V0.0.elf
Finished building: default.size.stdout
 
Finished building: ADC_V0.0.list
 

13:50:48 Build Finished. 0 errors, 0 warnings. (took 895ms)

