08:56:20 **** Incremental Build of configuration Debug for project test_new ****
make -j12 all 
arm-none-eabi-gcc "../Core/Src/main.c" -mcpu=cortex-m4 -std=gnu11 -g3 -DDEBUG -DUSE_HAL_DRIVER -DSTM32F303xE -c -I../Core/Inc -I../Drivers/STM32F3xx_HAL_Driver/Inc -I../Drivers/STM32F3xx_HAL_Driver/Inc/Legacy -I../Drivers/CMSIS/Device/ST/STM32F3xx/Include -I../Drivers/CMSIS/Include -O0 -ffunction-sections -fdata-sections -Wall -fstack-usage -fcyclomatic-complexity -MMD -MP -MF"Core/Src/main.d" -MT"Core/Src/main.o" --specs=nano.specs -mfpu=fpv4-sp-d16 -mfloat-abi=hard -mthumb -o "Core/Src/main.o"
arm-none-eabi-gcc -o "test_new.elf" @"objects.list"   -mcpu=cortex-m4 -T"C:\Users\raj\Project\Project\Test\Spanungen_Messung\test_new\STM32F303RETX_FLASH.ld" --specs=nosys.specs -Wl,-Map="test_new.map" -Wl,--gc-sections -static --specs=nano.specs -mfpu=fpv4-sp-d16 -mfloat-abi=hard -mthumb -Wl,--start-group -lc -lm -Wl,--end-group
Finished building target: test_new.elf
 
arm-none-eabi-size  test_new.elf 
arm-none-eabi-objdump -h -S test_new.elf  > "test_new.list"
   text	   data	    bss	    dec	    hex	filename
  20492	     92	   2276	  22860	   594c	test_new.elf
Finished building: default.size.stdout
 
Finished building: test_new.list
 
09:14:31 **** Incremental Build of configuration Debug for project test_new ****
make -j12 all 
arm-none-eabi-gcc "../Core/Src/main.c" -mcpu=cortex-m4 -std=gnu11 -g3 -DDEBUG -DUSE_HAL_DRIVER -DSTM32F303xE -c -I../Core/Inc -I../Drivers/STM32F3xx_HAL_Driver/Inc -I../Drivers/STM32F3xx_HAL_Driver/Inc/Legacy -I../Drivers/CMSIS/Device/ST/STM32F3xx/Include -I../Drivers/CMSIS/Include -O0 -ffunction-sections -fdata-sections -Wall -fstack-usage -fcyclomatic-complexity -MMD -MP -MF"Core/Src/main.d" -MT"Core/Src/main.o" --specs=nano.specs -mfpu=fpv4-sp-d16 -mfloat-abi=hard -mthumb -o "Core/Src/main.o"
arm-none-eabi-gcc -o "test_new.elf" @"objects.list"   -mcpu=cortex-m4 -T"C:\Users\raj\Project\Project\Test\Spanungen_Messung\test_new\STM32F303RETX_FLASH.ld" --specs=nosys.specs -Wl,-Map="test_new.map" -Wl,--gc-sections -static --specs=nano.specs -mfpu=fpv4-sp-d16 -mfloat-abi=hard -mthumb -Wl,--start-group -lc -lm -Wl,--end-group
Finished building target: test_new.elf
 
arm-none-eabi-size  test_new.elf 
arm-none-eabi-objdump -h -S test_new.elf  > "test_new.list"
   text	   data	    bss	    dec	    hex	filename
  20460	     92	   2276	  22828	   592c	test_new.elf
Finished building: default.size.stdout
 
Finished building: test_new.list
 
09:16:40 **** Incremental Build of configuration Debug for project test_new ****
make -j12 all 
arm-none-eabi-gcc "../Core/Src/main.c" -mcpu=cortex-m4 -std=gnu11 -g3 -DDEBUG -DUSE_HAL_DRIVER -DSTM32F303xE -c -I../Core/Inc -I../Drivers/STM32F3xx_HAL_Driver/Inc -I../Drivers/STM32F3xx_HAL_Driver/Inc/Legacy -I../Drivers/CMSIS/Device/ST/STM32F3xx/Include -I../Drivers/CMSIS/Include -O0 -ffunction-sections -fdata-sections -Wall -fstack-usage -fcyclomatic-complexity -MMD -MP -MF"Core/Src/main.d" -MT"Core/Src/main.o" --specs=nano.specs -mfpu=fpv4-sp-d16 -mfloat-abi=hard -mthumb -o "Core/Src/main.o"
arm-none-eabi-gcc -o "test_new.elf" @"objects.list"   -mcpu=cortex-m4 -T"C:\Users\raj\Project\Project\Test\Spanungen_Messung\test_new\STM32F303RETX_FLASH.ld" --specs=nosys.specs -Wl,-Map="test_new.map" -Wl,--gc-sections -static --specs=nano.specs -mfpu=fpv4-sp-d16 -mfloat-abi=hard -mthumb -Wl,--start-group -lc -lm -Wl,--end-group
Finished building target: test_new.elf
 
arm-none-eabi-size  test_new.elf 
arm-none-eabi-objdump -h -S test_new.elf  > "test_new.list"
   text	   data	    bss	    dec	    hex	filename
  20508	     92	   2276	  22876	   595c	test_new.elf
Finished building: default.size.stdout
 
Finished building: test_new.list
 
09:17:50 **** Incremental Build of configuration Debug for project test_new ****
make -j12 all 
arm-none-eabi-gcc -o "test_new.elf" @"objects.list"   -mcpu=cortex-m4 -T"C:\Users\raj\Project\Project\Test\Spanungen_Messung\test_new\STM32F303RETX_FLASH.ld" --specs=nosys.specs -Wl,-Map="test_new.map" -Wl,--gc-sections -static --specs=nano.specs -mfpu=fpv4-sp-d16 -mfloat-abi=hard -mthumb -Wl,--start-group -lc -lm -Wl,--end-group
Finished building target: test_new.elf
 
arm-none-eabi-size  test_new.elf 
arm-none-eabi-objdump -h -S test_new.elf  > "test_new.list"
   text	   data	    bss	    dec	    hex	filename
  20508	     92	   2276	  22876	   595c	test_new.elf
Finished building: default.size.stdout
 
Finished building: test_new.list
 
09:19:41 **** Incremental Build of configuration Debug for project test_new ****
make -j12 all 
arm-none-eabi-gcc "../Core/Src/main.c" -mcpu=cortex-m4 -std=gnu11 -g3 -DDEBUG -DUSE_HAL_DRIVER -DSTM32F303xE -c -I../Core/Inc -I../Drivers/STM32F3xx_HAL_Driver/Inc -I../Drivers/STM32F3xx_HAL_Driver/Inc/Legacy -I../Drivers/CMSIS/Device/ST/STM32F3xx/Include -I../Drivers/CMSIS/Include -O0 -ffunction-sections -fdata-sections -Wall -fstack-usage -fcyclomatic-complexity -MMD -MP -MF"Core/Src/main.d" -MT"Core/Src/main.o" --specs=nano.specs -mfpu=fpv4-sp-d16 -mfloat-abi=hard -mthumb -o "Core/Src/main.o"
arm-none-eabi-gcc -o "test_new.elf" @"objects.list"   -mcpu=cortex-m4 -T"C:\Users\raj\Project\Project\Test\Spanungen_Messung\test_new\STM32F303RETX_FLASH.ld" --specs=nosys.specs -Wl,-Map="test_new.map" -Wl,--gc-sections -static --specs=nano.specs -mfpu=fpv4-sp-d16 -mfloat-abi=hard -mthumb -Wl,--start-group -lc -lm -Wl,--end-group
Finished building target: test_new.elf
 
arm-none-eabi-size  test_new.elf 
arm-none-eabi-objdump -h -S test_new.elf  > "test_new.list"
   text	   data	    bss	    dec	    hex	filename
  20484	     92	   2276	  22852	   5944	test_new.elf
Finished building: default.size.stdout
 
Finished building: test_new.list
 
09:20:54 **** Incremental Build of configuration Debug for project test_new ****
make -j12 all 
arm-none-eabi-gcc "../Core/Src/main.c" -mcpu=cortex-m4 -std=gnu11 -g3 -DDEBUG -DUSE_HAL_DRIVER -DSTM32F303xE -c -I../Core/Inc -I../Drivers/STM32F3xx_HAL_Driver/Inc -I../Drivers/STM32F3xx_HAL_Driver/Inc/Legacy -I../Drivers/CMSIS/Device/ST/STM32F3xx/Include -I../Drivers/CMSIS/Include -O0 -ffunction-sections -fdata-sections -Wall -fstack-usage -fcyclomatic-complexity -MMD -MP -MF"Core/Src/main.d" -MT"Core/Src/main.o" --specs=nano.specs -mfpu=fpv4-sp-d16 -mfloat-abi=hard -mthumb -o "Core/Src/main.o"
arm-none-eabi-gcc -o "test_new.elf" @"objects.list"   -mcpu=cortex-m4 -T"C:\Users\raj\Project\Project\Test\Spanungen_Messung\test_new\STM32F303RETX_FLASH.ld" --specs=nosys.specs -Wl,-Map="test_new.map" -Wl,--gc-sections -static --specs=nano.specs -mfpu=fpv4-sp-d16 -mfloat-abi=hard -mthumb -Wl,--start-group -lc -lm -Wl,--end-group
Finished building target: test_new.elf
 
arm-none-eabi-size  test_new.elf 
arm-none-eabi-objdump -h -S test_new.elf  > "test_new.list"
   text	   data	    bss	    dec	    hex	filename
  20524	     92	   2276	  22892	   596c	test_new.elf
Finished building: default.size.stdout
 
Finished building: test_new.list
 
09:23:34 **** Incremental Build of configuration Debug for project test_new ****
make -j12 all 
arm-none-eabi-gcc "../Core/Src/main.c" -mcpu=cortex-m4 -std=gnu11 -g3 -DDEBUG -DUSE_HAL_DRIVER -DSTM32F303xE -c -I../Core/Inc -I../Drivers/STM32F3xx_HAL_Driver/Inc -I../Drivers/STM32F3xx_HAL_Driver/Inc/Legacy -I../Drivers/CMSIS/Device/ST/STM32F3xx/Include -I../Drivers/CMSIS/Include -O0 -ffunction-sections -fdata-sections -Wall -fstack-usage -fcyclomatic-complexity -MMD -MP -MF"Core/Src/main.d" -MT"Core/Src/main.o" --specs=nano.specs -mfpu=fpv4-sp-d16 -mfloat-abi=hard -mthumb -o "Core/Src/main.o"
arm-none-eabi-gcc -o "test_new.elf" @"objects.list"   -mcpu=cortex-m4 -T"C:\Users\raj\Project\Project\Test\Spanungen_Messung\test_new\STM32F303RETX_FLASH.ld" --specs=nosys.specs -Wl,-Map="test_new.map" -Wl,--gc-sections -static --specs=nano.specs -mfpu=fpv4-sp-d16 -mfloat-abi=hard -mthumb -Wl,--start-group -lc -lm -Wl,--end-group
Finished building target: test_new.elf
 
arm-none-eabi-size  test_new.elf 
arm-none-eabi-objdump -h -S test_new.elf  > "test_new.list"
   text	   data	    bss	    dec	    hex	filename
  20448	     92	   2276	  22816	   5920	test_new.elf
Finished building: default.size.stdout
 
Finished building: test_new.list
 
09:24:25 **** Incremental Build of configuration Debug for project test_new ****
make -j12 all 
arm-none-eabi-gcc "../Core/Src/main.c" -mcpu=cortex-m4 -std=gnu11 -g3 -DDEBUG -DUSE_HAL_DRIVER -DSTM32F303xE -c -I../Core/Inc -I../Drivers/STM32F3xx_HAL_Driver/Inc -I../Drivers/STM32F3xx_HAL_Driver/Inc/Legacy -I../Drivers/CMSIS/Device/ST/STM32F3xx/Include -I../Drivers/CMSIS/Include -O0 -ffunction-sections -fdata-sections -Wall -fstack-usage -fcyclomatic-complexity -MMD -MP -MF"Core/Src/main.d" -MT"Core/Src/main.o" --specs=nano.specs -mfpu=fpv4-sp-d16 -mfloat-abi=hard -mthumb -o "Core/Src/main.o"
arm-none-eabi-gcc -o "test_new.elf" @"objects.list"   -mcpu=cortex-m4 -T"C:\Users\raj\Project\Project\Test\Spanungen_Messung\test_new\STM32F303RETX_FLASH.ld" --specs=nosys.specs -Wl,-Map="test_new.map" -Wl,--gc-sections -static --specs=nano.specs -mfpu=fpv4-sp-d16 -mfloat-abi=hard -mthumb -Wl,--start-group -lc -lm -Wl,--end-group
Finished building target: test_new.elf
 
arm-none-eabi-size  test_new.elf 
arm-none-eabi-objdump -h -S test_new.elf  > "test_new.list"
   text	   data	    bss	    dec	    hex	filename
  20524	     92	   2276	  22892	   596c	test_new.elf
Finished building: default.size.stdout
 
Finished building: test_new.list
 
09:25:34 **** Incremental Build of configuration Debug for project test_new ****
make -j12 all 
arm-none-eabi-gcc "../Core/Src/main.c" -mcpu=cortex-m4 -std=gnu11 -g3 -DDEBUG -DUSE_HAL_DRIVER -DSTM32F303xE -c -I../Core/Inc -I../Drivers/STM32F3xx_HAL_Driver/Inc -I../Drivers/STM32F3xx_HAL_Driver/Inc/Legacy -I../Drivers/CMSIS/Device/ST/STM32F3xx/Include -I../Drivers/CMSIS/Include -O0 -ffunction-sections -fdata-sections -Wall -fstack-usage -fcyclomatic-complexity -MMD -MP -MF"Core/Src/main.d" -MT"Core/Src/main.o" --specs=nano.specs -mfpu=fpv4-sp-d16 -mfloat-abi=hard -mthumb -o "Core/Src/main.o"
arm-none-eabi-gcc -o "test_new.elf" @"objects.list"   -mcpu=cortex-m4 -T"C:\Users\raj\Project\Project\Test\Spanungen_Messung\test_new\STM32F303RETX_FLASH.ld" --specs=nosys.specs -Wl,-Map="test_new.map" -Wl,--gc-sections -static --specs=nano.specs -mfpu=fpv4-sp-d16 -mfloat-abi=hard -mthumb -Wl,--start-group -lc -lm -Wl,--end-group
Finished building target: test_new.elf
 
arm-none-eabi-size  test_new.elf 
arm-none-eabi-objdump -h -S test_new.elf  > "test_new.list"
   text	   data	    bss	    dec	    hex	filename
  20524	     92	   2276	  22892	   596c	test_new.elf
Finished building: default.size.stdout
 
Finished building: test_new.list
 
09:29:10 **** Incremental Build of configuration Debug for project test_new ****
make -j12 all 
arm-none-eabi-gcc "../Core/Src/main.c" -mcpu=cortex-m4 -std=gnu11 -g3 -DDEBUG -DUSE_HAL_DRIVER -DSTM32F303xE -c -I../Core/Inc -I../Drivers/STM32F3xx_HAL_Driver/Inc -I../Drivers/STM32F3xx_HAL_Driver/Inc/Legacy -I../Drivers/CMSIS/Device/ST/STM32F3xx/Include -I../Drivers/CMSIS/Include -O0 -ffunction-sections -fdata-sections -Wall -fstack-usage -fcyclomatic-complexity -MMD -MP -MF"Core/Src/main.d" -MT"Core/Src/main.o" --specs=nano.specs -mfpu=fpv4-sp-d16 -mfloat-abi=hard -mthumb -o "Core/Src/main.o"
arm-none-eabi-gcc -o "test_new.elf" @"objects.list"   -mcpu=cortex-m4 -T"C:\Users\raj\Project\Project\Test\Spanungen_Messung\test_new\STM32F303RETX_FLASH.ld" --specs=nosys.specs -Wl,-Map="test_new.map" -Wl,--gc-sections -static --specs=nano.specs -mfpu=fpv4-sp-d16 -mfloat-abi=hard -mthumb -Wl,--start-group -lc -lm -Wl,--end-group
Finished building target: test_new.elf
 
arm-none-eabi-size  test_new.elf 
arm-none-eabi-objdump -h -S test_new.elf  > "test_new.list"
   text	   data	    bss	    dec	    hex	filename
  20524	     92	   2324	  22940	   599c	test_new.elf
Finished building: default.size.stdout
 
Finished building: test_new.list
 
09:35:50 **** Incremental Build of configuration Debug for project test_new ****
make -j12 all 
arm-none-eabi-gcc "../Core/Src/main.c" -mcpu=cortex-m4 -std=gnu11 -g3 -DDEBUG -DUSE_HAL_DRIVER -DSTM32F303xE -c -I../Core/Inc -I../Drivers/STM32F3xx_HAL_Driver/Inc -I../Drivers/STM32F3xx_HAL_Driver/Inc/Legacy -I../Drivers/CMSIS/Device/ST/STM32F3xx/Include -I../Drivers/CMSIS/Include -O0 -ffunction-sections -fdata-sections -Wall -fstack-usage -fcyclomatic-complexity -MMD -MP -MF"Core/Src/main.d" -MT"Core/Src/main.o" --specs=nano.specs -mfpu=fpv4-sp-d16 -mfloat-abi=hard -mthumb -o "Core/Src/main.o"
arm-none-eabi-gcc -o "test_new.elf" @"objects.list"   -mcpu=cortex-m4 -T"C:\Users\raj\Project\Project\Test\Spanungen_Messung\test_new\STM32F303RETX_FLASH.ld" --specs=nosys.specs -Wl,-Map="test_new.map" -Wl,--gc-sections -static --specs=nano.specs -mfpu=fpv4-sp-d16 -mfloat-abi=hard -mthumb -Wl,--start-group -lc -lm -Wl,--end-group
Finished building target: test_new.elf
 
arm-none-eabi-size  test_new.elf 
arm-none-eabi-objdump -h -S test_new.elf  > "test_new.list"
   text	   data	    bss	    dec	    hex	filename
  20524	     92	   2276	  22892	   596c	test_new.elf
Finished building: default.size.stdout
 
Finished building: test_new.list
 
09:37:58 **** Incremental Build of configuration Debug for project test_new ****
make -j12 all 
arm-none-eabi-gcc "../Core/Src/main.c" -mcpu=cortex-m4 -std=gnu11 -g3 -DDEBUG -DUSE_HAL_DRIVER -DSTM32F303xE -c -I../Core/Inc -I../Drivers/STM32F3xx_HAL_Driver/Inc -I../Drivers/STM32F3xx_HAL_Driver/Inc/Legacy -I../Drivers/CMSIS/Device/ST/STM32F3xx/Include -I../Drivers/CMSIS/Include -O0 -ffunction-sections -fdata-sections -Wall -fstack-usage -fcyclomatic-complexity -MMD -MP -MF"Core/Src/main.d" -MT"Core/Src/main.o" --specs=nano.specs -mfpu=fpv4-sp-d16 -mfloat-abi=hard -mthumb -o "Core/Src/main.o"
arm-none-eabi-gcc -o "test_new.elf" @"objects.list"   -mcpu=cortex-m4 -T"C:\Users\raj\Project\Project\Test\Spanungen_Messung\test_new\STM32F303RETX_FLASH.ld" --specs=nosys.specs -Wl,-Map="test_new.map" -Wl,--gc-sections -static --specs=nano.specs -mfpu=fpv4-sp-d16 -mfloat-abi=hard -mthumb -Wl,--start-group -lc -lm -Wl,--end-group
Finished building target: test_new.elf
 
arm-none-eabi-size  test_new.elf 
arm-none-eabi-objdump -h -S test_new.elf  > "test_new.list"
   text	   data	    bss	    dec	    hex	filename
  21008	     92	   2276	  23376	   5b50	test_new.elf
Finished building: default.size.stdout
 
Finished building: test_new.list
 
09:39:17 **** Incremental Build of configuration Debug for project test_new ****
make -j12 all 
arm-none-eabi-gcc "../Core/Src/main.c" -mcpu=cortex-m4 -std=gnu11 -g3 -DDEBUG -DUSE_HAL_DRIVER -DSTM32F303xE -c -I../Core/Inc -I../Drivers/STM32F3xx_HAL_Driver/Inc -I../Drivers/STM32F3xx_HAL_Driver/Inc/Legacy -I../Drivers/CMSIS/Device/ST/STM32F3xx/Include -I../Drivers/CMSIS/Include -O0 -ffunction-sections -fdata-sections -Wall -fstack-usage -fcyclomatic-complexity -MMD -MP -MF"Core/Src/main.d" -MT"Core/Src/main.o" --specs=nano.specs -mfpu=fpv4-sp-d16 -mfloat-abi=hard -mthumb -o "Core/Src/main.o"
arm-none-eabi-gcc -o "test_new.elf" @"objects.list"   -mcpu=cortex-m4 -T"C:\Users\raj\Project\Project\Test\Spanungen_Messung\test_new\STM32F303RETX_FLASH.ld" --specs=nosys.specs -Wl,-Map="test_new.map" -Wl,--gc-sections -static --specs=nano.specs -mfpu=fpv4-sp-d16 -mfloat-abi=hard -mthumb -Wl,--start-group -lc -lm -Wl,--end-group
Finished building target: test_new.elf
 
arm-none-eabi-size  test_new.elf 
arm-none-eabi-objdump -h -S test_new.elf  > "test_new.list"
   text	   data	    bss	    dec	    hex	filename
  20524	     92	   2276	  22892	   596c	test_new.elf
Finished building: default.size.stdout
 
Finished building: test_new.list
 
09:49:22 **** Incremental Build of configuration Debug for project test_new ****
make -j12 all 
arm-none-eabi-gcc "../Core/Src/main.c" -mcpu=cortex-m4 -std=gnu11 -g3 -DDEBUG -DUSE_HAL_DRIVER -DSTM32F303xE -c -I../Core/Inc -I../Drivers/STM32F3xx_HAL_Driver/Inc -I../Drivers/STM32F3xx_HAL_Driver/Inc/Legacy -I../Drivers/CMSIS/Device/ST/STM32F3xx/Include -I../Drivers/CMSIS/Include -O0 -ffunction-sections -fdata-sections -Wall -fstack-usage -fcyclomatic-complexity -MMD -MP -MF"Core/Src/main.d" -MT"Core/Src/main.o" --specs=nano.specs -mfpu=fpv4-sp-d16 -mfloat-abi=hard -mthumb -o "Core/Src/main.o"
arm-none-eabi-gcc -o "test_new.elf" @"objects.list"   -mcpu=cortex-m4 -T"C:\Users\raj\Project\Project\Test\Spanungen_Messung\test_new\STM32F303RETX_FLASH.ld" --specs=nosys.specs -Wl,-Map="test_new.map" -Wl,--gc-sections -static --specs=nano.specs -mfpu=fpv4-sp-d16 -mfloat-abi=hard -mthumb -Wl,--start-group -lc -lm -Wl,--end-group
Finished building target: test_new.elf
 
arm-none-eabi-size  test_new.elf 
arm-none-eabi-objdump -h -S test_new.elf  > "test_new.list"
   text	   data	    bss	    dec	    hex	filename
  20524	     92	   2276	  22892	   596c	test_new.elf
Finished building: default.size.stdout
 
Finished building: test_new.list
 
09:52:46 **** Incremental Build of configuration Debug for project test_new ****
make -j12 all 
arm-none-eabi-gcc "../Core/Src/main.c" -mcpu=cortex-m4 -std=gnu11 -g3 -DDEBUG -DUSE_HAL_DRIVER -DSTM32F303xE -c -I../Core/Inc -I../Drivers/STM32F3xx_HAL_Driver/Inc -I../Drivers/STM32F3xx_HAL_Driver/Inc/Legacy -I../Drivers/CMSIS/Device/ST/STM32F3xx/Include -I../Drivers/CMSIS/Include -O0 -ffunction-sections -fdata-sections -Wall -fstack-usage -fcyclomatic-complexity -MMD -MP -MF"Core/Src/main.d" -MT"Core/Src/main.o" --specs=nano.specs -mfpu=fpv4-sp-d16 -mfloat-abi=hard -mthumb -o "Core/Src/main.o"
arm-none-eabi-gcc -o "test_new.elf" @"objects.list"   -mcpu=cortex-m4 -T"C:\Users\raj\Project\Project\Test\Spanungen_Messung\test_new\STM32F303RETX_FLASH.ld" --specs=nosys.specs -Wl,-Map="test_new.map" -Wl,--gc-sections -static --specs=nano.specs -mfpu=fpv4-sp-d16 -mfloat-abi=hard -mthumb -Wl,--start-group -lc -lm -Wl,--end-group
Finished building target: test_new.elf
 
arm-none-eabi-size  test_new.elf 
arm-none-eabi-objdump -h -S test_new.elf  > "test_new.list"
   text	   data	    bss	    dec	    hex	filename
  20524	     92	   2276	  22892	   596c	test_new.elf
Finished building: default.size.stdout
 
Finished building: test_new.list
 
09:54:40 **** Incremental Build of configuration Debug for project test_new ****
make -j12 all 
arm-none-eabi-gcc "../Core/Src/main.c" -mcpu=cortex-m4 -std=gnu11 -g3 -DDEBUG -DUSE_HAL_DRIVER -DSTM32F303xE -c -I../Core/Inc -I../Drivers/STM32F3xx_HAL_Driver/Inc -I../Drivers/STM32F3xx_HAL_Driver/Inc/Legacy -I../Drivers/CMSIS/Device/ST/STM32F3xx/Include -I../Drivers/CMSIS/Include -O0 -ffunction-sections -fdata-sections -Wall -fstack-usage -fcyclomatic-complexity -MMD -MP -MF"Core/Src/main.d" -MT"Core/Src/main.o" --specs=nano.specs -mfpu=fpv4-sp-d16 -mfloat-abi=hard -mthumb -o "Core/Src/main.o"
arm-none-eabi-gcc -o "test_new.elf" @"objects.list"   -mcpu=cortex-m4 -T"C:\Users\raj\Project\Project\Test\Spanungen_Messung\test_new\STM32F303RETX_FLASH.ld" --specs=nosys.specs -Wl,-Map="test_new.map" -Wl,--gc-sections -static --specs=nano.specs -mfpu=fpv4-sp-d16 -mfloat-abi=hard -mthumb -Wl,--start-group -lc -lm -Wl,--end-group
Finished building target: test_new.elf
 
arm-none-eabi-size  test_new.elf 
arm-none-eabi-objdump -h -S test_new.elf  > "test_new.list"
   text	   data	    bss	    dec	    hex	filename
  20524	     92	   2276	  22892	   596c	test_new.elf
Finished building: default.size.stdout
 
Finished building: test_new.list
 
09:56:33 **** Incremental Build of configuration Debug for project test_new ****
make -j12 all 
arm-none-eabi-gcc "../Core/Src/main.c" -mcpu=cortex-m4 -std=gnu11 -g3 -DDEBUG -DUSE_HAL_DRIVER -DSTM32F303xE -c -I../Core/Inc -I../Drivers/STM32F3xx_HAL_Driver/Inc -I../Drivers/STM32F3xx_HAL_Driver/Inc/Legacy -I../Drivers/CMSIS/Device/ST/STM32F3xx/Include -I../Drivers/CMSIS/Include -O0 -ffunction-sections -fdata-sections -Wall -fstack-usage -fcyclomatic-complexity -MMD -MP -MF"Core/Src/main.d" -MT"Core/Src/main.o" --specs=nano.specs -mfpu=fpv4-sp-d16 -mfloat-abi=hard -mthumb -o "Core/Src/main.o"
../Core/Src/main.c: In function 'MX_ADC1_Init':
../Core/Src/main.c:221:38: error: 'DISEABLE' undeclared (first use in this function); did you mean 'DISABLE'?
  221 |   hadc1.Init.DiscontinuousConvMode = DISEABLE;
      |                                      ^~~~~~~~
      |                                      DISABLE
../Core/Src/main.c:221:38: note: each undeclared identifier is reported only once for each function it appears in
make: *** [Core/Src/subdir.mk:34: Core/Src/main.o] Error 1
"make -j12 all" terminated with exit code 2. Build might be incomplete.
09:56:44 **** Incremental Build of configuration Debug for project test_new ****
make -j12 all 
arm-none-eabi-gcc "../Core/Src/main.c" -mcpu=cortex-m4 -std=gnu11 -g3 -DDEBUG -DUSE_HAL_DRIVER -DSTM32F303xE -c -I../Core/Inc -I../Drivers/STM32F3xx_HAL_Driver/Inc -I../Drivers/STM32F3xx_HAL_Driver/Inc/Legacy -I../Drivers/CMSIS/Device/ST/STM32F3xx/Include -I../Drivers/CMSIS/Include -O0 -ffunction-sections -fdata-sections -Wall -fstack-usage -fcyclomatic-complexity -MMD -MP -MF"Core/Src/main.d" -MT"Core/Src/main.o" --specs=nano.specs -mfpu=fpv4-sp-d16 -mfloat-abi=hard -mthumb -o "Core/Src/main.o"
../Core/Src/main.c: In function 'MX_ADC1_Init':
../Core/Src/main.c:221:38: error: 'DISEABLE' undeclared (first use in this function); did you mean 'DISABLE'?
  221 |   hadc1.Init.DiscontinuousConvMode = DISEABLE;
      |                                      ^~~~~~~~
      |                                      DISABLE
../Core/Src/main.c:221:38: note: each undeclared identifier is reported only once for each function it appears in
make: *** [Core/Src/subdir.mk:34: Core/Src/main.o] Error 1
"make -j12 all" terminated with exit code 2. Build might be incomplete.
09:56:59 **** Incremental Build of configuration Debug for project test_new ****
make -j12 all 
arm-none-eabi-gcc "../Core/Src/main.c" -mcpu=cortex-m4 -std=gnu11 -g3 -DDEBUG -DUSE_HAL_DRIVER -DSTM32F303xE -c -I../Core/Inc -I../Drivers/STM32F3xx_HAL_Driver/Inc -I../Drivers/STM32F3xx_HAL_Driver/Inc/Legacy -I../Drivers/CMSIS/Device/ST/STM32F3xx/Include -I../Drivers/CMSIS/Include -O0 -ffunction-sections -fdata-sections -Wall -fstack-usage -fcyclomatic-complexity -MMD -MP -MF"Core/Src/main.d" -MT"Core/Src/main.o" --specs=nano.specs -mfpu=fpv4-sp-d16 -mfloat-abi=hard -mthumb -o "Core/Src/main.o"
arm-none-eabi-gcc -o "test_new.elf" @"objects.list"   -mcpu=cortex-m4 -T"C:\Users\raj\Project\Project\Test\Spanungen_Messung\test_new\STM32F303RETX_FLASH.ld" --specs=nosys.specs -Wl,-Map="test_new.map" -Wl,--gc-sections -static --specs=nano.specs -mfpu=fpv4-sp-d16 -mfloat-abi=hard -mthumb -Wl,--start-group -lc -lm -Wl,--end-group
Finished building target: test_new.elf
 
arm-none-eabi-size  test_new.elf 
arm-none-eabi-objdump -h -S test_new.elf  > "test_new.list"
   text	   data	    bss	    dec	    hex	filename
  20524	     92	   2276	  22892	   596c	test_new.elf
Finished building: default.size.stdout
 
Finished building: test_new.list
 
10:09:20 **** Incremental Build of configuration Debug for project test_new ****
make -j12 all 
arm-none-eabi-size  test_new.elf 
   text	   data	    bss	    dec	    hex	filename
  20524	     92	   2276	  22892	   596c	test_new.elf
Finished building: default.size.stdout
 
10:24:45 **** Incremental Build of configuration Debug for project test_new ****
make -j12 all 
arm-none-eabi-gcc "../Core/Src/main.c" -mcpu=cortex-m4 -std=gnu11 -g3 -DDEBUG -DUSE_HAL_DRIVER -DSTM32F303xE -c -I../Core/Inc -I../Drivers/STM32F3xx_HAL_Driver/Inc -I../Drivers/STM32F3xx_HAL_Driver/Inc/Legacy -I../Drivers/CMSIS/Device/ST/STM32F3xx/Include -I../Drivers/CMSIS/Include -O0 -ffunction-sections -fdata-sections -Wall -fstack-usage -fcyclomatic-complexity -MMD -MP -MF"Core/Src/main.d" -MT"Core/Src/main.o" --specs=nano.specs -mfpu=fpv4-sp-d16 -mfloat-abi=hard -mthumb -o "Core/Src/main.o"
arm-none-eabi-gcc -o "test_new.elf" @"objects.list"   -mcpu=cortex-m4 -T"C:\Users\raj\Project\Project\Test\Spanungen_Messung\test_new\STM32F303RETX_FLASH.ld" --specs=nosys.specs -Wl,-Map="test_new.map" -Wl,--gc-sections -static --specs=nano.specs -mfpu=fpv4-sp-d16 -mfloat-abi=hard -mthumb -Wl,--start-group -lc -lm -Wl,--end-group
Finished building target: test_new.elf
 
arm-none-eabi-size  test_new.elf 
arm-none-eabi-objdump -h -S test_new.elf  > "test_new.list"
   text	   data	    bss	    dec	    hex	filename
  20484	     92	   2276	  22852	   5944	test_new.elf
Finished building: default.size.stdout
 
Finished building: test_new.list
 
10:27:25 **** Incremental Build of configuration Debug for project test_new ****
make -j12 all 
arm-none-eabi-gcc "../Core/Src/main.c" -mcpu=cortex-m4 -std=gnu11 -g3 -DDEBUG -DUSE_HAL_DRIVER -DSTM32F303xE -c -I../Core/Inc -I../Drivers/STM32F3xx_HAL_Driver/Inc -I../Drivers/STM32F3xx_HAL_Driver/Inc/Legacy -I../Drivers/CMSIS/Device/ST/STM32F3xx/Include -I../Drivers/CMSIS/Include -O0 -ffunction-sections -fdata-sections -Wall -fstack-usage -fcyclomatic-complexity -MMD -MP -MF"Core/Src/main.d" -MT"Core/Src/main.o" --specs=nano.specs -mfpu=fpv4-sp-d16 -mfloat-abi=hard -mthumb -o "Core/Src/main.o"
arm-none-eabi-gcc -o "test_new.elf" @"objects.list"   -mcpu=cortex-m4 -T"C:\Users\raj\Project\Project\Test\Spanungen_Messung\test_new\STM32F303RETX_FLASH.ld" --specs=nosys.specs -Wl,-Map="test_new.map" -Wl,--gc-sections -static --specs=nano.specs -mfpu=fpv4-sp-d16 -mfloat-abi=hard -mthumb -Wl,--start-group -lc -lm -Wl,--end-group
Finished building target: test_new.elf
 
arm-none-eabi-size  test_new.elf 
arm-none-eabi-objdump -h -S test_new.elf  > "test_new.list"
   text	   data	    bss	    dec	    hex	filename
  20356	     92	   2276	  22724	   58c4	test_new.elf
Finished building: default.size.stdout
 
Finished building: test_new.list
 
10:28:43 **** Incremental Build of configuration Debug for project test_new ****
make -j12 all 
arm-none-eabi-gcc "../Core/Src/main.c" -mcpu=cortex-m4 -std=gnu11 -g3 -DDEBUG -DUSE_HAL_DRIVER -DSTM32F303xE -c -I../Core/Inc -I../Drivers/STM32F3xx_HAL_Driver/Inc -I../Drivers/STM32F3xx_HAL_Driver/Inc/Legacy -I../Drivers/CMSIS/Device/ST/STM32F3xx/Include -I../Drivers/CMSIS/Include -O0 -ffunction-sections -fdata-sections -Wall -fstack-usage -fcyclomatic-complexity -MMD -MP -MF"Core/Src/main.d" -MT"Core/Src/main.o" --specs=nano.specs -mfpu=fpv4-sp-d16 -mfloat-abi=hard -mthumb -o "Core/Src/main.o"
arm-none-eabi-gcc -o "test_new.elf" @"objects.list"   -mcpu=cortex-m4 -T"C:\Users\raj\Project\Project\Test\Spanungen_Messung\test_new\STM32F303RETX_FLASH.ld" --specs=nosys.specs -Wl,-Map="test_new.map" -Wl,--gc-sections -static --specs=nano.specs -mfpu=fpv4-sp-d16 -mfloat-abi=hard -mthumb -Wl,--start-group -lc -lm -Wl,--end-group
Finished building target: test_new.elf
 
arm-none-eabi-size  test_new.elf 
arm-none-eabi-objdump -h -S test_new.elf  > "test_new.list"
   text	   data	    bss	    dec	    hex	filename
  20460	     92	   2276	  22828	   592c	test_new.elf
Finished building: default.size.stdout
 
Finished building: test_new.list
 
10:30:02 **** Incremental Build of configuration Debug for project test_new ****
make -j12 all 
arm-none-eabi-size  test_new.elf 
   text	   data	    bss	    dec	    hex	filename
  20460	     92	   2276	  22828	   592c	test_new.elf
Finished building: default.size.stdout
 
10:31:55 **** Incremental Build of configuration Debug for project test_new ****
make -j12 all 
arm-none-eabi-gcc "../Core/Src/main.c" -mcpu=cortex-m4 -std=gnu11 -g3 -DDEBUG -DUSE_HAL_DRIVER -DSTM32F303xE -c -I../Core/Inc -I../Drivers/STM32F3xx_HAL_Driver/Inc -I../Drivers/STM32F3xx_HAL_Driver/Inc/Legacy -I../Drivers/CMSIS/Device/ST/STM32F3xx/Include -I../Drivers/CMSIS/Include -O0 -ffunction-sections -fdata-sections -Wall -fstack-usage -fcyclomatic-complexity -MMD -MP -MF"Core/Src/main.d" -MT"Core/Src/main.o" --specs=nano.specs -mfpu=fpv4-sp-d16 -mfloat-abi=hard -mthumb -o "Core/Src/main.o"
arm-none-eabi-gcc -o "test_new.elf" @"objects.list"   -mcpu=cortex-m4 -T"C:\Users\raj\Project\Project\Test\Spanungen_Messung\test_new\STM32F303RETX_FLASH.ld" --specs=nosys.specs -Wl,-Map="test_new.map" -Wl,--gc-sections -static --specs=nano.specs -mfpu=fpv4-sp-d16 -mfloat-abi=hard -mthumb -Wl,--start-group -lc -lm -Wl,--end-group
Finished building target: test_new.elf
 
arm-none-eabi-size  test_new.elf 
arm-none-eabi-objdump -h -S test_new.elf  > "test_new.list"
   text	   data	    bss	    dec	    hex	filename
  20460	     92	   2276	  22828	   592c	test_new.elf
Finished building: default.size.stdout
 
Finished building: test_new.list
 
10:32:21 **** Incremental Build of configuration Debug for project test_new ****
make -j12 all 
arm-none-eabi-gcc "../Core/Src/main.c" -mcpu=cortex-m4 -std=gnu11 -g3 -DDEBUG -DUSE_HAL_DRIVER -DSTM32F303xE -c -I../Core/Inc -I../Drivers/STM32F3xx_HAL_Driver/Inc -I../Drivers/STM32F3xx_HAL_Driver/Inc/Legacy -I../Drivers/CMSIS/Device/ST/STM32F3xx/Include -I../Drivers/CMSIS/Include -O0 -ffunction-sections -fdata-sections -Wall -fstack-usage -fcyclomatic-complexity -MMD -MP -MF"Core/Src/main.d" -MT"Core/Src/main.o" --specs=nano.specs -mfpu=fpv4-sp-d16 -mfloat-abi=hard -mthumb -o "Core/Src/main.o"
arm-none-eabi-gcc -o "test_new.elf" @"objects.list"   -mcpu=cortex-m4 -T"C:\Users\raj\Project\Project\Test\Spanungen_Messung\test_new\STM32F303RETX_FLASH.ld" --specs=nosys.specs -Wl,-Map="test_new.map" -Wl,--gc-sections -static --specs=nano.specs -mfpu=fpv4-sp-d16 -mfloat-abi=hard -mthumb -Wl,--start-group -lc -lm -Wl,--end-group
Finished building target: test_new.elf
 
arm-none-eabi-size  test_new.elf 
arm-none-eabi-objdump -h -S test_new.elf  > "test_new.list"
   text	   data	    bss	    dec	    hex	filename
  20468	     92	   2276	  22836	   5934	test_new.elf
Finished building: default.size.stdout
 
Finished building: test_new.list
 
10:36:40 **** Incremental Build of configuration Debug for project test_new ****
make -j12 all 
arm-none-eabi-gcc -o "test_new.elf" @"objects.list"   -mcpu=cortex-m4 -T"C:\Users\raj\Project\Project\Test\Spanungen_Messung\test_new\STM32F303RETX_FLASH.ld" --specs=nosys.specs -Wl,-Map="test_new.map" -Wl,--gc-sections -static --specs=nano.specs -mfpu=fpv4-sp-d16 -mfloat-abi=hard -mthumb -Wl,--start-group -lc -lm -Wl,--end-group
Finished building target: test_new.elf
 
arm-none-eabi-size  test_new.elf 
arm-none-eabi-objdump -h -S test_new.elf  > "test_new.list"
   text	   data	    bss	    dec	    hex	filename
  20468	     92	   2276	  22836	   5934	test_new.elf
Finished building: default.size.stdout
 
Finished building: test_new.list
 
10:37:37 **** Incremental Build of configuration Debug for project test_new ****
make -j12 all 
arm-none-eabi-size  test_new.elf 
   text	   data	    bss	    dec	    hex	filename
  20468	     92	   2276	  22836	   5934	test_new.elf
Finished building: default.size.stdout
 
10:40:05 **** Incremental Build of configuration Debug for project test_new ****
make -j12 all 
arm-none-eabi-gcc "../Core/Src/main.c" -mcpu=cortex-m4 -std=gnu11 -g3 -DDEBUG -DUSE_HAL_DRIVER -DSTM32F303xE -c -I../Core/Inc -I../Drivers/STM32F3xx_HAL_Driver/Inc -I../Drivers/STM32F3xx_HAL_Driver/Inc/Legacy -I../Drivers/CMSIS/Device/ST/STM32F3xx/Include -I../Drivers/CMSIS/Include -O0 -ffunction-sections -fdata-sections -Wall -fstack-usage -fcyclomatic-complexity -MMD -MP -MF"Core/Src/main.d" -MT"Core/Src/main.o" --specs=nano.specs -mfpu=fpv4-sp-d16 -mfloat-abi=hard -mthumb -o "Core/Src/main.o"
arm-none-eabi-gcc -o "test_new.elf" @"objects.list"   -mcpu=cortex-m4 -T"C:\Users\raj\Project\Project\Test\Spanungen_Messung\test_new\STM32F303RETX_FLASH.ld" --specs=nosys.specs -Wl,-Map="test_new.map" -Wl,--gc-sections -static --specs=nano.specs -mfpu=fpv4-sp-d16 -mfloat-abi=hard -mthumb -Wl,--start-group -lc -lm -Wl,--end-group
Finished building target: test_new.elf
 
arm-none-eabi-size  test_new.elf 
arm-none-eabi-objdump -h -S test_new.elf  > "test_new.list"
   text	   data	    bss	    dec	    hex	filename
  20480	     92	   2276	  22848	   5940	test_new.elf
Finished building: default.size.stdout
 
Finished building: test_new.list
 
10:41:47 **** Incremental Build of configuration Debug for project test_new ****
make -j12 all 
arm-none-eabi-gcc "../Core/Src/main.c" -mcpu=cortex-m4 -std=gnu11 -g3 -DDEBUG -DUSE_HAL_DRIVER -DSTM32F303xE -c -I../Core/Inc -I../Drivers/STM32F3xx_HAL_Driver/Inc -I../Drivers/STM32F3xx_HAL_Driver/Inc/Legacy -I../Drivers/CMSIS/Device/ST/STM32F3xx/Include -I../Drivers/CMSIS/Include -O0 -ffunction-sections -fdata-sections -Wall -fstack-usage -fcyclomatic-complexity -MMD -MP -MF"Core/Src/main.d" -MT"Core/Src/main.o" --specs=nano.specs -mfpu=fpv4-sp-d16 -mfloat-abi=hard -mthumb -o "Core/Src/main.o"
arm-none-eabi-gcc -o "test_new.elf" @"objects.list"   -mcpu=cortex-m4 -T"C:\Users\raj\Project\Project\Test\Spanungen_Messung\test_new\STM32F303RETX_FLASH.ld" --specs=nosys.specs -Wl,-Map="test_new.map" -Wl,--gc-sections -static --specs=nano.specs -mfpu=fpv4-sp-d16 -mfloat-abi=hard -mthumb -Wl,--start-group -lc -lm -Wl,--end-group
Finished building target: test_new.elf
 
arm-none-eabi-size  test_new.elf 
arm-none-eabi-objdump -h -S test_new.elf  > "test_new.list"
   text	   data	    bss	    dec	    hex	filename
  20468	     92	   2276	  22836	   5934	test_new.elf
Finished building: default.size.stdout
 
Finished building: test_new.list
 
10:50:15 **** Incremental Build of configuration Debug for project test_new ****
make -j12 all 
arm-none-eabi-gcc "../Core/Src/main.c" -mcpu=cortex-m4 -std=gnu11 -g3 -DDEBUG -DUSE_HAL_DRIVER -DSTM32F303xE -c -I../Core/Inc -I../Drivers/STM32F3xx_HAL_Driver/Inc -I../Drivers/STM32F3xx_HAL_Driver/Inc/Legacy -I../Drivers/CMSIS/Device/ST/STM32F3xx/Include -I../Drivers/CMSIS/Include -O0 -ffunction-sections -fdata-sections -Wall -fstack-usage -fcyclomatic-complexity -MMD -MP -MF"Core/Src/main.d" -MT"Core/Src/main.o" --specs=nano.specs -mfpu=fpv4-sp-d16 -mfloat-abi=hard -mthumb -o "Core/Src/main.o"
arm-none-eabi-gcc -o "test_new.elf" @"objects.list"   -mcpu=cortex-m4 -T"C:\Users\raj\Project\Project\Test\Spanungen_Messung\test_new\STM32F303RETX_FLASH.ld" --specs=nosys.specs -Wl,-Map="test_new.map" -Wl,--gc-sections -static --specs=nano.specs -mfpu=fpv4-sp-d16 -mfloat-abi=hard -mthumb -Wl,--start-group -lc -lm -Wl,--end-group
Finished building target: test_new.elf
 
arm-none-eabi-size  test_new.elf 
arm-none-eabi-objdump -h -S test_new.elf  > "test_new.list"
   text	   data	    bss	    dec	    hex	filename
  20468	     92	   2276	  22836	   5934	test_new.elf
Finished building: default.size.stdout
 
Finished building: test_new.list
 
10:50:39 **** Incremental Build of configuration Debug for project test_new ****
make -j12 all 
arm-none-eabi-size  test_new.elf 
   text	   data	    bss	    dec	    hex	filename
  20468	     92	   2276	  22836	   5934	test_new.elf
Finished building: default.size.stdout
 
10:52:04 **** Incremental Build of configuration Debug for project test_new ****
make -j12 all 
arm-none-eabi-gcc "../Core/Src/main.c" -mcpu=cortex-m4 -std=gnu11 -g3 -DDEBUG -DUSE_HAL_DRIVER -DSTM32F303xE -c -I../Core/Inc -I../Drivers/STM32F3xx_HAL_Driver/Inc -I../Drivers/STM32F3xx_HAL_Driver/Inc/Legacy -I../Drivers/CMSIS/Device/ST/STM32F3xx/Include -I../Drivers/CMSIS/Include -O0 -ffunction-sections -fdata-sections -Wall -fstack-usage -fcyclomatic-complexity -MMD -MP -MF"Core/Src/main.d" -MT"Core/Src/main.o" --specs=nano.specs -mfpu=fpv4-sp-d16 -mfloat-abi=hard -mthumb -o "Core/Src/main.o"
arm-none-eabi-gcc -o "test_new.elf" @"objects.list"   -mcpu=cortex-m4 -T"C:\Users\raj\Project\Project\Test\Spanungen_Messung\test_new\STM32F303RETX_FLASH.ld" --specs=nosys.specs -Wl,-Map="test_new.map" -Wl,--gc-sections -static --specs=nano.specs -mfpu=fpv4-sp-d16 -mfloat-abi=hard -mthumb -Wl,--start-group -lc -lm -Wl,--end-group
Finished building target: test_new.elf
 
arm-none-eabi-size  test_new.elf 
arm-none-eabi-objdump -h -S test_new.elf  > "test_new.list"
   text	   data	    bss	    dec	    hex	filename
  20468	     92	   2276	  22836	   5934	test_new.elf
Finished building: default.size.stdout
 
Finished building: test_new.list
 
10:57:31 **** Incremental Build of configuration Debug for project test_new ****
make -j12 all 
arm-none-eabi-gcc "../Core/Src/main.c" -mcpu=cortex-m4 -std=gnu11 -g3 -DDEBUG -DUSE_HAL_DRIVER -DSTM32F303xE -c -I../Core/Inc -I../Drivers/STM32F3xx_HAL_Driver/Inc -I../Drivers/STM32F3xx_HAL_Driver/Inc/Legacy -I../Drivers/CMSIS/Device/ST/STM32F3xx/Include -I../Drivers/CMSIS/Include -O0 -ffunction-sections -fdata-sections -Wall -fstack-usage -fcyclomatic-complexity -MMD -MP -MF"Core/Src/main.d" -MT"Core/Src/main.o" --specs=nano.specs -mfpu=fpv4-sp-d16 -mfloat-abi=hard -mthumb -o "Core/Src/main.o"
arm-none-eabi-gcc -o "test_new.elf" @"objects.list"   -mcpu=cortex-m4 -T"C:\Users\raj\Project\Project\Test\Spanungen_Messung\test_new\STM32F303RETX_FLASH.ld" --specs=nosys.specs -Wl,-Map="test_new.map" -Wl,--gc-sections -static --specs=nano.specs -mfpu=fpv4-sp-d16 -mfloat-abi=hard -mthumb -Wl,--start-group -lc -lm -Wl,--end-group
Finished building target: test_new.elf
 
arm-none-eabi-size  test_new.elf 
arm-none-eabi-objdump -h -S test_new.elf  > "test_new.list"
   text	   data	    bss	    dec	    hex	filename
  20468	     92	   2276	  22836	   5934	test_new.elf
Finished building: default.size.stdout
 
Finished building: test_new.list
 
10:59:43 **** Incremental Build of configuration Debug for project test_new ****
make -j12 all 
arm-none-eabi-gcc "../Core/Src/main.c" -mcpu=cortex-m4 -std=gnu11 -g3 -DDEBUG -DUSE_HAL_DRIVER -DSTM32F303xE -c -I../Core/Inc -I../Drivers/STM32F3xx_HAL_Driver/Inc -I../Drivers/STM32F3xx_HAL_Driver/Inc/Legacy -I../Drivers/CMSIS/Device/ST/STM32F3xx/Include -I../Drivers/CMSIS/Include -O0 -ffunction-sections -fdata-sections -Wall -fstack-usage -fcyclomatic-complexity -MMD -MP -MF"Core/Src/main.d" -MT"Core/Src/main.o" --specs=nano.specs -mfpu=fpv4-sp-d16 -mfloat-abi=hard -mthumb -o "Core/Src/main.o"
arm-none-eabi-gcc -o "test_new.elf" @"objects.list"   -mcpu=cortex-m4 -T"C:\Users\raj\Project\Project\Test\Spanungen_Messung\test_new\STM32F303RETX_FLASH.ld" --specs=nosys.specs -Wl,-Map="test_new.map" -Wl,--gc-sections -static --specs=nano.specs -mfpu=fpv4-sp-d16 -mfloat-abi=hard -mthumb -Wl,--start-group -lc -lm -Wl,--end-group
Finished building target: test_new.elf
 
arm-none-eabi-size  test_new.elf 
arm-none-eabi-objdump -h -S test_new.elf  > "test_new.list"
   text	   data	    bss	    dec	    hex	filename
  20932	     92	   2276	  23300	   5b04	test_new.elf
Finished building: default.size.stdout
 
Finished building: test_new.list
 
11:01:34 **** Incremental Build of configuration Debug for project test_new ****
make -j12 all 
arm-none-eabi-gcc "../Core/Src/main.c" -mcpu=cortex-m4 -std=gnu11 -g3 -DDEBUG -DUSE_HAL_DRIVER -DSTM32F303xE -c -I../Core/Inc -I../Drivers/STM32F3xx_HAL_Driver/Inc -I../Drivers/STM32F3xx_HAL_Driver/Inc/Legacy -I../Drivers/CMSIS/Device/ST/STM32F3xx/Include -I../Drivers/CMSIS/Include -O0 -ffunction-sections -fdata-sections -Wall -fstack-usage -fcyclomatic-complexity -MMD -MP -MF"Core/Src/main.d" -MT"Core/Src/main.o" --specs=nano.specs -mfpu=fpv4-sp-d16 -mfloat-abi=hard -mthumb -o "Core/Src/main.o"
arm-none-eabi-gcc -o "test_new.elf" @"objects.list"   -mcpu=cortex-m4 -T"C:\Users\raj\Project\Project\Test\Spanungen_Messung\test_new\STM32F303RETX_FLASH.ld" --specs=nosys.specs -Wl,-Map="test_new.map" -Wl,--gc-sections -static --specs=nano.specs -mfpu=fpv4-sp-d16 -mfloat-abi=hard -mthumb -Wl,--start-group -lc -lm -Wl,--end-group
Finished building target: test_new.elf
 
arm-none-eabi-size  test_new.elf 
arm-none-eabi-objdump -h -S test_new.elf  > "test_new.list"
   text	   data	    bss	    dec	    hex	filename
  20932	     92	   2276	  23300	   5b04	test_new.elf
Finished building: default.size.stdout
 
Finished building: test_new.list
 
11:03:41 **** Incremental Build of configuration Debug for project test_new ****
make -j12 all 
arm-none-eabi-gcc "../Core/Src/main.c" -mcpu=cortex-m4 -std=gnu11 -g3 -DDEBUG -DUSE_HAL_DRIVER -DSTM32F303xE -c -I../Core/Inc -I../Drivers/STM32F3xx_HAL_Driver/Inc -I../Drivers/STM32F3xx_HAL_Driver/Inc/Legacy -I../Drivers/CMSIS/Device/ST/STM32F3xx/Include -I../Drivers/CMSIS/Include -O0 -ffunction-sections -fdata-sections -Wall -fstack-usage -fcyclomatic-complexity -MMD -MP -MF"Core/Src/main.d" -MT"Core/Src/main.o" --specs=nano.specs -mfpu=fpv4-sp-d16 -mfloat-abi=hard -mthumb -o "Core/Src/main.o"
arm-none-eabi-gcc -o "test_new.elf" @"objects.list"   -mcpu=cortex-m4 -T"C:\Users\raj\Project\Project\Test\Spanungen_Messung\test_new\STM32F303RETX_FLASH.ld" --specs=nosys.specs -Wl,-Map="test_new.map" -Wl,--gc-sections -static --specs=nano.specs -mfpu=fpv4-sp-d16 -mfloat-abi=hard -mthumb -Wl,--start-group -lc -lm -Wl,--end-group
Finished building target: test_new.elf
 
arm-none-eabi-size  test_new.elf 
arm-none-eabi-objdump -h -S test_new.elf  > "test_new.list"
   text	   data	    bss	    dec	    hex	filename
  20912	     92	   2276	  23280	   5af0	test_new.elf
Finished building: default.size.stdout
 
Finished building: test_new.list
 
11:04:35 **** Incremental Build of configuration Debug for project test_new ****
make -j12 all 
arm-none-eabi-gcc "../Core/Src/main.c" -mcpu=cortex-m4 -std=gnu11 -g3 -DDEBUG -DUSE_HAL_DRIVER -DSTM32F303xE -c -I../Core/Inc -I../Drivers/STM32F3xx_HAL_Driver/Inc -I../Drivers/STM32F3xx_HAL_Driver/Inc/Legacy -I../Drivers/CMSIS/Device/ST/STM32F3xx/Include -I../Drivers/CMSIS/Include -O0 -ffunction-sections -fdata-sections -Wall -fstack-usage -fcyclomatic-complexity -MMD -MP -MF"Core/Src/main.d" -MT"Core/Src/main.o" --specs=nano.specs -mfpu=fpv4-sp-d16 -mfloat-abi=hard -mthumb -o "Core/Src/main.o"
arm-none-eabi-gcc -o "test_new.elf" @"objects.list"   -mcpu=cortex-m4 -T"C:\Users\raj\Project\Project\Test\Spanungen_Messung\test_new\STM32F303RETX_FLASH.ld" --specs=nosys.specs -Wl,-Map="test_new.map" -Wl,--gc-sections -static --specs=nano.specs -mfpu=fpv4-sp-d16 -mfloat-abi=hard -mthumb -Wl,--start-group -lc -lm -Wl,--end-group
Finished building target: test_new.elf
 
arm-none-eabi-size  test_new.elf 
arm-none-eabi-objdump -h -S test_new.elf  > "test_new.list"
   text	   data	    bss	    dec	    hex	filename
  20920	     92	   2276	  23288	   5af8	test_new.elf
Finished building: default.size.stdout
 
Finished building: test_new.list
 
11:11:45 **** Incremental Build of configuration Debug for project test_new ****
make -j12 all 
arm-none-eabi-gcc "../Core/Src/main.c" -mcpu=cortex-m4 -std=gnu11 -g3 -DDEBUG -DUSE_HAL_DRIVER -DSTM32F303xE -c -I../Core/Inc -I../Drivers/STM32F3xx_HAL_Driver/Inc -I../Drivers/STM32F3xx_HAL_Driver/Inc/Legacy -I../Drivers/CMSIS/Device/ST/STM32F3xx/Include -I../Drivers/CMSIS/Include -O0 -ffunction-sections -fdata-sections -Wall -fstack-usage -fcyclomatic-complexity -MMD -MP -MF"Core/Src/main.d" -MT"Core/Src/main.o" --specs=nano.specs -mfpu=fpv4-sp-d16 -mfloat-abi=hard -mthumb -o "Core/Src/main.o"
arm-none-eabi-gcc -o "test_new.elf" @"objects.list"   -mcpu=cortex-m4 -T"C:\Users\raj\Project\Project\Test\Spanungen_Messung\test_new\STM32F303RETX_FLASH.ld" --specs=nosys.specs -Wl,-Map="test_new.map" -Wl,--gc-sections -static --specs=nano.specs -mfpu=fpv4-sp-d16 -mfloat-abi=hard -mthumb -Wl,--start-group -lc -lm -Wl,--end-group
Finished building target: test_new.elf
 
arm-none-eabi-size  test_new.elf 
arm-none-eabi-objdump -h -S test_new.elf  > "test_new.list"
   text	   data	    bss	    dec	    hex	filename
  20912	     92	   2276	  23280	   5af0	test_new.elf
Finished building: default.size.stdout
 
Finished building: test_new.list
 
11:14:15 **** Incremental Build of configuration Debug for project test_new ****
make -j12 all 
arm-none-eabi-gcc -o "test_new.elf" @"objects.list"   -mcpu=cortex-m4 -T"C:\Users\raj\Project\Project\Test\Spanungen_Messung\test_new\STM32F303RETX_FLASH.ld" --specs=nosys.specs -Wl,-Map="test_new.map" -Wl,--gc-sections -static --specs=nano.specs -mfpu=fpv4-sp-d16 -mfloat-abi=hard -mthumb -Wl,--start-group -lc -lm -Wl,--end-group
Finished building target: test_new.elf
 
arm-none-eabi-size  test_new.elf 
arm-none-eabi-objdump -h -S test_new.elf  > "test_new.list"
   text	   data	    bss	    dec	    hex	filename
  20912	     92	   2276	  23280	   5af0	test_new.elf
Finished building: default.size.stdout
 
Finished building: test_new.list
 
11:21:33 **** Incremental Build of configuration Debug for project test_new ****
make -j12 all 
arm-none-eabi-gcc "../Core/Src/main.c" -mcpu=cortex-m4 -std=gnu11 -g3 -DDEBUG -DUSE_HAL_DRIVER -DSTM32F303xE -c -I../Core/Inc -I../Drivers/STM32F3xx_HAL_Driver/Inc -I../Drivers/STM32F3xx_HAL_Driver/Inc/Legacy -I../Drivers/CMSIS/Device/ST/STM32F3xx/Include -I../Drivers/CMSIS/Include -O0 -ffunction-sections -fdata-sections -Wall -fstack-usage -fcyclomatic-complexity -MMD -MP -MF"Core/Src/main.d" -MT"Core/Src/main.o" --specs=nano.specs -mfpu=fpv4-sp-d16 -mfloat-abi=hard -mthumb -o "Core/Src/main.o"
arm-none-eabi-gcc "../Core/Src/stm32f3xx_hal_msp.c" -mcpu=cortex-m4 -std=gnu11 -g3 -DDEBUG -DUSE_HAL_DRIVER -DSTM32F303xE -c -I../Core/Inc -I../Drivers/STM32F3xx_HAL_Driver/Inc -I../Drivers/STM32F3xx_HAL_Driver/Inc/Legacy -I../Drivers/CMSIS/Device/ST/STM32F3xx/Include -I../Drivers/CMSIS/Include -O0 -ffunction-sections -fdata-sections -Wall -fstack-usage -fcyclomatic-complexity -MMD -MP -MF"Core/Src/stm32f3xx_hal_msp.d" -MT"Core/Src/stm32f3xx_hal_msp.o" --specs=nano.specs -mfpu=fpv4-sp-d16 -mfloat-abi=hard -mthumb -o "Core/Src/stm32f3xx_hal_msp.o"
arm-none-eabi-gcc -o "test_new.elf" @"objects.list"   -mcpu=cortex-m4 -T"C:\Users\raj\Project\Project\Test\Spanungen_Messung\test_new\STM32F303RETX_FLASH.ld" --specs=nosys.specs -Wl,-Map="test_new.map" -Wl,--gc-sections -static --specs=nano.specs -mfpu=fpv4-sp-d16 -mfloat-abi=hard -mthumb -Wl,--start-group -lc -lm -Wl,--end-group
Finished building target: test_new.elf
 
arm-none-eabi-size  test_new.elf 
arm-none-eabi-objdump -h -S test_new.elf  > "test_new.list"
   text	   data	    bss	    dec	    hex	filename
  20832	     92	   2268	  23192	   5a98	test_new.elf
Finished building: default.size.stdout
 
Finished building: test_new.list
 
11:23:32 **** Incremental Build of configuration Debug for project test_new ****
make -j12 all 
arm-none-eabi-gcc "../Core/Src/main.c" -mcpu=cortex-m4 -std=gnu11 -g3 -DDEBUG -DUSE_HAL_DRIVER -DSTM32F303xE -c -I../Core/Inc -I../Drivers/STM32F3xx_HAL_Driver/Inc -I../Drivers/STM32F3xx_HAL_Driver/Inc/Legacy -I../Drivers/CMSIS/Device/ST/STM32F3xx/Include -I../Drivers/CMSIS/Include -O0 -ffunction-sections -fdata-sections -Wall -fstack-usage -fcyclomatic-complexity -MMD -MP -MF"Core/Src/main.d" -MT"Core/Src/main.o" --specs=nano.specs -mfpu=fpv4-sp-d16 -mfloat-abi=hard -mthumb -o "Core/Src/main.o"
arm-none-eabi-gcc -o "test_new.elf" @"objects.list"   -mcpu=cortex-m4 -T"C:\Users\raj\Project\Project\Test\Spanungen_Messung\test_new\STM32F303RETX_FLASH.ld" --specs=nosys.specs -Wl,-Map="test_new.map" -Wl,--gc-sections -static --specs=nano.specs -mfpu=fpv4-sp-d16 -mfloat-abi=hard -mthumb -Wl,--start-group -lc -lm -Wl,--end-group
Finished building target: test_new.elf
 
arm-none-eabi-size  test_new.elf 
arm-none-eabi-objdump -h -S test_new.elf  > "test_new.list"
   text	   data	    bss	    dec	    hex	filename
  20884	     92	   2268	  23244	   5acc	test_new.elf
Finished building: default.size.stdout
 
Finished building: test_new.list
 
11:27:40 **** Incremental Build of configuration Debug for project test_new ****
make -j12 all 
arm-none-eabi-gcc "../Core/Src/main.c" -mcpu=cortex-m4 -std=gnu11 -g3 -DDEBUG -DUSE_HAL_DRIVER -DSTM32F303xE -c -I../Core/Inc -I../Drivers/STM32F3xx_HAL_Driver/Inc -I../Drivers/STM32F3xx_HAL_Driver/Inc/Legacy -I../Drivers/CMSIS/Device/ST/STM32F3xx/Include -I../Drivers/CMSIS/Include -O0 -ffunction-sections -fdata-sections -Wall -fstack-usage -fcyclomatic-complexity -MMD -MP -MF"Core/Src/main.d" -MT"Core/Src/main.o" --specs=nano.specs -mfpu=fpv4-sp-d16 -mfloat-abi=hard -mthumb -o "Core/Src/main.o"
arm-none-eabi-gcc "../Core/Src/stm32f3xx_hal_msp.c" -mcpu=cortex-m4 -std=gnu11 -g3 -DDEBUG -DUSE_HAL_DRIVER -DSTM32F303xE -c -I../Core/Inc -I../Drivers/STM32F3xx_HAL_Driver/Inc -I../Drivers/STM32F3xx_HAL_Driver/Inc/Legacy -I../Drivers/CMSIS/Device/ST/STM32F3xx/Include -I../Drivers/CMSIS/Include -O0 -ffunction-sections -fdata-sections -Wall -fstack-usage -fcyclomatic-complexity -MMD -MP -MF"Core/Src/stm32f3xx_hal_msp.d" -MT"Core/Src/stm32f3xx_hal_msp.o" --specs=nano.specs -mfpu=fpv4-sp-d16 -mfloat-abi=hard -mthumb -o "Core/Src/stm32f3xx_hal_msp.o"
arm-none-eabi-gcc -o "test_new.elf" @"objects.list"   -mcpu=cortex-m4 -T"C:\Users\raj\Project\Project\Test\Spanungen_Messung\test_new\STM32F303RETX_FLASH.ld" --specs=nosys.specs -Wl,-Map="test_new.map" -Wl,--gc-sections -static --specs=nano.specs -mfpu=fpv4-sp-d16 -mfloat-abi=hard -mthumb -Wl,--start-group -lc -lm -Wl,--end-group
Finished building target: test_new.elf
 
arm-none-eabi-size  test_new.elf 
arm-none-eabi-objdump -h -S test_new.elf  > "test_new.list"
   text	   data	    bss	    dec	    hex	filename
  21216	     92	   2356	  23664	   5c70	test_new.elf
Finished building: default.size.stdout
 
Finished building: test_new.list
 
11:31:23 **** Incremental Build of configuration Debug for project test_new ****
make -j12 all 
arm-none-eabi-gcc "../Core/Src/main.c" -mcpu=cortex-m4 -std=gnu11 -g3 -DDEBUG -DUSE_HAL_DRIVER -DSTM32F303xE -c -I../Core/Inc -I../Drivers/STM32F3xx_HAL_Driver/Inc -I../Drivers/STM32F3xx_HAL_Driver/Inc/Legacy -I../Drivers/CMSIS/Device/ST/STM32F3xx/Include -I../Drivers/CMSIS/Include -O0 -ffunction-sections -fdata-sections -Wall -fstack-usage -fcyclomatic-complexity -MMD -MP -MF"Core/Src/main.d" -MT"Core/Src/main.o" --specs=nano.specs -mfpu=fpv4-sp-d16 -mfloat-abi=hard -mthumb -o "Core/Src/main.o"
arm-none-eabi-gcc -o "test_new.elf" @"objects.list"   -mcpu=cortex-m4 -T"C:\Users\raj\Project\Project\Test\Spanungen_Messung\test_new\STM32F303RETX_FLASH.ld" --specs=nosys.specs -Wl,-Map="test_new.map" -Wl,--gc-sections -static --specs=nano.specs -mfpu=fpv4-sp-d16 -mfloat-abi=hard -mthumb -Wl,--start-group -lc -lm -Wl,--end-group
Finished building target: test_new.elf
 
arm-none-eabi-size  test_new.elf 
arm-none-eabi-objdump -h -S test_new.elf  > "test_new.list"
   text	   data	    bss	    dec	    hex	filename
  21244	     92	   2356	  23692	   5c8c	test_new.elf
Finished building: default.size.stdout
 
Finished building: test_new.list
 
11:34:22 **** Incremental Build of configuration Debug for project test_new ****
make -j12 all 
arm-none-eabi-gcc "../Core/Src/main.c" -mcpu=cortex-m4 -std=gnu11 -g3 -DDEBUG -DUSE_HAL_DRIVER -DSTM32F303xE -c -I../Core/Inc -I../Drivers/STM32F3xx_HAL_Driver/Inc -I../Drivers/STM32F3xx_HAL_Driver/Inc/Legacy -I../Drivers/CMSIS/Device/ST/STM32F3xx/Include -I../Drivers/CMSIS/Include -O0 -ffunction-sections -fdata-sections -Wall -fstack-usage -fcyclomatic-complexity -MMD -MP -MF"Core/Src/main.d" -MT"Core/Src/main.o" --specs=nano.specs -mfpu=fpv4-sp-d16 -mfloat-abi=hard -mthumb -o "Core/Src/main.o"
../Core/Src/main.c: In function 'main':
../Core/Src/main.c:129:11: warning: implicit declaration of function 'AL_ADC_Stop'; did you mean 'HAL_ADC_Stop'? [-Wimplicit-function-declaration]
  129 |           AL_ADC_Stop(&hadc3);
      |           ^~~~~~~~~~~
      |           HAL_ADC_Stop
arm-none-eabi-gcc -o "test_new.elf" @"objects.list"   -mcpu=cortex-m4 -T"C:\Users\raj\Project\Project\Test\Spanungen_Messung\test_new\STM32F303RETX_FLASH.ld" --specs=nosys.specs -Wl,-Map="test_new.map" -Wl,--gc-sections -static --specs=nano.specs -mfpu=fpv4-sp-d16 -mfloat-abi=hard -mthumb -Wl,--start-group -lc -lm -Wl,--end-group
C:/ST/STM32CubeIDE_1.17.0/STM32CubeIDE/plugins/com.st.stm32cube.ide.mcu.externaltools.gnu-tools-for-stm32.12.3.rel1.win32_1.1.0.202410251130/tools/bin/../lib/gcc/arm-none-eabi/12.3.1/../../../../arm-none-eabi/bin/ld.exe: ./Core/Src/main.o: in function `main':
C:/Users/raj/Project/Project/Test/Spanungen_Messung/test_new/Debug/../Core/Src/main.c:129: undefined reference to `AL_ADC_Stop'
collect2.exe: error: ld returned 1 exit status
make: *** [makefile:64: test_new.elf] Error 1
"make -j12 all" terminated with exit code 2. Build might be incomplete.
11:34:38 **** Incremental Build of configuration Debug for project test_new ****
make -j12 all 
arm-none-eabi-gcc "../Core/Src/main.c" -mcpu=cortex-m4 -std=gnu11 -g3 -DDEBUG -DUSE_HAL_DRIVER -DSTM32F303xE -c -I../Core/Inc -I../Drivers/STM32F3xx_HAL_Driver/Inc -I../Drivers/STM32F3xx_HAL_Driver/Inc/Legacy -I../Drivers/CMSIS/Device/ST/STM32F3xx/Include -I../Drivers/CMSIS/Include -O0 -ffunction-sections -fdata-sections -Wall -fstack-usage -fcyclomatic-complexity -MMD -MP -MF"Core/Src/main.d" -MT"Core/Src/main.o" --specs=nano.specs -mfpu=fpv4-sp-d16 -mfloat-abi=hard -mthumb -o "Core/Src/main.o"
arm-none-eabi-gcc -o "test_new.elf" @"objects.list"   -mcpu=cortex-m4 -T"C:\Users\raj\Project\Project\Test\Spanungen_Messung\test_new\STM32F303RETX_FLASH.ld" --specs=nosys.specs -Wl,-Map="test_new.map" -Wl,--gc-sections -static --specs=nano.specs -mfpu=fpv4-sp-d16 -mfloat-abi=hard -mthumb -Wl,--start-group -lc -lm -Wl,--end-group
Finished building target: test_new.elf
 
arm-none-eabi-size  test_new.elf 
arm-none-eabi-objdump -h -S test_new.elf  > "test_new.list"
   text	   data	    bss	    dec	    hex	filename
  21248	     92	   2356	  23696	   5c90	test_new.elf
Finished building: default.size.stdout
 
Finished building: test_new.list
 
