11:34:38 **** Incremental Build of configuration Debug for project test_new ****
make -j12 all 
arm-none-eabi-gcc "../Core/Src/main.c" -mcpu=cortex-m4 -std=gnu11 -g3 -DDEBUG -DUSE_HAL_DRIVER -DSTM32F303xE -c -I../Core/Inc -I../Drivers/STM32F3xx_HAL_Driver/Inc -I../Drivers/STM32F3xx_HAL_Driver/Inc/Legacy -I../Drivers/CMSIS/Device/ST/STM32F3xx/Include -I../Drivers/CMSIS/Include -O0 -ffunction-sections -fdata-sections -Wall -fstack-usage -fcyclomatic-complexity -MMD -MP -MF"Core/Src/main.d" -MT"Core/Src/main.o" --specs=nano.specs -mfpu=fpv4-sp-d16 -mfloat-abi=hard -mthumb -o "Core/Src/main.o"
arm-none-eabi-gcc -o "test_new.elf" @"objects.list"   -mcpu=cortex-m4 -T"C:\Users\raj\Project\Project\Test\Spanungen_Messung\test_new\STM32F303RETX_FLASH.ld" --specs=nosys.specs -Wl,-Map="test_new.map" -Wl,--gc-sections -static --specs=nano.specs -mfpu=fpv4-sp-d16 -mfloat-abi=hard -mthumb -Wl,--start-group -lc -lm -Wl,--end-group
Finished building target: test_new.elf
 
arm-none-eabi-size  test_new.elf 
arm-none-eabi-objdump -h -S test_new.elf  > "test_new.list"
   text	   data	    bss	    dec	    hex	filename
  21248	     92	   2356	  23696	   5c90	test_new.elf
Finished building: default.size.stdout
 
Finished building: test_new.list
 

11:34:39 Build Finished. 0 errors, 0 warnings. (took 803ms)

