2025-02-18 09:03:05,034 [INFO] Activator:176 - 


2025-02-18 09:03:05,035 [INFO] Activator:177 - !SESSION log4j initialized
2025-02-18 09:03:09,269 [INFO] LogOutputStream:77 - [STDOUT_REDIRECT] 
2025-02-18 09:03:11,061 [INFO] ApplicationProperties:184 - Using Application install path: C:\ST\STM32CubeIDE_1.17.0\STM32CubeIDE\plugins\com.st.stm32cube.common.mx_6.13.0.202411220809
2025-02-18 09:03:11,076 [INFO] DbMcusXml:78 - Set database path to: C:\ST\STM32CubeIDE_1.17.0\STM32CubeIDE\plugins\com.st.stm32cube.common.mx_6.13.0.202411220809\\db\/mcu/
2025-02-18 09:03:11,076 [INFO] ApiDb:274 - Set plugin database path to: C:\ST\STM32CubeIDE_1.17.0\STM32CubeIDE\plugins\com.st.stm32cube.common.mx_6.13.0.202411220809\\db\/plugins/boardmanager/
2025-02-18 09:03:11,077 [WARN] ApiDb:259 - Overriding images path with different value:  => C:\ST\STM32CubeIDE_1.17.0\STM32CubeIDE\plugins\com.st.stm32cube.common.mx_6.13.0.202411220809\\db\/plugins/mcufinder/images/
2025-02-18 09:03:11,085 [INFO] ApiDb:250 - Set database path to: C:\Users\raj\.stmcufinder\plugins\mcufinder//mcu/
2025-02-18 09:03:11,087 [INFO] DbMcusAds:125 - Set database path to: C:\Users\raj\.stmcufinder\plugins\mcufinder//mcu/
2025-02-18 09:03:11,089 [INFO] CrossReferenceDbSqlite:203 - Set database path to: C:\Users\raj\.stmcufinder\plugins\mcufinder//mcu/cs/
2025-02-18 09:03:11,196 [INFO] RulesReader:64 - Compatibility file has been processed (297 Rules)
2025-02-18 09:03:11,262 [INFO] DbMcusXml:78 - Set database path to: C:\ST\STM32CubeIDE_1.17.0\STM32CubeIDE\plugins\com.st.stm32cube.common.mx_6.13.0.202411220809\\db\/mcu/
2025-02-18 09:03:11,262 [INFO] ApiDb:274 - Set plugin database path to: C:\ST\STM32CubeIDE_1.17.0\STM32CubeIDE\plugins\com.st.stm32cube.common.mx_6.13.0.202411220809\\db\/plugins/boardmanager/
2025-02-18 09:03:11,263 [INFO] ApiDb:261 - Set plugin images path to: C:\ST\STM32CubeIDE_1.17.0\STM32CubeIDE\plugins\com.st.stm32cube.common.mx_6.13.0.202411220809\\db\/plugins/mcufinder/images/
2025-02-18 09:03:11,263 [WARN] DbFile:41 - Overriding database path with different value: C:\Users\raj\.stmcufinder\plugins\mcufinder/ => C:\Users\raj\.stmcufinder\plugins\mcufinder
2025-02-18 09:03:11,263 [INFO] ApiDb:250 - Set database path to: C:\Users\raj\.stmcufinder\plugins\mcufinder//mcu/
2025-02-18 09:03:11,263 [WARN] DbFile:41 - Overriding database path with different value: C:\Users\raj\.stmcufinder\plugins\mcufinder/ => C:\Users\raj\.stmcufinder\plugins\mcufinder
2025-02-18 09:03:11,263 [INFO] DbMcusAds:125 - Set database path to: C:\Users\raj\.stmcufinder\plugins\mcufinder//mcu/
2025-02-18 09:03:11,263 [WARN] DbFile:41 - Overriding database path with different value: C:\Users\raj\.stmcufinder\plugins\mcufinder/ => C:\Users\raj\.stmcufinder\plugins\mcufinder
2025-02-18 09:03:11,263 [WARN] DbFile:41 - Overriding database path with different value: C:\Users\raj\.stmcufinder\plugins\mcufinder/ => C:\Users\raj\.stmcufinder\plugins\mcufinder
2025-02-18 09:03:11,263 [INFO] CrossReferenceDbSqlite:203 - Set database path to: C:\Users\raj\.stmcufinder\plugins\mcufinder//mcu/cs/
2025-02-18 09:03:11,344 [INFO] MainPanel:272 - HeapMemory: 268435456
2025-02-18 09:03:11,480 [INFO] DbMcusXml:78 - Set database path to: C:\ST\STM32CubeIDE_1.17.0\STM32CubeIDE\plugins\com.st.stm32cube.common.mx_6.13.0.202411220809\\db\/mcu/
2025-02-18 09:03:11,480 [INFO] ApiDb:274 - Set plugin database path to: C:\ST\STM32CubeIDE_1.17.0\STM32CubeIDE\plugins\com.st.stm32cube.common.mx_6.13.0.202411220809\\db\/plugins/boardmanager/
2025-02-18 09:03:11,481 [INFO] ApiDb:261 - Set plugin images path to: C:\ST\STM32CubeIDE_1.17.0\STM32CubeIDE\plugins\com.st.stm32cube.common.mx_6.13.0.202411220809\\db\/plugins/mcufinder/images/
2025-02-18 09:03:11,482 [WARN] DbFile:41 - Overriding database path with different value: C:\Users\raj\.stmcufinder\plugins\mcufinder/ => C:\Users\raj\.stmcufinder\plugins\mcufinder
2025-02-18 09:03:11,482 [INFO] ApiDb:250 - Set database path to: C:\Users\raj\.stmcufinder\plugins\mcufinder//mcu/
2025-02-18 09:03:11,482 [WARN] DbFile:41 - Overriding database path with different value: C:\Users\raj\.stmcufinder\plugins\mcufinder/ => C:\Users\raj\.stmcufinder\plugins\mcufinder
2025-02-18 09:03:11,482 [INFO] DbMcusAds:125 - Set database path to: C:\Users\raj\.stmcufinder\plugins\mcufinder//mcu/
2025-02-18 09:03:11,482 [WARN] DbFile:41 - Overriding database path with different value: C:\Users\raj\.stmcufinder\plugins\mcufinder/ => C:\Users\raj\.stmcufinder\plugins\mcufinder
2025-02-18 09:03:11,482 [WARN] DbFile:41 - Overriding database path with different value: C:\Users\raj\.stmcufinder\plugins\mcufinder/ => C:\Users\raj\.stmcufinder\plugins\mcufinder
2025-02-18 09:03:11,482 [INFO] CrossReferenceDbSqlite:203 - Set database path to: C:\Users\raj\.stmcufinder\plugins\mcufinder//mcu/cs/
2025-02-18 09:03:11,499 [INFO] ApplicationProperties:184 - Using Application install path: C:\ST\STM32CubeIDE_1.17.0\STM32CubeIDE\plugins\com.st.stm32cube.common.mx_6.13.0.202411220809
2025-02-18 09:03:11,500 [INFO] PluginManage:196 - Search for loadable plugins [exclusion list=, ]
2025-02-18 09:03:11,501 [INFO] PluginManage:310 - Check plugin analytics
2025-02-18 09:03:11,708 [INFO] AnalyticsPlugin:253 - Accepted Software Licenses: 
2025-02-18 09:03:11,708 [INFO] AnalyticsPlugin:255 - Accepted CMSIS Pack Licenses: 
2025-02-18 09:03:11,708 [INFO] AnalyticsPlugin:257 - Accepted Firmware Licenses: FW.L4.1.18.0
2025-02-18 09:03:11,711 [INFO] PluginManage:359 - Loaded plugin analytics (category:tool,tabindex:-1)
2025-02-18 09:03:11,711 [INFO] PluginManage:310 - Check plugin cadmodel
2025-02-18 09:03:11,732 [INFO] CADModel:105 - Init CAD model plugin
2025-02-18 09:03:11,732 [INFO] PluginManage:359 - Loaded plugin cadmodel (category:power,tabindex:5)
2025-02-18 09:03:11,732 [INFO] PluginManage:310 - Check plugin clock
2025-02-18 09:03:11,754 [INFO] PluginManage:359 - Loaded plugin clock (category:base,tabindex:2)
2025-02-18 09:03:11,754 [INFO] PluginManage:310 - Check plugin ddr
2025-02-18 09:03:11,757 [INFO] PluginManage:359 - Loaded plugin ddr (category:tool,tabindex:6)
2025-02-18 09:03:11,757 [INFO] PluginManage:310 - Check plugin filemanager
2025-02-18 09:03:11,988 [INFO] PluginManage:359 - Loaded plugin filemanager (category:base,tabindex:10)
2025-02-18 09:03:11,988 [INFO] PluginManage:310 - Check plugin ipmanager
2025-02-18 09:03:11,998 [INFO] PluginManage:359 - Loaded plugin ipmanager (category:base,tabindex:5)
2025-02-18 09:03:11,998 [INFO] PluginManage:310 - Check plugin lpbam
2025-02-18 09:03:12,016 [INFO] PluginManage:359 - Loaded plugin lpbam (category:base,tabindex:0)
2025-02-18 09:03:12,016 [INFO] PluginManage:310 - Check plugin memorymap
2025-02-18 09:03:12,037 [INFO] PluginManage:359 - Loaded plugin memorymap (category:base,tabindex:4)
2025-02-18 09:03:12,037 [INFO] PluginManage:310 - Check plugin pinoutandconfiguration
2025-02-18 09:03:12,055 [INFO] PluginManage:359 - Loaded plugin pinoutandconfiguration (category:base,tabindex:1)
2025-02-18 09:03:12,055 [INFO] PluginManage:310 - Check plugin pinoutconfig
2025-02-18 09:03:12,140 [WARN] SupportedApi:132 - Cannot load RTOS API schema: s4s-elt-must-match.1: The content of 'definitions' must match (annotation?, (simpleType | complexType)?, (unique | key | keyref)*)). A problem was found starting at: attribute.
2025-02-18 09:03:12,248 [INFO] PluginManage:359 - Loaded plugin pinoutconfig (category:base,tabindex:0)
2025-02-18 09:03:12,248 [INFO] PluginManage:310 - Check plugin power
2025-02-18 09:03:12,266 [INFO] PluginManage:359 - Loaded plugin power (category:power,tabindex:4)
2025-02-18 09:03:12,267 [INFO] PluginManage:310 - Check plugin projectmanager
2025-02-18 09:03:12,284 [INFO] PluginManage:359 - Loaded plugin projectmanager (category:projectmanager,tabindex:4)
2025-02-18 09:03:12,284 [INFO] PluginManage:310 - Check plugin rif
2025-02-18 09:03:12,302 [INFO] PluginManage:359 - Loaded plugin rif (category:base,tabindex:3)
2025-02-18 09:03:12,302 [INFO] PluginManage:310 - Check plugin thirdparty
2025-02-18 09:03:12,584 [INFO] PluginManage:359 - Loaded plugin thirdparty (category:base,tabindex:-1)
2025-02-18 09:03:12,584 [WARN] IntegrityCheckThread:84 - waiting for thirdparty lock release [integrity check]
2025-02-18 09:03:12,585 [INFO] PluginManage:310 - Check plugin tools
2025-02-18 09:03:12,585 [INFO] IntegrityCheckThread:86 - entering critical section [integrity check]
2025-02-18 09:03:12,585 [INFO] ThirdPartyUpdaterWithRetryManager:70 - Updater plugin not ready yet. [1/15]
2025-02-18 09:03:12,619 [INFO] PluginManage:359 - Loaded plugin tools (category:base,tabindex:7)
2025-02-18 09:03:12,619 [INFO] PluginManage:310 - Check plugin tutovideos
2025-02-18 09:03:12,833 [INFO] PluginManage:359 - Loaded plugin tutovideos (category:base,tabindex:-1)
2025-02-18 09:03:12,833 [INFO] PluginManage:310 - Check plugin updater
2025-02-18 09:03:12,852 [INFO] PluginManage:359 - Loaded plugin updater (category:base,tabindex:12)
2025-02-18 09:03:12,852 [INFO] PluginManage:310 - Check plugin userauth
2025-02-18 09:03:12,857 [INFO] UserAuth:118 - Init User Auth plugin
2025-02-18 09:03:12,858 [INFO] PluginManage:359 - Loaded plugin userauth (category:base,tabindex:14)
2025-02-18 09:03:12,859 [INFO] PluginManage:283 - PluginManage : Loaded plugins [18]
2025-02-18 09:03:13,079 [INFO] PinOutPanel:1589 - setPackage(No Configuration,No Configuration)
2025-02-18 09:03:13,144 [INFO] CADModel:165 - CPN selected for project level
2025-02-18 09:03:13,144 [INFO] CADModel:114 - Register for checkConnection events
2025-02-18 09:03:13,179 [INFO] IPUIPlugin:80 - create IPUIPlugin
2025-02-18 09:03:13,180 [INFO] PluginManager:220 - loadIPPluginJar : add adc
2025-02-18 09:03:13,216 [INFO] IPUIPlugin:80 - create IPUIPlugin
2025-02-18 09:03:13,216 [INFO] PluginManager:220 - loadIPPluginJar : add aes
2025-02-18 09:03:13,268 [INFO] IPUIPlugin:80 - create IPUIPlugin
2025-02-18 09:03:13,269 [INFO] PluginManager:220 - loadIPPluginJar : add can
2025-02-18 09:03:13,299 [INFO] IPUIPlugin:80 - create IPUIPlugin
2025-02-18 09:03:13,299 [INFO] PluginManager:220 - loadIPPluginJar : add comp
2025-02-18 09:03:13,338 [INFO] IPUIPlugin:80 - create IPUIPlugin
2025-02-18 09:03:13,338 [INFO] PluginManager:220 - loadIPPluginJar : add cryp
2025-02-18 09:03:13,355 [INFO] IPUIPlugin:80 - create IPUIPlugin
2025-02-18 09:03:13,355 [INFO] PluginManager:220 - loadIPPluginJar : add ddr_ctrl_phy
2025-02-18 09:03:13,395 [INFO] IPUIPlugin:80 - create IPUIPlugin
2025-02-18 09:03:13,395 [INFO] PluginManager:220 - loadIPPluginJar : add dfsdm
2025-02-18 09:03:13,412 [INFO] IPUIPlugin:80 - create IPUIPlugin
2025-02-18 09:03:13,413 [INFO] PluginManager:220 - loadIPPluginJar : add dma
2025-02-18 09:03:13,472 [INFO] IPUIPlugin:80 - create IPUIPlugin
2025-02-18 09:03:13,473 [INFO] PluginManager:220 - loadIPPluginJar : add dma3
2025-02-18 09:03:13,571 [INFO] IPUIPlugin:80 - create IPUIPlugin
2025-02-18 09:03:13,571 [INFO] PluginManager:220 - loadIPPluginJar : add extmemmanager
2025-02-18 09:03:13,604 [INFO] IPUIPlugin:80 - create IPUIPlugin
2025-02-18 09:03:13,604 [INFO] PluginManager:220 - loadIPPluginJar : add fatfs
2025-02-18 09:03:13,730 [INFO] IPUIPlugin:80 - create IPUIPlugin
2025-02-18 09:03:13,730 [INFO] PluginManager:220 - loadIPPluginJar : add fmc
2025-02-18 09:03:13,781 [INFO] IPUIPlugin:80 - create IPUIPlugin
2025-02-18 09:03:13,783 [INFO] PluginManager:220 - loadIPPluginJar : add freertos
2025-02-18 09:03:13,865 [INFO] IPUIPlugin:80 - create IPUIPlugin
2025-02-18 09:03:13,866 [INFO] PluginManager:220 - loadIPPluginJar : add genericplugin
2025-02-18 09:03:14,154 [INFO] IPUIPlugin:80 - create IPUIPlugin
2025-02-18 09:03:14,154 [INFO] PluginManager:220 - loadIPPluginJar : add gfxmmu
