../Core/Src/main.c:129:5:main	8	static
../Core/Src/main.c:184:6:SystemClock_Config	160	static
../Core/Src/main.c:231:13:MX_USART2_UART_Init	8	static
../Core/Src/main.c:266:13:MX_GPIO_Init	48	static
../Core/Src/main.c:321:6:send_to_lcd	16	static
../Core/Src/main.c:342:6:lcd_send_cmd	24	static
../Core/Src/main.c:353:6:lcd_send_data	24	static
../Core/Src/main.c:365:6:lcd_put_cur	16	static
../Core/Src/main.c:379:6:lcd_init	8	static
../Core/Src/main.c:404:6:lcd_send_string	16	static
../Core/Src/main.c:414:6:Error_Handler	4	static,ignoring_inline_asm
