../Core/Src/main.c:129:5:main	8	static
../Core/Src/main.c:183:6:SystemClock_Config	160	static
../Core/Src/main.c:230:13:MX_USART2_UART_Init	8	static
../Core/Src/main.c:265:13:MX_GPIO_Init	48	static
../Core/Src/main.c:320:6:send_to_lcd	16	static
../Core/Src/main.c:341:6:lcd_send_cmd	24	static
../Core/Src/main.c:352:6:lcd_send_data	24	static
../Core/Src/main.c:364:6:lcd_put_cur	16	static
../Core/Src/main.c:378:6:lcd_init	8	static
../Core/Src/main.c:403:6:lcd_send_string	16	static
../Core/Src/main.c:413:6:Error_Handler	4	static,ignoring_inline_asm
