11:45:04 **** Incremental Build of configuration Debug for project battery ****
make -j12 all 
arm-none-eabi-gcc "../Core/Src/main.c" -mcpu=cortex-m4 -std=gnu11 -g3 -DDEBUG -DUSE_HAL_DRIVER -DSTM32L476xx -c -I../Core/Inc -I../Drivers/STM32L4xx_HAL_Driver/Inc -I../Drivers/STM32L4xx_HAL_Driver/Inc/Legacy -I../Drivers/CMSIS/Device/ST/STM32L4xx/Include -I../Drivers/CMSIS/Include -O0 -ffunction-sections -fdata-sections -Wall -fstack-usage -fcyclomatic-complexity -MMD -MP -MF"Core/Src/main.d" -MT"Core/Src/main.o" --specs=nano.specs -mfpu=fpv4-sp-d16 -mfloat-abi=hard -mthumb -o "Core/Src/main.o"
arm-none-eabi-gcc -o "battery.elf" @"objects.list"   -mcpu=cortex-m4 -T"C:\Users\raj\Project\Project\Test\Battery\battery\STM32L476RGTX_FLASH.ld" --specs=nosys.specs -Wl,-Map="battery.map" -Wl,--gc-sections -static --specs=nano.specs -mfpu=fpv4-sp-d16 -mfloat-abi=hard -mthumb -u _printf_float -u _scanf_float -Wl,--start-group -lc -lm -Wl,--end-group
Finished building target: battery.elf
 
arm-none-eabi-size  battery.elf 
arm-none-eabi-objdump -h -S battery.elf  > "battery.list"
   text	   data	    bss	    dec	    hex	filename
  39316	    468	   2188	  41972	   a3f4	battery.elf
Finished building: default.size.stdout
 
Finished building: battery.list
 

11:45:05 Build Finished. 0 errors, 0 warnings. (took 899ms)

