../Core/Src/main.c:114:5:main	8	static
../Core/Src/main.c:169:6:SystemClock_Config	160	static
../Core/Src/main.c:217:13:MX_I2C2_Init	8	static
../Core/Src/main.c:265:13:MX_USART2_UART_Init	8	static
../Core/Src/main.c:300:13:MX_GPIO_Init	48	static
../Core/Src/main.c:335:6:lcd_send_cmd	32	static
../Core/Src/main.c:360:6:lcd_send_data	32	static
../Core/Src/main.c:386:6:lcd_init	8	static
../Core/Src/main.c:403:6:lcd_send_string	16	static
../Core/Src/main.c:408:6:lcd_put_cur	16	static
../Core/Src/main.c:428:6:Error_Handler	4	static,ignoring_inline_asm
