../Core/Src/main.c:77:5:main	64	static
../Core/Src/main.c:142:6:SystemClock_Config	96	static
../Core/Src/main.c:192:13:MX_I2C1_Init	8	static
../Core/Src/main.c:240:13:MX_USART2_UART_Init	8	static
../Core/Src/main.c:275:13:MX_GPIO_Init	48	static
../Core/Src/main.c:329:6:INA219_WriteRegister	32	static
../Core/Src/main.c:342:10:INA219_ReadRegister	32	static
../Core/Src/main.c:352:6:INA219_SetCalibration	16	static
../Core/Src/main.c:365:7:INA219_GetCurrent	16	static
../Core/Src/main.c:378:7:INA219_GetBusVoltage	16	static
../Core/Src/main.c:391:7:INA219_GetPower	16	static
../Core/Src/main.c:404:6:Error_Handler	4	static,ignoring_inline_asm
