../Core/Src/main.c:77:5:main	3
../Core/Src/main.c:142:6:SystemClock_Config	4
../Core/Src/main.c:192:13:MX_I2C1_Init	4
../Core/Src/main.c:240:13:MX_USART2_UART_Init	2
../Core/Src/main.c:275:13:MX_GPIO_Init	1
../Core/Src/main.c:329:6:INA219_WriteRegister	1
../Core/Src/main.c:342:10:INA219_ReadRegister	1
../Core/Src/main.c:352:6:INA219_SetCalibration	1
../Core/Src/main.c:365:7:INA219_GetCurrent	1
../Core/Src/main.c:378:7:INA219_GetBusVoltage	1
../Core/Src/main.c:391:7:INA219_GetPower	1
../Core/Src/main.c:404:6:Error_Handler	1
