13:28:51 **** Incremental Build of configuration Debug for project 2025_02_20_Fast_AquaM60_test ****
make -j12 all 
arm-none-eabi-gcc "../Core/Src/main.c" -mcpu=cortex-m4 -std=gnu11 -g3 -DDEBUG -DUSE_HAL_DRIVER -DSTM32F303xE -c -I../Core/Inc -I../Drivers/STM32F3xx_HAL_Driver/Inc -I../Drivers/STM32F3xx_HAL_Driver/Inc/Legacy -I../Drivers/CMSIS/Device/ST/STM32F3xx/Include -I../Drivers/CMSIS/Include -O0 -ffunction-sections -fdata-sections -Wall -fstack-usage -fcyclomatic-complexity -MMD -MP -MF"Core/Src/main.d" -MT"Core/Src/main.o" --specs=nano.specs -mfpu=fpv4-sp-d16 -mfloat-abi=hard -mthumb -o "Core/Src/main.o"
arm-none-eabi-gcc -o "2025_02_20_Fast_AquaM60_test.elf" @"objects.list"   -mcpu=cortex-m4 -T"C:\Users\raj\Project\Project\Test\Aqua_M60\2025_02_20_Fast_AquaM60_test\STM32F303RETX_FLASH.ld" --specs=nosys.specs -Wl,-Map="2025_02_20_Fast_AquaM60_test.map" -Wl,--gc-sections -static --specs=nano.specs -mfpu=fpv4-sp-d16 -mfloat-abi=hard -mthumb -Wl,--start-group -lc -lm -Wl,--end-group
Finished building target: 2025_02_20_Fast_AquaM60_test.elf
 
arm-none-eabi-size  2025_02_20_Fast_AquaM60_test.elf 
arm-none-eabi-objdump -h -S 2025_02_20_Fast_AquaM60_test.elf  > "2025_02_20_Fast_AquaM60_test.list"
   text	   data	    bss	    dec	    hex	filename
  27624	     92	   2532	  30248	   7628	2025_02_20_Fast_AquaM60_test.elf
Finished building: default.size.stdout
 
Finished building: 2025_02_20_Fast_AquaM60_test.list
 
13:28:58 **** Incremental Build of configuration Debug for project 2025_02_20_Fast_AquaM60_test ****
make -j12 all 
arm-none-eabi-size  2025_02_20_Fast_AquaM60_test.elf 
   text	   data	    bss	    dec	    hex	filename
  27624	     92	   2532	  30248	   7628	2025_02_20_Fast_AquaM60_test.elf
Finished building: default.size.stdout
 
