09:17:49 **** Incremental Build of configuration Debug for project LED ****
make -j12 all 
arm-none-eabi-gcc "../Core/Src/main.c" -mcpu=cortex-m4 -std=gnu11 -g3 -DDEBUG -DUSE_HAL_DRIVER -DSTM32F303xE -c -I../Core/Inc -I../Drivers/STM32F3xx_HAL_Driver/Inc -I../Drivers/STM32F3xx_HAL_Driver/Inc/Legacy -I../Drivers/CMSIS/Device/ST/STM32F3xx/Include -I../Drivers/CMSIS/Include -O0 -ffunction-sections -fdata-sections -Wall -fstack-usage -fcyclomatic-complexity -MMD -MP -MF"Core/Src/main.d" -MT"Core/Src/main.o" --specs=nano.specs -mfpu=fpv4-sp-d16 -mfloat-abi=hard -mthumb -o "Core/Src/main.o"
arm-none-eabi-gcc -o "LED.elf" @"objects.list"   -mcpu=cortex-m4 -T"C:\Users\raj\Project\Project\Test\LED_Messung\LED\STM32F303RETX_FLASH.ld" --specs=nosys.specs -Wl,-Map="LED.map" -Wl,--gc-sections -static --specs=nano.specs -mfpu=fpv4-sp-d16 -mfloat-abi=hard -mthumb -Wl,--start-group -lc -lm -Wl,--end-group
Finished building target: LED.elf
 
arm-none-eabi-size  LED.elf 
arm-none-eabi-objdump -h -S LED.elf  > "LED.list"
   text	   data	    bss	    dec	    hex	filename
  19508	     92	   2116	  21716	   54d4	LED.elf
Finished building: default.size.stdout
 
Finished building: LED.list
 

09:17:51 Build Finished. 0 errors, 0 warnings. (took 2s.249ms)

