14:37:36 **** Incremental Build of configuration Debug for project disp_I2C ****
make -j12 all 
arm-none-eabi-gcc "../Core/Src/main.c" -mcpu=cortex-m4 -std=gnu11 -g3 -DDEBUG -DUSE_HAL_DRIVER -DSTM32F303xE -c -I../Core/Inc -I../Drivers/STM32F3xx_HAL_Driver/Inc -I../Drivers/STM32F3xx_HAL_Driver/Inc/Legacy -I../Drivers/CMSIS/Device/ST/STM32F3xx/Include -I../Drivers/CMSIS/Include -O0 -ffunction-sections -fdata-sections -Wall -fstack-usage -fcyclomatic-complexity -MMD -MP -MF"Core/Src/main.d" -MT"Core/Src/main.o" --specs=nano.specs -mfpu=fpv4-sp-d16 -mfloat-abi=hard -mthumb -o "Core/Src/main.o"
arm-none-eabi-gcc -o "disp_I2C.elf" @"objects.list"   -mcpu=cortex-m4 -T"C:\Users\raj\Project\Project\Test\Disp_I2C\disp_I2C\STM32F303RETX_FLASH.ld" --specs=nosys.specs -Wl,-Map="disp_I2C.map" -Wl,--gc-sections -static --specs=nano.specs -mfpu=fpv4-sp-d16 -mfloat-abi=hard -mthumb -Wl,--start-group -lc -lm -Wl,--end-group
Finished building target: disp_I2C.elf
 
arm-none-eabi-size  disp_I2C.elf 
arm-none-eabi-objdump -h -S disp_I2C.elf  > "disp_I2C.list"
   text	   data	    bss	    dec	    hex	filename
  15056	     12	   1788	  16856	   41d8	disp_I2C.elf
Finished building: default.size.stdout
 
Finished building: disp_I2C.list
 
14:37:46 **** Incremental Build of configuration Debug for project disp_I2C ****
make -j12 all 
arm-none-eabi-size  disp_I2C.elf 
   text	   data	    bss	    dec	    hex	filename
  15056	     12	   1788	  16856	   41d8	disp_I2C.elf
Finished building: default.size.stdout
 
14:38:59 **** Incremental Build of configuration Debug for project disp_I2C ****
make -j12 all 
arm-none-eabi-gcc "../Core/Src/main.c" -mcpu=cortex-m4 -std=gnu11 -g3 -DDEBUG -DUSE_HAL_DRIVER -DSTM32F303xE -c -I../Core/Inc -I../Drivers/STM32F3xx_HAL_Driver/Inc -I../Drivers/STM32F3xx_HAL_Driver/Inc/Legacy -I../Drivers/CMSIS/Device/ST/STM32F3xx/Include -I../Drivers/CMSIS/Include -O0 -ffunction-sections -fdata-sections -Wall -fstack-usage -fcyclomatic-complexity -MMD -MP -MF"Core/Src/main.d" -MT"Core/Src/main.o" --specs=nano.specs -mfpu=fpv4-sp-d16 -mfloat-abi=hard -mthumb -o "Core/Src/main.o"
arm-none-eabi-gcc -o "disp_I2C.elf" @"objects.list"   -mcpu=cortex-m4 -T"C:\Users\raj\Project\Project\Test\Disp_I2C\disp_I2C\STM32F303RETX_FLASH.ld" --specs=nosys.specs -Wl,-Map="disp_I2C.map" -Wl,--gc-sections -static --specs=nano.specs -mfpu=fpv4-sp-d16 -mfloat-abi=hard -mthumb -Wl,--start-group -lc -lm -Wl,--end-group
Finished building target: disp_I2C.elf
 
arm-none-eabi-size  disp_I2C.elf 
arm-none-eabi-objdump -h -S disp_I2C.elf  > "disp_I2C.list"
   text	   data	    bss	    dec	    hex	filename
  15000	     12	   1788	  16800	   41a0	disp_I2C.elf
Finished building: default.size.stdout
 
Finished building: disp_I2C.list
 
15:54:08 **** Incremental Build of configuration Debug for project disp_I2C ****
make -j12 all 
arm-none-eabi-size  disp_I2C.elf 
   text	   data	    bss	    dec	    hex	filename
  15000	     12	   1788	  16800	   41a0	disp_I2C.elf
Finished building: default.size.stdout
 
15:54:34 **** Incremental Build of configuration Debug for project disp_I2C ****
make -j12 all 
arm-none-eabi-size  disp_I2C.elf 
   text	   data	    bss	    dec	    hex	filename
  15000	     12	   1788	  16800	   41a0	disp_I2C.elf
Finished building: default.size.stdout
 
16:29:40 **** Incremental Build of configuration Debug for project disp_I2C ****
make -j12 all 
arm-none-eabi-gcc "../Core/Src/main.c" -mcpu=cortex-m4 -std=gnu11 -g3 -DDEBUG -DUSE_HAL_DRIVER -DSTM32F303xE -c -I../Core/Inc -I../Drivers/STM32F3xx_HAL_Driver/Inc -I../Drivers/STM32F3xx_HAL_Driver/Inc/Legacy -I../Drivers/CMSIS/Device/ST/STM32F3xx/Include -I../Drivers/CMSIS/Include -O0 -ffunction-sections -fdata-sections -Wall -fstack-usage -fcyclomatic-complexity -MMD -MP -MF"Core/Src/main.d" -MT"Core/Src/main.o" --specs=nano.specs -mfpu=fpv4-sp-d16 -mfloat-abi=hard -mthumb -o "Core/Src/main.o"
arm-none-eabi-gcc -o "disp_I2C.elf" @"objects.list"   -mcpu=cortex-m4 -T"C:\Users\raj\Project\Project\Test\Disp_I2C\disp_I2C\STM32F303RETX_FLASH.ld" --specs=nosys.specs -Wl,-Map="disp_I2C.map" -Wl,--gc-sections -static --specs=nano.specs -mfpu=fpv4-sp-d16 -mfloat-abi=hard -mthumb -Wl,--start-group -lc -lm -Wl,--end-group
Finished building target: disp_I2C.elf
 
arm-none-eabi-size  disp_I2C.elf 
arm-none-eabi-objdump -h -S disp_I2C.elf  > "disp_I2C.list"
   text	   data	    bss	    dec	    hex	filename
  14964	     12	   1788	  16764	   417c	disp_I2C.elf
Finished building: default.size.stdout
 
Finished building: disp_I2C.list
 
16:30:07 **** Incremental Build of configuration Debug for project disp_I2C ****
make -j12 all 
arm-none-eabi-gcc "../Core/Src/main.c" -mcpu=cortex-m4 -std=gnu11 -g3 -DDEBUG -DUSE_HAL_DRIVER -DSTM32F303xE -c -I../Core/Inc -I../Drivers/STM32F3xx_HAL_Driver/Inc -I../Drivers/STM32F3xx_HAL_Driver/Inc/Legacy -I../Drivers/CMSIS/Device/ST/STM32F3xx/Include -I../Drivers/CMSIS/Include -O0 -ffunction-sections -fdata-sections -Wall -fstack-usage -fcyclomatic-complexity -MMD -MP -MF"Core/Src/main.d" -MT"Core/Src/main.o" --specs=nano.specs -mfpu=fpv4-sp-d16 -mfloat-abi=hard -mthumb -o "Core/Src/main.o"
arm-none-eabi-gcc -o "disp_I2C.elf" @"objects.list"   -mcpu=cortex-m4 -T"C:\Users\raj\Project\Project\Test\Disp_I2C\disp_I2C\STM32F303RETX_FLASH.ld" --specs=nosys.specs -Wl,-Map="disp_I2C.map" -Wl,--gc-sections -static --specs=nano.specs -mfpu=fpv4-sp-d16 -mfloat-abi=hard -mthumb -Wl,--start-group -lc -lm -Wl,--end-group
Finished building target: disp_I2C.elf
 
arm-none-eabi-size  disp_I2C.elf 
arm-none-eabi-objdump -h -S disp_I2C.elf  > "disp_I2C.list"
   text	   data	    bss	    dec	    hex	filename
  14964	     12	   1788	  16764	   417c	disp_I2C.elf
Finished building: default.size.stdout
 
Finished building: disp_I2C.list
 
16:31:01 **** Incremental Build of configuration Debug for project disp_I2C ****
make -j12 all 
arm-none-eabi-size  disp_I2C.elf 
   text	   data	    bss	    dec	    hex	filename
  14964	     12	   1788	  16764	   417c	disp_I2C.elf
Finished building: default.size.stdout
 
